2026-09-01 14:45:08,356 INFO     home-timeline-service  Connecting to Redis at localhost:6385 db=0
2026-09-01 14:45:08,357 INFO     home-timeline-service  Setting up PostStorageService pool at localhost:9096
2026-09-01 14:45:08,357 INFO     home-timeline-service  Setting up SocialGraphService pool at localhost:9097
2026-09-01 14:45:08,625 INFO     jaeger_tracing  Initializing Jaeger Tracer with UDP reporter
2026-09-01 14:45:08,723 INFO     jaeger_tracing  Using sampler ConstSampler(True)
2026-09-01 14:45:08,732 INFO     jaeger_tracing  opentracing.tracer initialized to <jaeger_client.tracer.Tracer object at 0x7d2f3f57bbb0>[app_name=home-timeline-service]
2026-09-01 14:45:08,732 INFO     home-timeline-service.tracing  Jaeger tracer initialised service=home-timeline-service agent=jaeger-agent:6831
2026-09-01 14:45:08,733 INFO     home-timeline-service  HomeTimelineService starting on port 9099
2026-09-01 14:45:08,733 INFO     home-timeline-service  HomeTimelineService ready
2026-09-01 16:01:35,363 INFO     home-timeline-service  

-------------------- WriteHomeTimeline new Request req_id=1 user_id=702895 post_id=600001


2026-09-01 16:01:35,373 INFO     home-timeline-service  GetFollowers req_id=1 user_id=702895 -> 0 followers took 0.009 sec
2026-09-01 16:01:35,375 INFO     home-timeline-service  WriteHomeTimeline req_id=1 post_id=600001 fanout to 1 targets, totally took 0.012 sec
2026-09-01 16:01:35,378 INFO     home-timeline-service  

-------------------- WriteHomeTimeline new Request req_id=2 user_id=702895 post_id=600002


2026-09-01 16:01:35,381 INFO     home-timeline-service  GetFollowers req_id=2 user_id=702895 -> 0 followers took 0.003 sec
2026-09-01 16:01:35,383 INFO     home-timeline-service  WriteHomeTimeline req_id=2 post_id=600002 fanout to 1 targets, totally took 0.005 sec
2026-09-01 16:01:35,384 INFO     home-timeline-service  

-------------------- WriteHomeTimeline new Request req_id=3 user_id=702895 post_id=600003


2026-09-01 16:01:35,389 INFO     home-timeline-service  GetFollowers req_id=3 user_id=702895 -> 0 followers took 0.005 sec
2026-09-01 16:01:35,391 INFO     home-timeline-service  WriteHomeTimeline req_id=3 post_id=600003 fanout to 1 targets, totally took 0.007 sec
2026-09-01 16:01:35,393 INFO     home-timeline-service  

-------------------- WriteHomeTimeline new Request req_id=4 user_id=702895 post_id=600004


2026-09-01 16:01:35,396 INFO     home-timeline-service  GetFollowers req_id=4 user_id=702895 -> 0 followers took 0.003 sec
2026-09-01 16:01:35,397 INFO     home-timeline-service  WriteHomeTimeline req_id=4 post_id=600004 fanout to 1 targets, totally took 0.004 sec
2026-09-01 16:01:35,398 INFO     home-timeline-service  

-------------------- WriteHomeTimeline new Request req_id=5 user_id=702895 post_id=600005


2026-09-01 16:01:35,401 INFO     home-timeline-service  GetFollowers req_id=5 user_id=702895 -> 0 followers took 0.003 sec
2026-09-01 16:01:35,402 INFO     home-timeline-service  WriteHomeTimeline req_id=5 post_id=600005 fanout to 1 targets, totally took 0.004 sec
2026-09-01 16:01:35,403 INFO     home-timeline-service  

-------------------- WriteHomeTimeline new Request req_id=6 user_id=702895 post_id=600006


2026-09-01 16:01:35,405 INFO     home-timeline-service  GetFollowers req_id=6 user_id=702895 -> 0 followers took 0.002 sec
2026-09-01 16:01:35,405 INFO     home-timeline-service  WriteHomeTimeline req_id=6 post_id=600006 fanout to 1 targets, totally took 0.003 sec
2026-09-01 16:01:35,406 INFO     home-timeline-service  

-------------------- WriteHomeTimeline new Request req_id=7 user_id=702895 post_id=600007


2026-09-01 16:01:35,413 INFO     home-timeline-service  GetFollowers req_id=7 user_id=702895 -> 0 followers took 0.007 sec
2026-09-01 16:01:35,414 INFO     home-timeline-service  WriteHomeTimeline req_id=7 post_id=600007 fanout to 1 targets, totally took 0.008 sec
2026-09-01 16:01:35,415 INFO     home-timeline-service  

-------------------- WriteHomeTimeline new Request req_id=8 user_id=702895 post_id=600008


2026-09-01 16:01:35,418 INFO     home-timeline-service  GetFollowers req_id=8 user_id=702895 -> 0 followers took 0.003 sec
2026-09-01 16:01:35,418 INFO     home-timeline-service  WriteHomeTimeline req_id=8 post_id=600008 fanout to 1 targets, totally took 0.003 sec
2026-09-01 16:01:35,419 INFO     home-timeline-service  

-------------------- WriteHomeTimeline new Request req_id=9 user_id=702895 post_id=600009


2026-09-01 16:01:35,422 INFO     home-timeline-service  GetFollowers req_id=9 user_id=702895 -> 0 followers took 0.002 sec
2026-09-01 16:01:35,422 INFO     home-timeline-service  WriteHomeTimeline req_id=9 post_id=600009 fanout to 1 targets, totally took 0.003 sec
2026-09-01 16:01:35,430 INFO     home-timeline-service  

-------------------- WriteHomeTimeline new Request req_id=10 user_id=702895 post_id=600010


2026-09-01 16:01:35,434 INFO     home-timeline-service  GetFollowers req_id=10 user_id=702895 -> 0 followers took 0.004 sec
2026-09-01 16:01:35,435 INFO     home-timeline-service  WriteHomeTimeline req_id=10 post_id=600010 fanout to 1 targets, totally took 0.005 sec
2026-09-01 16:01:35,436 INFO     home-timeline-service  

-------------------- WriteHomeTimeline new Request req_id=11 user_id=702895 post_id=600011


2026-09-01 16:01:35,442 INFO     home-timeline-service  GetFollowers req_id=11 user_id=702895 -> 0 followers took 0.006 sec
2026-09-01 16:01:35,443 INFO     home-timeline-service  WriteHomeTimeline req_id=11 post_id=600011 fanout to 1 targets, totally took 0.007 sec
2026-09-01 16:01:35,445 INFO     home-timeline-service  

-------------------- WriteHomeTimeline new Request req_id=12 user_id=702895 post_id=600012


2026-09-01 16:01:35,452 INFO     home-timeline-service  GetFollowers req_id=12 user_id=702895 -> 0 followers took 0.006 sec
2026-09-01 16:01:35,452 INFO     home-timeline-service  WriteHomeTimeline req_id=12 post_id=600012 fanout to 1 targets, totally took 0.007 sec
2026-09-01 16:01:35,454 INFO     home-timeline-service  

-------------------- WriteHomeTimeline new Request req_id=13 user_id=702895 post_id=600013


2026-09-01 16:01:35,456 INFO     home-timeline-service  GetFollowers req_id=13 user_id=702895 -> 0 followers took 0.002 sec
2026-09-01 16:01:35,456 INFO     home-timeline-service  WriteHomeTimeline req_id=13 post_id=600013 fanout to 1 targets, totally took 0.003 sec
2026-09-01 16:01:35,458 INFO     home-timeline-service  

-------------------- WriteHomeTimeline new Request req_id=14 user_id=702895 post_id=600014


2026-09-01 16:01:35,464 INFO     home-timeline-service  GetFollowers req_id=14 user_id=702895 -> 0 followers took 0.006 sec
2026-09-01 16:01:35,466 INFO     home-timeline-service  WriteHomeTimeline req_id=14 post_id=600014 fanout to 1 targets, totally took 0.008 sec
2026-09-01 16:01:35,468 INFO     home-timeline-service  

-------------------- WriteHomeTimeline new Request req_id=15 user_id=702895 post_id=600015


2026-09-01 16:01:35,473 INFO     home-timeline-service  GetFollowers req_id=15 user_id=702895 -> 0 followers took 0.005 sec
2026-09-01 16:01:35,474 INFO     home-timeline-service  WriteHomeTimeline req_id=15 post_id=600015 fanout to 1 targets, totally took 0.005 sec
2026-09-01 16:01:35,477 INFO     home-timeline-service  

-------------------- WriteHomeTimeline new Request req_id=16 user_id=702895 post_id=600016


2026-09-01 16:01:35,481 INFO     home-timeline-service  GetFollowers req_id=16 user_id=702895 -> 0 followers took 0.004 sec
2026-09-01 16:01:35,482 INFO     home-timeline-service  WriteHomeTimeline req_id=16 post_id=600016 fanout to 1 targets, totally took 0.005 sec
2026-09-01 16:01:35,483 INFO     home-timeline-service  

-------------------- WriteHomeTimeline new Request req_id=17 user_id=702895 post_id=600017


2026-09-01 16:01:35,485 INFO     home-timeline-service  GetFollowers req_id=17 user_id=702895 -> 0 followers took 0.002 sec
2026-09-01 16:01:35,486 INFO     home-timeline-service  WriteHomeTimeline req_id=17 post_id=600017 fanout to 1 targets, totally took 0.003 sec
2026-09-01 16:01:35,487 INFO     home-timeline-service  

-------------------- WriteHomeTimeline new Request req_id=18 user_id=702895 post_id=600018


2026-09-01 16:01:35,490 INFO     home-timeline-service  GetFollowers req_id=18 user_id=702895 -> 0 followers took 0.002 sec
2026-09-01 16:01:35,490 INFO     home-timeline-service  WriteHomeTimeline req_id=18 post_id=600018 fanout to 1 targets, totally took 0.003 sec
2026-09-01 16:01:35,493 INFO     home-timeline-service  

-------------------- WriteHomeTimeline new Request req_id=19 user_id=702895 post_id=600019


2026-09-01 16:01:35,498 INFO     home-timeline-service  GetFollowers req_id=19 user_id=702895 -> 0 followers took 0.004 sec
2026-09-01 16:01:35,498 INFO     home-timeline-service  WriteHomeTimeline req_id=19 post_id=600019 fanout to 1 targets, totally took 0.005 sec
2026-09-01 16:01:35,499 INFO     home-timeline-service  

-------------------- WriteHomeTimeline new Request req_id=20 user_id=702895 post_id=600020


2026-09-01 16:01:35,504 INFO     home-timeline-service  GetFollowers req_id=20 user_id=702895 -> 0 followers took 0.005 sec
2026-09-01 16:01:35,505 INFO     home-timeline-service  WriteHomeTimeline req_id=20 post_id=600020 fanout to 1 targets, totally took 0.006 sec
2026-09-01 16:01:35,506 INFO     home-timeline-service  

-------------------- WriteHomeTimeline new Request req_id=21 user_id=702895 post_id=600021


2026-09-01 16:01:35,510 INFO     home-timeline-service  GetFollowers req_id=21 user_id=702895 -> 0 followers took 0.004 sec
2026-09-01 16:01:35,511 INFO     home-timeline-service  WriteHomeTimeline req_id=21 post_id=600021 fanout to 1 targets, totally took 0.004 sec
2026-09-01 16:01:35,512 INFO     home-timeline-service  

-------------------- WriteHomeTimeline new Request req_id=22 user_id=702895 post_id=600022


2026-09-01 16:01:35,516 INFO     home-timeline-service  GetFollowers req_id=22 user_id=702895 -> 0 followers took 0.004 sec
2026-09-01 16:01:35,517 INFO     home-timeline-service  WriteHomeTimeline req_id=22 post_id=600022 fanout to 1 targets, totally took 0.005 sec
2026-09-01 16:01:35,518 INFO     home-timeline-service  

-------------------- WriteHomeTimeline new Request req_id=23 user_id=702895 post_id=600023


2026-09-01 16:01:35,521 INFO     home-timeline-service  GetFollowers req_id=23 user_id=702895 -> 0 followers took 0.003 sec
2026-09-01 16:01:35,522 INFO     home-timeline-service  WriteHomeTimeline req_id=23 post_id=600023 fanout to 1 targets, totally took 0.003 sec
2026-09-01 16:01:35,523 INFO     home-timeline-service  

-------------------- WriteHomeTimeline new Request req_id=24 user_id=702895 post_id=600024


2026-09-01 16:01:35,526 INFO     home-timeline-service  GetFollowers req_id=24 user_id=702895 -> 0 followers took 0.003 sec
2026-09-01 16:01:35,527 INFO     home-timeline-service  WriteHomeTimeline req_id=24 post_id=600024 fanout to 1 targets, totally took 0.004 sec
2026-09-01 16:01:35,529 INFO     home-timeline-service  

-------------------- WriteHomeTimeline new Request req_id=25 user_id=702895 post_id=600025


2026-09-01 16:01:35,531 INFO     home-timeline-service  GetFollowers req_id=25 user_id=702895 -> 0 followers took 0.002 sec
2026-09-01 16:01:35,532 INFO     home-timeline-service  WriteHomeTimeline req_id=25 post_id=600025 fanout to 1 targets, totally took 0.003 sec
2026-09-01 16:01:35,533 INFO     home-timeline-service  

-------------------- WriteHomeTimeline new Request req_id=26 user_id=702895 post_id=600026


2026-09-01 16:01:35,535 INFO     home-timeline-service  GetFollowers req_id=26 user_id=702895 -> 0 followers took 0.002 sec
2026-09-01 16:01:35,536 INFO     home-timeline-service  WriteHomeTimeline req_id=26 post_id=600026 fanout to 1 targets, totally took 0.003 sec
2026-09-01 16:01:35,536 INFO     home-timeline-service  

-------------------- WriteHomeTimeline new Request req_id=27 user_id=702895 post_id=600027


2026-09-01 16:01:35,538 INFO     home-timeline-service  GetFollowers req_id=27 user_id=702895 -> 0 followers took 0.002 sec
2026-09-01 16:01:35,539 INFO     home-timeline-service  WriteHomeTimeline req_id=27 post_id=600027 fanout to 1 targets, totally took 0.002 sec
2026-09-01 16:01:35,540 INFO     home-timeline-service  

-------------------- WriteHomeTimeline new Request req_id=28 user_id=702895 post_id=600028


2026-09-01 16:01:35,542 INFO     home-timeline-service  GetFollowers req_id=28 user_id=702895 -> 0 followers took 0.002 sec
2026-09-01 16:01:35,543 INFO     home-timeline-service  WriteHomeTimeline req_id=28 post_id=600028 fanout to 1 targets, totally took 0.003 sec
2026-09-01 16:01:35,545 INFO     home-timeline-service  

-------------------- WriteHomeTimeline new Request req_id=29 user_id=702895 post_id=600029


2026-09-01 16:01:35,553 INFO     home-timeline-service  GetFollowers req_id=29 user_id=702895 -> 0 followers took 0.008 sec
2026-09-01 16:01:35,553 INFO     home-timeline-service  WriteHomeTimeline req_id=29 post_id=600029 fanout to 1 targets, totally took 0.008 sec
2026-09-01 16:01:35,566 INFO     home-timeline-service  

-------------------- WriteHomeTimeline new Request req_id=30 user_id=702895 post_id=600030


2026-09-01 16:01:35,574 INFO     home-timeline-service  GetFollowers req_id=30 user_id=702895 -> 0 followers took 0.008 sec
2026-09-01 16:01:35,574 INFO     home-timeline-service  WriteHomeTimeline req_id=30 post_id=600030 fanout to 1 targets, totally took 0.009 sec
2026-09-01 16:01:35,577 INFO     home-timeline-service  

-------------------- WriteHomeTimeline new Request req_id=31 user_id=702895 post_id=600031


2026-09-01 16:01:35,582 INFO     home-timeline-service  GetFollowers req_id=31 user_id=702895 -> 0 followers took 0.004 sec
2026-09-01 16:01:35,582 INFO     home-timeline-service  WriteHomeTimeline req_id=31 post_id=600031 fanout to 1 targets, totally took 0.005 sec
2026-09-01 16:01:35,585 INFO     home-timeline-service  

-------------------- WriteHomeTimeline new Request req_id=32 user_id=702895 post_id=600032


2026-09-01 16:01:35,590 INFO     home-timeline-service  GetFollowers req_id=32 user_id=702895 -> 0 followers took 0.004 sec
2026-09-01 16:01:35,590 INFO     home-timeline-service  WriteHomeTimeline req_id=32 post_id=600032 fanout to 1 targets, totally took 0.005 sec
2026-09-01 16:01:35,595 INFO     home-timeline-service  

-------------------- WriteHomeTimeline new Request req_id=33 user_id=702895 post_id=600033


2026-09-01 16:01:35,600 INFO     home-timeline-service  GetFollowers req_id=33 user_id=702895 -> 0 followers took 0.004 sec
2026-09-01 16:01:35,600 INFO     home-timeline-service  WriteHomeTimeline req_id=33 post_id=600033 fanout to 1 targets, totally took 0.005 sec
2026-09-01 16:01:35,601 INFO     home-timeline-service  

-------------------- WriteHomeTimeline new Request req_id=34 user_id=702895 post_id=600034


2026-09-01 16:01:35,607 INFO     home-timeline-service  GetFollowers req_id=34 user_id=702895 -> 0 followers took 0.006 sec
2026-09-01 16:01:35,608 INFO     home-timeline-service  WriteHomeTimeline req_id=34 post_id=600034 fanout to 1 targets, totally took 0.006 sec
2026-09-01 16:01:35,610 INFO     home-timeline-service  

-------------------- WriteHomeTimeline new Request req_id=35 user_id=702895 post_id=600035


2026-09-01 16:01:35,617 INFO     home-timeline-service  GetFollowers req_id=35 user_id=702895 -> 0 followers took 0.007 sec
2026-09-01 16:01:35,618 INFO     home-timeline-service  WriteHomeTimeline req_id=35 post_id=600035 fanout to 1 targets, totally took 0.007 sec
2026-09-01 16:01:35,620 INFO     home-timeline-service  

-------------------- WriteHomeTimeline new Request req_id=36 user_id=702895 post_id=600036


2026-09-01 16:01:35,626 INFO     home-timeline-service  GetFollowers req_id=36 user_id=702895 -> 0 followers took 0.006 sec
2026-09-01 16:01:35,627 INFO     home-timeline-service  WriteHomeTimeline req_id=36 post_id=600036 fanout to 1 targets, totally took 0.007 sec
2026-09-01 16:01:35,628 INFO     home-timeline-service  

-------------------- WriteHomeTimeline new Request req_id=37 user_id=702895 post_id=600037


2026-09-01 16:01:35,635 INFO     home-timeline-service  GetFollowers req_id=37 user_id=702895 -> 0 followers took 0.006 sec
2026-09-01 16:01:35,635 INFO     home-timeline-service  WriteHomeTimeline req_id=37 post_id=600037 fanout to 1 targets, totally took 0.007 sec
2026-09-01 16:01:35,638 INFO     home-timeline-service  

-------------------- WriteHomeTimeline new Request req_id=38 user_id=702895 post_id=600038


2026-09-01 16:01:35,645 INFO     home-timeline-service  GetFollowers req_id=38 user_id=702895 -> 0 followers took 0.006 sec
2026-09-01 16:01:35,645 INFO     home-timeline-service  WriteHomeTimeline req_id=38 post_id=600038 fanout to 1 targets, totally took 0.007 sec
2026-09-01 16:01:35,647 INFO     home-timeline-service  

-------------------- WriteHomeTimeline new Request req_id=39 user_id=702895 post_id=600039


2026-09-01 16:01:35,652 INFO     home-timeline-service  GetFollowers req_id=39 user_id=702895 -> 0 followers took 0.004 sec
2026-09-01 16:01:35,652 INFO     home-timeline-service  WriteHomeTimeline req_id=39 post_id=600039 fanout to 1 targets, totally took 0.005 sec
2026-09-01 16:01:35,661 INFO     home-timeline-service  

-------------------- WriteHomeTimeline new Request req_id=40 user_id=702895 post_id=600040


2026-09-01 16:01:35,666 INFO     home-timeline-service  GetFollowers req_id=40 user_id=702895 -> 0 followers took 0.005 sec
2026-09-01 16:01:35,667 INFO     home-timeline-service  WriteHomeTimeline req_id=40 post_id=600040 fanout to 1 targets, totally took 0.006 sec
2026-09-01 16:01:35,669 INFO     home-timeline-service  

-------------------- WriteHomeTimeline new Request req_id=41 user_id=702895 post_id=600041


2026-09-01 16:01:35,675 INFO     home-timeline-service  GetFollowers req_id=41 user_id=702895 -> 0 followers took 0.005 sec
2026-09-01 16:01:35,675 INFO     home-timeline-service  WriteHomeTimeline req_id=41 post_id=600041 fanout to 1 targets, totally took 0.006 sec
2026-09-01 16:01:35,681 INFO     home-timeline-service  

-------------------- WriteHomeTimeline new Request req_id=42 user_id=702895 post_id=600042


2026-09-01 16:01:35,688 INFO     home-timeline-service  GetFollowers req_id=42 user_id=702895 -> 0 followers took 0.007 sec
2026-09-01 16:01:35,694 INFO     home-timeline-service  WriteHomeTimeline req_id=42 post_id=600042 fanout to 1 targets, totally took 0.013 sec
2026-09-01 16:01:35,696 INFO     home-timeline-service  

-------------------- WriteHomeTimeline new Request req_id=43 user_id=702895 post_id=600043


2026-09-01 16:01:35,704 INFO     home-timeline-service  GetFollowers req_id=43 user_id=702895 -> 0 followers took 0.008 sec
2026-09-01 16:01:35,704 INFO     home-timeline-service  WriteHomeTimeline req_id=43 post_id=600043 fanout to 1 targets, totally took 0.009 sec
2026-09-01 16:01:35,706 INFO     home-timeline-service  

-------------------- WriteHomeTimeline new Request req_id=44 user_id=702895 post_id=600044


2026-09-01 16:01:35,714 INFO     home-timeline-service  GetFollowers req_id=44 user_id=702895 -> 0 followers took 0.006 sec
2026-09-01 16:01:35,714 INFO     home-timeline-service  WriteHomeTimeline req_id=44 post_id=600044 fanout to 1 targets, totally took 0.006 sec
2026-09-01 16:01:35,715 INFO     home-timeline-service  

-------------------- WriteHomeTimeline new Request req_id=45 user_id=702895 post_id=600045


2026-09-01 16:01:35,718 INFO     home-timeline-service  GetFollowers req_id=45 user_id=702895 -> 0 followers took 0.002 sec
2026-09-01 16:01:35,718 INFO     home-timeline-service  WriteHomeTimeline req_id=45 post_id=600045 fanout to 1 targets, totally took 0.003 sec
2026-09-01 16:01:35,719 INFO     home-timeline-service  

-------------------- WriteHomeTimeline new Request req_id=46 user_id=702895 post_id=600046


2026-09-01 16:01:35,721 INFO     home-timeline-service  GetFollowers req_id=46 user_id=702895 -> 0 followers took 0.002 sec
2026-09-01 16:01:35,722 INFO     home-timeline-service  WriteHomeTimeline req_id=46 post_id=600046 fanout to 1 targets, totally took 0.003 sec
2026-09-01 16:01:35,723 INFO     home-timeline-service  

-------------------- WriteHomeTimeline new Request req_id=47 user_id=702895 post_id=600047


2026-09-01 16:01:35,726 INFO     home-timeline-service  GetFollowers req_id=47 user_id=702895 -> 0 followers took 0.003 sec
2026-09-01 16:01:35,727 INFO     home-timeline-service  WriteHomeTimeline req_id=47 post_id=600047 fanout to 1 targets, totally took 0.004 sec
2026-09-01 16:01:35,729 INFO     home-timeline-service  

-------------------- WriteHomeTimeline new Request req_id=48 user_id=702895 post_id=600048


2026-09-01 16:01:35,732 INFO     home-timeline-service  GetFollowers req_id=48 user_id=702895 -> 0 followers took 0.002 sec
2026-09-01 16:01:35,732 INFO     home-timeline-service  WriteHomeTimeline req_id=48 post_id=600048 fanout to 1 targets, totally took 0.003 sec
2026-09-01 16:01:35,733 INFO     home-timeline-service  

-------------------- WriteHomeTimeline new Request req_id=49 user_id=702895 post_id=600049


2026-09-01 16:01:35,735 INFO     home-timeline-service  GetFollowers req_id=49 user_id=702895 -> 0 followers took 0.002 sec
2026-09-01 16:01:35,736 INFO     home-timeline-service  WriteHomeTimeline req_id=49 post_id=600049 fanout to 1 targets, totally took 0.003 sec
2026-09-01 16:01:35,741 INFO     home-timeline-service  

-------------------- WriteHomeTimeline new Request req_id=50 user_id=702895 post_id=600050


2026-09-01 16:01:35,746 INFO     home-timeline-service  GetFollowers req_id=50 user_id=702895 -> 0 followers took 0.005 sec
2026-09-01 16:01:35,747 INFO     home-timeline-service  WriteHomeTimeline req_id=50 post_id=600050 fanout to 1 targets, totally took 0.006 sec
