2026-09-01 14:45:09,017 INFO     user-mention-service  MongoDB: localhost:27017  db=dsb_social  col=user  (shared with UserService, read-only)
2026-09-01 14:45:09,042 INFO     user-mention-service  Redis: localhost:6385  db=0
2026-09-01 14:45:09,172 INFO     jaeger_tracing  Initializing Jaeger Tracer with UDP reporter
2026-09-01 14:45:09,188 INFO     jaeger_tracing  Using sampler ConstSampler(True)
2026-09-01 14:45:09,192 INFO     jaeger_tracing  opentracing.tracer initialized to <jaeger_client.tracer.Tracer object at 0x7cd095e07100>[app_name=user-mention-service]
2026-09-01 14:45:09,192 INFO     user-mention-service.tracing  Jaeger tracer initialised service=user-mention-service agent=jaeger-agent:6831
2026-09-01 14:45:09,192 INFO     user-mention-service  UserMentionService starting on port 9093
2026-09-01 14:45:09,192 INFO     user-mention-service  UserMentionService ready
2026-09-01 15:02:35,168 WARNING  user-mention-service  ComposeUserMentions req_id=9999: User not found: 'unregistered_29140a31'
2026-09-01 15:02:53,631 WARNING  user-mention-service  ComposeUserMentions req_id=9999: User not found: 'unregistered_3ca69d63'
2026-09-01 15:03:06,116 WARNING  user-mention-service  ComposeUserMentions req_id=9999: User not found: 'unregistered_3337d7e2'
2026-09-01 15:03:06,552 WARNING  user-mention-service  ComposeUserMentions req_id=1: User not found: 'user_mention_0_abf2'
2026-09-01 15:03:06,554 WARNING  user-mention-service  ComposeUserMentions req_id=2: User not found: 'user_mention_1_4f7c'
2026-09-01 15:03:06,557 WARNING  user-mention-service  ComposeUserMentions req_id=3: User not found: 'user_mention_2_b1c0'
2026-09-01 15:03:06,568 WARNING  user-mention-service  ComposeUserMentions req_id=4: User not found: 'user_mention_3_cfa1'
2026-09-01 15:03:06,570 WARNING  user-mention-service  ComposeUserMentions req_id=5: User not found: 'user_mention_4_1977'
2026-09-01 15:03:06,575 WARNING  user-mention-service  ComposeUserMentions req_id=6: User not found: 'user_mention_5_5f8a'
2026-09-01 15:03:06,578 WARNING  user-mention-service  ComposeUserMentions req_id=7: User not found: 'user_mention_6_0aab'
2026-09-01 15:03:06,584 WARNING  user-mention-service  ComposeUserMentions req_id=8: User not found: 'user_mention_7_8273'
2026-09-01 15:03:06,587 WARNING  user-mention-service  ComposeUserMentions req_id=9: User not found: 'user_mention_8_9c32'
2026-09-01 15:03:06,594 WARNING  user-mention-service  ComposeUserMentions req_id=10: User not found: 'user_mention_9_0ccb'
2026-09-01 15:03:06,598 WARNING  user-mention-service  ComposeUserMentions req_id=11: User not found: 'user_mention_10_f55e'
2026-09-01 15:03:06,601 WARNING  user-mention-service  ComposeUserMentions req_id=12: User not found: 'user_mention_11_55c2'
2026-09-01 15:03:06,603 WARNING  user-mention-service  ComposeUserMentions req_id=13: User not found: 'user_mention_12_cf67'
2026-09-01 15:03:06,606 WARNING  user-mention-service  ComposeUserMentions req_id=14: User not found: 'user_mention_13_3570'
2026-09-01 15:03:06,613 WARNING  user-mention-service  ComposeUserMentions req_id=15: User not found: 'user_mention_14_92af'
2026-09-01 15:03:06,618 WARNING  user-mention-service  ComposeUserMentions req_id=16: User not found: 'user_mention_15_6d63'
2026-09-01 15:03:06,622 WARNING  user-mention-service  ComposeUserMentions req_id=17: User not found: 'user_mention_16_1aee'
2026-09-01 15:03:06,627 WARNING  user-mention-service  ComposeUserMentions req_id=18: User not found: 'user_mention_17_a4c8'
2026-09-01 15:03:06,631 WARNING  user-mention-service  ComposeUserMentions req_id=19: User not found: 'user_mention_18_7335'
2026-09-01 15:03:06,635 WARNING  user-mention-service  ComposeUserMentions req_id=20: User not found: 'user_mention_19_2d00'
2026-09-01 15:03:06,638 WARNING  user-mention-service  ComposeUserMentions req_id=21: User not found: 'user_mention_20_5ebd'
2026-09-01 15:03:06,644 WARNING  user-mention-service  ComposeUserMentions req_id=22: User not found: 'user_mention_21_fc61'
2026-09-01 15:03:06,654 WARNING  user-mention-service  ComposeUserMentions req_id=23: User not found: 'user_mention_22_3cf9'
2026-09-01 15:03:06,659 WARNING  user-mention-service  ComposeUserMentions req_id=24: User not found: 'user_mention_23_6320'
2026-09-01 15:03:06,663 WARNING  user-mention-service  ComposeUserMentions req_id=25: User not found: 'user_mention_24_fcc0'
2026-09-01 15:03:06,669 WARNING  user-mention-service  ComposeUserMentions req_id=26: User not found: 'user_mention_25_bd49'
2026-09-01 15:03:06,673 WARNING  user-mention-service  ComposeUserMentions req_id=27: User not found: 'user_mention_26_3276'
2026-09-01 15:03:06,682 WARNING  user-mention-service  ComposeUserMentions req_id=28: User not found: 'user_mention_27_e3df'
2026-09-01 15:03:06,685 WARNING  user-mention-service  ComposeUserMentions req_id=29: User not found: 'user_mention_28_15e1'
2026-09-01 15:03:06,688 WARNING  user-mention-service  ComposeUserMentions req_id=30: User not found: 'user_mention_29_888e'
2026-09-01 15:03:06,693 WARNING  user-mention-service  ComposeUserMentions req_id=31: User not found: 'user_mention_30_44ef'
2026-09-01 15:03:06,705 WARNING  user-mention-service  ComposeUserMentions req_id=32: User not found: 'user_mention_31_ebe3'
2026-09-01 15:03:06,712 WARNING  user-mention-service  ComposeUserMentions req_id=33: User not found: 'user_mention_32_e62a'
2026-09-01 15:03:06,717 WARNING  user-mention-service  ComposeUserMentions req_id=34: User not found: 'user_mention_33_4c05'
2026-09-01 15:03:06,722 WARNING  user-mention-service  ComposeUserMentions req_id=35: User not found: 'user_mention_34_2dfb'
2026-09-01 15:03:06,728 WARNING  user-mention-service  ComposeUserMentions req_id=36: User not found: 'user_mention_35_c5e9'
2026-09-01 15:03:06,737 WARNING  user-mention-service  ComposeUserMentions req_id=37: User not found: 'user_mention_36_bf96'
2026-09-01 15:03:06,748 WARNING  user-mention-service  ComposeUserMentions req_id=38: User not found: 'user_mention_37_2637'
2026-09-01 15:03:06,754 WARNING  user-mention-service  ComposeUserMentions req_id=39: User not found: 'user_mention_38_9021'
2026-09-01 15:03:06,766 WARNING  user-mention-service  ComposeUserMentions req_id=40: User not found: 'user_mention_39_4ce1'
2026-09-01 15:03:06,769 WARNING  user-mention-service  ComposeUserMentions req_id=41: User not found: 'user_mention_40_c3f2'
2026-09-01 15:03:06,772 WARNING  user-mention-service  ComposeUserMentions req_id=42: User not found: 'user_mention_41_ffad'
2026-09-01 15:03:06,777 WARNING  user-mention-service  ComposeUserMentions req_id=43: User not found: 'user_mention_42_8bfb'
2026-09-01 15:03:06,783 WARNING  user-mention-service  ComposeUserMentions req_id=44: User not found: 'user_mention_43_a1e7'
2026-09-01 15:03:06,786 WARNING  user-mention-service  ComposeUserMentions req_id=45: User not found: 'user_mention_44_a76d'
2026-09-01 15:03:06,789 WARNING  user-mention-service  ComposeUserMentions req_id=46: User not found: 'user_mention_45_8d6b'
2026-09-01 15:03:06,797 WARNING  user-mention-service  ComposeUserMentions req_id=47: User not found: 'user_mention_46_8451'
2026-09-01 15:03:06,800 WARNING  user-mention-service  ComposeUserMentions req_id=48: User not found: 'user_mention_47_c947'
2026-09-01 15:03:06,803 WARNING  user-mention-service  ComposeUserMentions req_id=49: User not found: 'user_mention_48_ea77'
2026-09-01 15:03:06,815 WARNING  user-mention-service  ComposeUserMentions req_id=50: User not found: 'user_mention_49_c814'
2026-09-01 15:03:06,818 WARNING  user-mention-service  ComposeUserMentions req_id=101: User not found: 'user_mention_0_abf2'
2026-09-01 15:03:06,821 WARNING  user-mention-service  ComposeUserMentions req_id=102: User not found: 'user_mention_1_4f7c'
2026-09-01 15:03:06,825 WARNING  user-mention-service  ComposeUserMentions req_id=103: User not found: 'user_mention_2_b1c0'
2026-09-01 15:03:06,833 WARNING  user-mention-service  ComposeUserMentions req_id=104: User not found: 'user_mention_3_cfa1'
2026-09-01 15:03:06,836 WARNING  user-mention-service  ComposeUserMentions req_id=105: User not found: 'user_mention_4_1977'
2026-09-01 15:03:06,838 WARNING  user-mention-service  ComposeUserMentions req_id=106: User not found: 'user_mention_5_5f8a'
2026-09-01 15:03:06,843 WARNING  user-mention-service  ComposeUserMentions req_id=107: User not found: 'user_mention_6_0aab'
2026-09-01 15:03:06,849 WARNING  user-mention-service  ComposeUserMentions req_id=108: User not found: 'user_mention_7_8273'
2026-09-01 15:03:06,852 WARNING  user-mention-service  ComposeUserMentions req_id=109: User not found: 'user_mention_8_9c32'
2026-09-01 15:03:06,866 WARNING  user-mention-service  ComposeUserMentions req_id=110: User not found: 'user_mention_9_0ccb'
2026-09-01 15:03:06,868 WARNING  user-mention-service  ComposeUserMentions req_id=111: User not found: 'user_mention_10_f55e'
2026-09-01 15:03:06,871 WARNING  user-mention-service  ComposeUserMentions req_id=112: User not found: 'user_mention_11_55c2'
2026-09-01 15:03:06,879 WARNING  user-mention-service  ComposeUserMentions req_id=113: User not found: 'user_mention_12_cf67'
2026-09-01 15:03:06,884 WARNING  user-mention-service  ComposeUserMentions req_id=114: User not found: 'user_mention_13_3570'
2026-09-01 15:03:06,887 WARNING  user-mention-service  ComposeUserMentions req_id=115: User not found: 'user_mention_14_92af'
2026-09-01 15:03:06,894 WARNING  user-mention-service  ComposeUserMentions req_id=116: User not found: 'user_mention_15_6d63'
2026-09-01 15:03:06,902 WARNING  user-mention-service  ComposeUserMentions req_id=117: User not found: 'user_mention_16_1aee'
2026-09-01 15:03:06,907 WARNING  user-mention-service  ComposeUserMentions req_id=118: User not found: 'user_mention_17_a4c8'
2026-09-01 15:03:06,914 WARNING  user-mention-service  ComposeUserMentions req_id=119: User not found: 'user_mention_18_7335'
2026-09-01 15:03:06,919 WARNING  user-mention-service  ComposeUserMentions req_id=120: User not found: 'user_mention_19_2d00'
2026-09-01 15:03:06,922 WARNING  user-mention-service  ComposeUserMentions req_id=121: User not found: 'user_mention_20_5ebd'
2026-09-01 15:03:06,927 WARNING  user-mention-service  ComposeUserMentions req_id=122: User not found: 'user_mention_21_fc61'
2026-09-01 15:03:06,932 WARNING  user-mention-service  ComposeUserMentions req_id=123: User not found: 'user_mention_22_3cf9'
2026-09-01 15:03:06,935 WARNING  user-mention-service  ComposeUserMentions req_id=124: User not found: 'user_mention_23_6320'
2026-09-01 15:03:06,937 WARNING  user-mention-service  ComposeUserMentions req_id=125: User not found: 'user_mention_24_fcc0'
2026-09-01 15:03:06,943 WARNING  user-mention-service  ComposeUserMentions req_id=126: User not found: 'user_mention_25_bd49'
2026-09-01 15:03:06,949 WARNING  user-mention-service  ComposeUserMentions req_id=127: User not found: 'user_mention_26_3276'
2026-09-01 15:03:06,952 WARNING  user-mention-service  ComposeUserMentions req_id=128: User not found: 'user_mention_27_e3df'
2026-09-01 15:03:06,955 WARNING  user-mention-service  ComposeUserMentions req_id=129: User not found: 'user_mention_28_15e1'
2026-09-01 15:03:06,966 WARNING  user-mention-service  ComposeUserMentions req_id=130: User not found: 'user_mention_29_888e'
2026-09-01 15:03:06,969 WARNING  user-mention-service  ComposeUserMentions req_id=131: User not found: 'user_mention_30_44ef'
2026-09-01 15:03:06,972 WARNING  user-mention-service  ComposeUserMentions req_id=132: User not found: 'user_mention_31_ebe3'
2026-09-01 15:03:06,977 WARNING  user-mention-service  ComposeUserMentions req_id=133: User not found: 'user_mention_32_e62a'
2026-09-01 15:03:06,982 WARNING  user-mention-service  ComposeUserMentions req_id=134: User not found: 'user_mention_33_4c05'
2026-09-01 15:03:06,985 WARNING  user-mention-service  ComposeUserMentions req_id=135: User not found: 'user_mention_34_2dfb'
2026-09-01 15:03:06,989 WARNING  user-mention-service  ComposeUserMentions req_id=136: User not found: 'user_mention_35_c5e9'
2026-09-01 15:03:06,996 WARNING  user-mention-service  ComposeUserMentions req_id=137: User not found: 'user_mention_36_bf96'
2026-09-01 15:03:07,003 WARNING  user-mention-service  ComposeUserMentions req_id=138: User not found: 'user_mention_37_2637'
2026-09-01 15:03:07,010 WARNING  user-mention-service  ComposeUserMentions req_id=139: User not found: 'user_mention_38_9021'
2026-09-01 15:03:07,021 WARNING  user-mention-service  ComposeUserMentions req_id=140: User not found: 'user_mention_39_4ce1'
2026-09-01 15:03:07,029 WARNING  user-mention-service  ComposeUserMentions req_id=141: User not found: 'user_mention_40_c3f2'
2026-09-01 15:03:07,037 WARNING  user-mention-service  ComposeUserMentions req_id=142: User not found: 'user_mention_41_ffad'
2026-09-01 15:03:07,042 WARNING  user-mention-service  ComposeUserMentions req_id=143: User not found: 'user_mention_42_8bfb'
2026-09-01 15:03:07,047 WARNING  user-mention-service  ComposeUserMentions req_id=144: User not found: 'user_mention_43_a1e7'
2026-09-01 15:03:07,052 WARNING  user-mention-service  ComposeUserMentions req_id=145: User not found: 'user_mention_44_a76d'
2026-09-01 15:03:07,055 WARNING  user-mention-service  ComposeUserMentions req_id=146: User not found: 'user_mention_45_8d6b'
2026-09-01 15:03:07,060 WARNING  user-mention-service  ComposeUserMentions req_id=147: User not found: 'user_mention_46_8451'
2026-09-01 15:03:07,066 WARNING  user-mention-service  ComposeUserMentions req_id=148: User not found: 'user_mention_47_c947'
2026-09-01 15:03:07,069 WARNING  user-mention-service  ComposeUserMentions req_id=149: User not found: 'user_mention_48_ea77'
2026-09-01 15:03:07,080 WARNING  user-mention-service  ComposeUserMentions req_id=150: User not found: 'user_mention_49_c814'
2026-09-01 15:03:07,083 WARNING  user-mention-service  ComposeUserMentions req_id=9000: User not found: 'user_mention_0_abf2'
2026-09-01 15:07:29,987 WARNING  user-mention-service  ComposeUserMentions req_id=9999: User not found: 'ghost_user_35df966d'
2026-09-01 15:07:30,002 WARNING  user-mention-service  ComposeUserMentions req_id=1: User not found: 'text_svc_user_48fd8a'
2026-09-01 15:07:30,014 WARNING  user-mention-service  ComposeUserMentions req_id=2: User not found: 'text_svc_user_48fd8a'
2026-09-01 15:07:30,034 WARNING  user-mention-service  ComposeUserMentions req_id=3: User not found: 'text_svc_user_48fd8a'
2026-09-01 15:07:30,042 WARNING  user-mention-service  ComposeUserMentions req_id=4: User not found: 'text_svc_user_48fd8a'
2026-09-01 15:07:30,052 WARNING  user-mention-service  ComposeUserMentions req_id=5: User not found: 'text_svc_user_48fd8a'
2026-09-01 15:07:30,057 WARNING  user-mention-service  ComposeUserMentions req_id=6: User not found: 'text_svc_user_48fd8a'
2026-09-01 15:07:30,066 WARNING  user-mention-service  ComposeUserMentions req_id=7: User not found: 'text_svc_user_48fd8a'
2026-09-01 15:07:30,073 WARNING  user-mention-service  ComposeUserMentions req_id=8: User not found: 'text_svc_user_48fd8a'
2026-09-01 15:07:30,084 WARNING  user-mention-service  ComposeUserMentions req_id=9: User not found: 'text_svc_user_48fd8a'
2026-09-01 15:07:30,106 WARNING  user-mention-service  ComposeUserMentions req_id=10: User not found: 'text_svc_user_48fd8a'
2026-09-01 15:07:30,118 WARNING  user-mention-service  ComposeUserMentions req_id=11: User not found: 'text_svc_user_48fd8a'
2026-09-01 15:07:30,130 WARNING  user-mention-service  ComposeUserMentions req_id=12: User not found: 'text_svc_user_48fd8a'
2026-09-01 15:07:30,135 WARNING  user-mention-service  ComposeUserMentions req_id=13: User not found: 'text_svc_user_48fd8a'
2026-09-01 15:07:30,152 WARNING  user-mention-service  ComposeUserMentions req_id=14: User not found: 'text_svc_user_48fd8a'
2026-09-01 15:07:30,158 WARNING  user-mention-service  ComposeUserMentions req_id=15: User not found: 'text_svc_user_48fd8a'
2026-09-01 15:07:30,173 WARNING  user-mention-service  ComposeUserMentions req_id=16: User not found: 'text_svc_user_48fd8a'
2026-09-01 15:07:30,189 WARNING  user-mention-service  ComposeUserMentions req_id=17: User not found: 'text_svc_user_48fd8a'
2026-09-01 15:07:30,201 WARNING  user-mention-service  ComposeUserMentions req_id=18: User not found: 'text_svc_user_48fd8a'
2026-09-01 15:07:30,212 WARNING  user-mention-service  ComposeUserMentions req_id=19: User not found: 'text_svc_user_48fd8a'
2026-09-01 15:07:30,229 WARNING  user-mention-service  ComposeUserMentions req_id=20: User not found: 'text_svc_user_48fd8a'
2026-09-01 15:07:30,238 WARNING  user-mention-service  ComposeUserMentions req_id=21: User not found: 'text_svc_user_48fd8a'
2026-09-01 15:07:30,249 WARNING  user-mention-service  ComposeUserMentions req_id=22: User not found: 'text_svc_user_48fd8a'
2026-09-01 15:07:30,255 WARNING  user-mention-service  ComposeUserMentions req_id=23: User not found: 'text_svc_user_48fd8a'
2026-09-01 15:07:30,265 WARNING  user-mention-service  ComposeUserMentions req_id=24: User not found: 'text_svc_user_48fd8a'
2026-09-01 15:07:30,270 WARNING  user-mention-service  ComposeUserMentions req_id=25: User not found: 'text_svc_user_48fd8a'
2026-09-01 15:07:30,275 WARNING  user-mention-service  ComposeUserMentions req_id=26: User not found: 'text_svc_user_48fd8a'
2026-09-01 15:07:30,282 WARNING  user-mention-service  ComposeUserMentions req_id=27: User not found: 'text_svc_user_48fd8a'
2026-09-01 15:07:30,291 WARNING  user-mention-service  ComposeUserMentions req_id=28: User not found: 'text_svc_user_48fd8a'
2026-09-01 15:07:30,302 WARNING  user-mention-service  ComposeUserMentions req_id=29: User not found: 'text_svc_user_48fd8a'
2026-09-01 15:07:30,314 WARNING  user-mention-service  ComposeUserMentions req_id=30: User not found: 'text_svc_user_48fd8a'
2026-09-01 15:07:30,321 WARNING  user-mention-service  ComposeUserMentions req_id=31: User not found: 'text_svc_user_48fd8a'
2026-09-01 15:07:30,330 WARNING  user-mention-service  ComposeUserMentions req_id=32: User not found: 'text_svc_user_48fd8a'
2026-09-01 15:07:30,347 WARNING  user-mention-service  ComposeUserMentions req_id=33: User not found: 'text_svc_user_48fd8a'
2026-09-01 15:07:30,352 WARNING  user-mention-service  ComposeUserMentions req_id=34: User not found: 'text_svc_user_48fd8a'
2026-09-01 15:07:30,357 WARNING  user-mention-service  ComposeUserMentions req_id=35: User not found: 'text_svc_user_48fd8a'
2026-09-01 15:07:30,367 WARNING  user-mention-service  ComposeUserMentions req_id=36: User not found: 'text_svc_user_48fd8a'
2026-09-01 15:07:30,373 WARNING  user-mention-service  ComposeUserMentions req_id=37: User not found: 'text_svc_user_48fd8a'
2026-09-01 15:07:30,384 WARNING  user-mention-service  ComposeUserMentions req_id=38: User not found: 'text_svc_user_48fd8a'
2026-09-01 15:07:30,389 WARNING  user-mention-service  ComposeUserMentions req_id=39: User not found: 'text_svc_user_48fd8a'
2026-09-01 15:07:30,403 WARNING  user-mention-service  ComposeUserMentions req_id=40: User not found: 'text_svc_user_48fd8a'
2026-09-01 15:07:30,410 WARNING  user-mention-service  ComposeUserMentions req_id=41: User not found: 'text_svc_user_48fd8a'
2026-09-01 15:07:30,419 WARNING  user-mention-service  ComposeUserMentions req_id=42: User not found: 'text_svc_user_48fd8a'
2026-09-01 15:07:30,425 WARNING  user-mention-service  ComposeUserMentions req_id=43: User not found: 'text_svc_user_48fd8a'
2026-09-01 15:07:30,435 WARNING  user-mention-service  ComposeUserMentions req_id=44: User not found: 'text_svc_user_48fd8a'
2026-09-01 15:07:30,442 WARNING  user-mention-service  ComposeUserMentions req_id=45: User not found: 'text_svc_user_48fd8a'
2026-09-01 15:07:30,474 WARNING  user-mention-service  ComposeUserMentions req_id=46: User not found: 'text_svc_user_48fd8a'
2026-09-01 15:07:30,487 WARNING  user-mention-service  ComposeUserMentions req_id=47: User not found: 'text_svc_user_48fd8a'
2026-09-01 15:07:30,495 WARNING  user-mention-service  ComposeUserMentions req_id=48: User not found: 'text_svc_user_48fd8a'
2026-09-01 15:07:30,504 WARNING  user-mention-service  ComposeUserMentions req_id=49: User not found: 'text_svc_user_48fd8a'
2026-09-01 15:07:30,523 WARNING  user-mention-service  ComposeUserMentions req_id=50: User not found: 'text_svc_user_48fd8a'
2026-09-01 15:10:50,050 WARNING  user-mention-service  ComposeUserMentions req_id=9999: User not found: 'ghost_user_8d55f292'
2026-09-01 15:10:50,055 WARNING  user-mention-service  ComposeUserMentions req_id=1: User not found: 'text_svc_user_f1df5f'
2026-09-01 15:10:50,062 WARNING  user-mention-service  ComposeUserMentions req_id=2: User not found: 'text_svc_user_f1df5f'
2026-09-01 15:10:50,068 WARNING  user-mention-service  ComposeUserMentions req_id=3: User not found: 'text_svc_user_f1df5f'
2026-09-01 15:10:50,081 WARNING  user-mention-service  ComposeUserMentions req_id=4: User not found: 'text_svc_user_f1df5f'
2026-09-01 15:10:50,092 WARNING  user-mention-service  ComposeUserMentions req_id=5: User not found: 'text_svc_user_f1df5f'
2026-09-01 15:10:50,099 WARNING  user-mention-service  ComposeUserMentions req_id=6: User not found: 'text_svc_user_f1df5f'
2026-09-01 15:10:50,113 WARNING  user-mention-service  ComposeUserMentions req_id=7: User not found: 'text_svc_user_f1df5f'
2026-09-01 15:10:50,119 WARNING  user-mention-service  ComposeUserMentions req_id=8: User not found: 'text_svc_user_f1df5f'
2026-09-01 15:10:50,132 WARNING  user-mention-service  ComposeUserMentions req_id=9: User not found: 'text_svc_user_f1df5f'
2026-09-01 15:10:50,148 WARNING  user-mention-service  ComposeUserMentions req_id=10: User not found: 'text_svc_user_f1df5f'
2026-09-01 15:10:50,156 WARNING  user-mention-service  ComposeUserMentions req_id=11: User not found: 'text_svc_user_f1df5f'
2026-09-01 15:10:50,162 WARNING  user-mention-service  ComposeUserMentions req_id=12: User not found: 'text_svc_user_f1df5f'
2026-09-01 15:10:50,172 WARNING  user-mention-service  ComposeUserMentions req_id=13: User not found: 'text_svc_user_f1df5f'
2026-09-01 15:10:50,181 WARNING  user-mention-service  ComposeUserMentions req_id=14: User not found: 'text_svc_user_f1df5f'
2026-09-01 15:10:50,189 WARNING  user-mention-service  ComposeUserMentions req_id=15: User not found: 'text_svc_user_f1df5f'
2026-09-01 15:10:50,198 WARNING  user-mention-service  ComposeUserMentions req_id=16: User not found: 'text_svc_user_f1df5f'
2026-09-01 15:10:50,205 WARNING  user-mention-service  ComposeUserMentions req_id=17: User not found: 'text_svc_user_f1df5f'
2026-09-01 15:10:50,214 WARNING  user-mention-service  ComposeUserMentions req_id=18: User not found: 'text_svc_user_f1df5f'
2026-09-01 15:10:50,223 WARNING  user-mention-service  ComposeUserMentions req_id=19: User not found: 'text_svc_user_f1df5f'
2026-09-01 15:10:50,237 WARNING  user-mention-service  ComposeUserMentions req_id=20: User not found: 'text_svc_user_f1df5f'
2026-09-01 15:10:50,246 WARNING  user-mention-service  ComposeUserMentions req_id=21: User not found: 'text_svc_user_f1df5f'
2026-09-01 15:10:50,253 WARNING  user-mention-service  ComposeUserMentions req_id=22: User not found: 'text_svc_user_f1df5f'
2026-09-01 15:10:50,262 WARNING  user-mention-service  ComposeUserMentions req_id=23: User not found: 'text_svc_user_f1df5f'
2026-09-01 15:10:50,271 WARNING  user-mention-service  ComposeUserMentions req_id=24: User not found: 'text_svc_user_f1df5f'
2026-09-01 15:10:50,279 WARNING  user-mention-service  ComposeUserMentions req_id=25: User not found: 'text_svc_user_f1df5f'
2026-09-01 15:10:50,284 WARNING  user-mention-service  ComposeUserMentions req_id=26: User not found: 'text_svc_user_f1df5f'
2026-09-01 15:10:50,295 WARNING  user-mention-service  ComposeUserMentions req_id=27: User not found: 'text_svc_user_f1df5f'
2026-09-01 15:10:50,301 WARNING  user-mention-service  ComposeUserMentions req_id=28: User not found: 'text_svc_user_f1df5f'
2026-09-01 15:10:50,312 WARNING  user-mention-service  ComposeUserMentions req_id=29: User not found: 'text_svc_user_f1df5f'
2026-09-01 15:10:50,328 WARNING  user-mention-service  ComposeUserMentions req_id=30: User not found: 'text_svc_user_f1df5f'
2026-09-01 15:10:50,332 WARNING  user-mention-service  ComposeUserMentions req_id=31: User not found: 'text_svc_user_f1df5f'
2026-09-01 15:10:50,346 WARNING  user-mention-service  ComposeUserMentions req_id=32: User not found: 'text_svc_user_f1df5f'
2026-09-01 15:10:50,352 WARNING  user-mention-service  ComposeUserMentions req_id=33: User not found: 'text_svc_user_f1df5f'
2026-09-01 15:10:50,362 WARNING  user-mention-service  ComposeUserMentions req_id=34: User not found: 'text_svc_user_f1df5f'
2026-09-01 15:10:50,367 WARNING  user-mention-service  ComposeUserMentions req_id=35: User not found: 'text_svc_user_f1df5f'
2026-09-01 15:10:50,380 WARNING  user-mention-service  ComposeUserMentions req_id=36: User not found: 'text_svc_user_f1df5f'
2026-09-01 15:10:50,389 WARNING  user-mention-service  ComposeUserMentions req_id=37: User not found: 'text_svc_user_f1df5f'
2026-09-01 15:10:50,398 WARNING  user-mention-service  ComposeUserMentions req_id=38: User not found: 'text_svc_user_f1df5f'
2026-09-01 15:10:50,410 WARNING  user-mention-service  ComposeUserMentions req_id=39: User not found: 'text_svc_user_f1df5f'
2026-09-01 15:10:50,421 WARNING  user-mention-service  ComposeUserMentions req_id=40: User not found: 'text_svc_user_f1df5f'
2026-09-01 15:10:50,427 WARNING  user-mention-service  ComposeUserMentions req_id=41: User not found: 'text_svc_user_f1df5f'
2026-09-01 15:10:50,434 WARNING  user-mention-service  ComposeUserMentions req_id=42: User not found: 'text_svc_user_f1df5f'
2026-09-01 15:10:50,441 WARNING  user-mention-service  ComposeUserMentions req_id=43: User not found: 'text_svc_user_f1df5f'
2026-09-01 15:10:50,446 WARNING  user-mention-service  ComposeUserMentions req_id=44: User not found: 'text_svc_user_f1df5f'
2026-09-01 15:10:50,453 WARNING  user-mention-service  ComposeUserMentions req_id=45: User not found: 'text_svc_user_f1df5f'
2026-09-01 15:10:50,464 WARNING  user-mention-service  ComposeUserMentions req_id=46: User not found: 'text_svc_user_f1df5f'
2026-09-01 15:10:50,475 WARNING  user-mention-service  ComposeUserMentions req_id=47: User not found: 'text_svc_user_f1df5f'
2026-09-01 15:10:50,481 WARNING  user-mention-service  ComposeUserMentions req_id=48: User not found: 'text_svc_user_f1df5f'
2026-09-01 15:10:50,490 WARNING  user-mention-service  ComposeUserMentions req_id=49: User not found: 'text_svc_user_f1df5f'
2026-09-01 15:10:50,499 WARNING  user-mention-service  ComposeUserMentions req_id=50: User not found: 'text_svc_user_f1df5f'
