2026-05-17 17:35:15,433 - INFO - Procurement connected to mongo
2026-05-18 16:26:22,155 - INFO - Procurement connected to mongo
2026-05-18 16:32:25,397 - INFO - Procurement connected to mongo
2026-05-18 16:39:06,929 - INFO - Procurement connected to mongo
2026-05-18 16:40:02,450 - INFO - Procurement connected to mongo
2026-05-18 16:46:28,768 - INFO - Procurement connected to mongo
2026-05-18 16:50:43,730 - INFO - Procurement connected to mongo
2026-05-18 16:52:24,214 - INFO - Procurement connected to mongo
2026-05-18 16:53:16,870 - INFO - Procurement connected to mongo
2026-05-18 16:53:44,402 - INFO - Procurement connected to mongo
2026-05-18 16:54:02,844 - INFO - Procurement connected to mongo
2026-05-18 16:54:27,788 - INFO - Procurement connected to mongo
2026-05-18 17:07:00,171 - INFO - Procurement connected to mongo
2026-05-18 17:11:15,285 - INFO - Procurement connected to mongo
2026-05-18 17:12:05,978 - INFO - Procurement connected to mongo
2026-05-18 17:12:24,332 - INFO - Procurement connected to mongo
2026-05-18 17:12:43,641 - INFO - Procurement connected to mongo
2026-05-18 17:13:02,548 - INFO - Procurement connected to mongo
2026-05-18 17:13:23,590 - INFO - Procurement connected to mongo
2026-05-18 17:13:45,527 - INFO - Procurement connected to mongo
2026-05-18 17:14:17,556 - INFO - Procurement connected to mongo
2026-05-18 17:16:02,218 - INFO - Procurement connected to mongo
2026-05-18 17:21:30,416 - INFO - Procurement connected to mongo
2026-05-18 17:33:45,296 - INFO - Procurement connected to mongo
2026-05-18 17:37:08,208 - INFO - Procurement connected to mongo
2026-05-18 17:43:21,330 - INFO - Procurement connected to mongo
2026-05-19 10:51:17,933 - INFO - Procurement connected to mongo
2026-05-19 10:54:58,207 - INFO - Procurement connected to mongo
2026-05-24 22:16:01,065 - INFO - Procurement connected to mongo
2026-05-24 22:16:15,716 - INFO - Procurement connected to mongo
2026-05-24 22:16:28,119 - INFO - Procurement connected to mongo
2026-05-24 22:17:31,036 - INFO - Procurement connected to mongo
2026-05-24 22:17:45,345 - INFO - Procurement connected to mongo
2026-05-24 22:32:36,475 - INFO - Procurement connected to mongo
2026-05-24 22:34:04,848 - INFO - Procurement connected to mongo
2026-05-24 22:37:32,528 - INFO - Procurement connected to mongo
2026-05-24 22:39:03,663 - INFO - Procurement connected to mongo
2026-05-24 22:39:26,604 - INFO - Procurement connected to mongo
2026-05-24 22:39:52,216 - INFO - Procurement connected to mongo
2026-05-24 22:40:25,451 - INFO - Procurement connected to mongo
2026-05-24 22:40:57,107 - INFO - Procurement connected to mongo
2026-05-25 15:24:35,781 - INFO - Procurement connected to mongo
2026-05-25 15:24:48,833 - INFO - Procurement connected to mongo
2026-05-25 15:25:02,672 - INFO - Procurement connected to mongo
2026-05-25 15:25:17,108 - INFO - Procurement connected to mongo
2026-05-25 15:25:31,005 - INFO - Procurement connected to mongo
2026-05-25 15:25:43,916 - INFO - Procurement connected to mongo
2026-05-25 15:26:12,844 - INFO - Procurement connected to mongo
2026-05-25 15:26:26,838 - INFO - Procurement connected to mongo
2026-05-25 15:32:19,498 - INFO - Procurement connected to mongo
2026-05-25 15:32:33,724 - INFO - Procurement connected to mongo
2026-05-25 15:32:48,029 - INFO - Procurement connected to mongo
2026-05-25 15:33:01,831 - INFO - Procurement connected to mongo
2026-05-25 15:33:15,701 - INFO - Procurement connected to mongo
2026-05-25 15:33:29,932 - INFO - Procurement connected to mongo
2026-05-25 15:33:58,266 - INFO - Procurement connected to mongo
2026-05-25 15:34:11,991 - INFO - Procurement connected to mongo
2026-05-25 16:21:15,722 - INFO - Procurement connected to mongo
2026-05-25 16:21:30,032 - INFO - Procurement connected to mongo
2026-05-25 16:21:43,561 - INFO - Procurement connected to mongo
2026-05-25 16:21:58,120 - INFO - Procurement connected to mongo
2026-05-25 16:22:11,765 - INFO - Procurement connected to mongo
2026-05-25 16:22:25,972 - INFO - Procurement connected to mongo
2026-05-25 16:39:42,443 - INFO - Procurement connected to mongo
2026-05-25 16:44:11,001 - INFO - Procurement connected to mongo
2026-05-25 16:44:25,566 - INFO - Procurement connected to mongo
2026-05-25 16:44:39,302 - INFO - Procurement connected to mongo
2026-05-25 16:44:54,108 - INFO - Procurement connected to mongo
2026-07-16 14:54:43,368 - INFO - Procurement connected to mongo
2026-07-16 14:56:00,786 - INFO - Procurement connected to mongo
2026-07-16 14:57:14,810 - INFO - Procurement connected to mongo
2026-07-16 14:58:49,675 - INFO - Procurement connected to mongo
2026-07-16 14:59:21,387 - INFO - Procurement connected to mongo
2026-07-16 15:24:16,796 - INFO - Procurement connected to mongo
2026-08-17 16:04:21,812 - INFO - Procurement connected to mongo
2026-08-17 16:04:26,280 - INFO - Request for order_from_supplier external, request: sku='4cc0770f-91bc-4c0d-a26f-7b872f02ca94' qty=101 preferred_supplier='IGI'
2026-08-17 16:04:26,515 - INFO - Request for order_from_supplier successfully processed, result: supplier_order_id='7f89a240-1037-4d51-bb62-a1fa57fc2193' status='PLACED' eta_days=2, request: sku='4cc0770f-91bc-4c0d-a26f-7b872f02ca94' qty=101 preferred_supplier='IGI'
2026-08-17 16:04:26,530 - INFO - Request for order_from_supplier external, request: sku='4cc0770f-91bc-4c0d-a26f-7b872f02ca94' qty=102 preferred_supplier='IGI'
2026-08-17 16:04:26,733 - INFO - Request for order_from_supplier successfully processed, result: supplier_order_id='4a1776c0-dd1f-4ee0-b0e1-1555779610b3' status='PLACED' eta_days=2, request: sku='4cc0770f-91bc-4c0d-a26f-7b872f02ca94' qty=102 preferred_supplier='IGI'
2026-08-17 16:04:26,744 - INFO - Request for order_from_supplier external, request: sku='4cc0770f-91bc-4c0d-a26f-7b872f02ca94' qty=103 preferred_supplier='IGI'
2026-08-17 16:04:26,946 - INFO - Request for order_from_supplier successfully processed, result: supplier_order_id='59b6a795-ede0-46ac-a878-cd4fe5385f78' status='PLACED' eta_days=2, request: sku='4cc0770f-91bc-4c0d-a26f-7b872f02ca94' qty=103 preferred_supplier='IGI'
2026-08-17 16:04:26,951 - INFO - Request for order_from_supplier external, request: sku='4cc0770f-91bc-4c0d-a26f-7b872f02ca94' qty=104 preferred_supplier='IGI'
2026-08-17 16:04:27,153 - INFO - Request for order_from_supplier successfully processed, result: supplier_order_id='0acf5ef5-e889-4748-9077-c4551c2d964d' status='PLACED' eta_days=2, request: sku='4cc0770f-91bc-4c0d-a26f-7b872f02ca94' qty=104 preferred_supplier='IGI'
2026-08-17 16:04:27,160 - INFO - Request for order_from_supplier external, request: sku='4cc0770f-91bc-4c0d-a26f-7b872f02ca94' qty=105 preferred_supplier='IGI'
2026-08-17 16:04:27,362 - INFO - Request for order_from_supplier successfully processed, result: supplier_order_id='ce9489cd-e6a9-4427-98f7-dd4e4b097749' status='PLACED' eta_days=2, request: sku='4cc0770f-91bc-4c0d-a26f-7b872f02ca94' qty=105 preferred_supplier='IGI'
2026-08-17 16:04:27,369 - INFO - Request for order_from_supplier external, request: sku='4cc0770f-91bc-4c0d-a26f-7b872f02ca94' qty=106 preferred_supplier='IGI'
2026-08-17 16:04:27,572 - INFO - Request for order_from_supplier successfully processed, result: supplier_order_id='2563132b-299f-429d-9bcb-8ea6b10af50b' status='PLACED' eta_days=2, request: sku='4cc0770f-91bc-4c0d-a26f-7b872f02ca94' qty=106 preferred_supplier='IGI'
2026-08-17 16:04:27,577 - INFO - Request for order_from_supplier external, request: sku='4cc0770f-91bc-4c0d-a26f-7b872f02ca94' qty=107 preferred_supplier='IGI'
2026-08-17 16:04:27,781 - INFO - Request for order_from_supplier successfully processed, result: supplier_order_id='7233fe0d-8d63-4139-9094-90dec3f8fa4b' status='PLACED' eta_days=2, request: sku='4cc0770f-91bc-4c0d-a26f-7b872f02ca94' qty=107 preferred_supplier='IGI'
2026-08-17 16:04:27,793 - INFO - Request for order_from_supplier external, request: sku='4cc0770f-91bc-4c0d-a26f-7b872f02ca94' qty=108 preferred_supplier='IGI'
2026-08-17 16:04:27,995 - INFO - Request for order_from_supplier successfully processed, result: supplier_order_id='351e5846-f1f2-4b94-b0d2-77dbe14987b4' status='PLACED' eta_days=2, request: sku='4cc0770f-91bc-4c0d-a26f-7b872f02ca94' qty=108 preferred_supplier='IGI'
2026-08-17 16:04:27,999 - INFO - Request for order_from_supplier external, request: sku='4cc0770f-91bc-4c0d-a26f-7b872f02ca94' qty=109 preferred_supplier='IGI'
2026-08-17 16:04:28,203 - INFO - Request for order_from_supplier successfully processed, result: supplier_order_id='7199909e-9192-4d77-9975-502e1e2fad9f' status='PLACED' eta_days=2, request: sku='4cc0770f-91bc-4c0d-a26f-7b872f02ca94' qty=109 preferred_supplier='IGI'
2026-08-17 16:04:28,210 - INFO - Request for order_from_supplier external, request: sku='4cc0770f-91bc-4c0d-a26f-7b872f02ca94' qty=110 preferred_supplier='IGI'
2026-08-17 16:04:28,412 - INFO - Request for order_from_supplier successfully processed, result: supplier_order_id='9375f1d4-c1cc-4a26-96ec-f3f3b4ccf84c' status='PLACED' eta_days=2, request: sku='4cc0770f-91bc-4c0d-a26f-7b872f02ca94' qty=110 preferred_supplier='IGI'
2026-08-17 16:04:28,417 - INFO - Request for order_from_supplier external, request: sku='4cc0770f-91bc-4c0d-a26f-7b872f02ca94' qty=111 preferred_supplier='IGI'
2026-08-17 16:04:28,620 - INFO - Request for order_from_supplier successfully processed, result: supplier_order_id='755088af-7cbf-4038-8fdb-ee61b2a1e7a6' status='PLACED' eta_days=2, request: sku='4cc0770f-91bc-4c0d-a26f-7b872f02ca94' qty=111 preferred_supplier='IGI'
2026-08-17 16:04:28,629 - INFO - Request for order_from_supplier external, request: sku='4cc0770f-91bc-4c0d-a26f-7b872f02ca94' qty=112 preferred_supplier='IGI'
2026-08-17 16:04:28,832 - INFO - Request for order_from_supplier successfully processed, result: supplier_order_id='49bd116c-eb2d-4f0e-89db-6c66b90f9bb5' status='PLACED' eta_days=2, request: sku='4cc0770f-91bc-4c0d-a26f-7b872f02ca94' qty=112 preferred_supplier='IGI'
2026-08-17 16:04:28,840 - INFO - Request for order_from_supplier external, request: sku='4cc0770f-91bc-4c0d-a26f-7b872f02ca94' qty=113 preferred_supplier='IGI'
2026-08-17 16:04:29,042 - INFO - Request for order_from_supplier successfully processed, result: supplier_order_id='2cf71b96-a4d1-4ea6-89f3-ac44cdec1016' status='PLACED' eta_days=2, request: sku='4cc0770f-91bc-4c0d-a26f-7b872f02ca94' qty=113 preferred_supplier='IGI'
2026-08-17 16:04:29,048 - INFO - Request for order_from_supplier external, request: sku='4cc0770f-91bc-4c0d-a26f-7b872f02ca94' qty=114 preferred_supplier='IGI'
2026-08-17 16:04:29,252 - INFO - Request for order_from_supplier successfully processed, result: supplier_order_id='d1f83cf4-5d92-4ee1-9848-17ba8d392c7c' status='PLACED' eta_days=2, request: sku='4cc0770f-91bc-4c0d-a26f-7b872f02ca94' qty=114 preferred_supplier='IGI'
2026-08-17 16:04:29,261 - INFO - Request for order_from_supplier external, request: sku='4cc0770f-91bc-4c0d-a26f-7b872f02ca94' qty=115 preferred_supplier='IGI'
2026-08-17 16:04:29,464 - INFO - Request for order_from_supplier successfully processed, result: supplier_order_id='e2bd48f5-d4a2-4c0f-b8af-254cf857a586' status='PLACED' eta_days=2, request: sku='4cc0770f-91bc-4c0d-a26f-7b872f02ca94' qty=115 preferred_supplier='IGI'
2026-08-17 16:04:29,474 - INFO - Request for order_from_supplier external, request: sku='4cc0770f-91bc-4c0d-a26f-7b872f02ca94' qty=116 preferred_supplier='IGI'
2026-08-17 16:04:29,677 - INFO - Request for order_from_supplier successfully processed, result: supplier_order_id='0bb3f2ab-540e-40a3-a276-dfc5ecf70e62' status='PLACED' eta_days=2, request: sku='4cc0770f-91bc-4c0d-a26f-7b872f02ca94' qty=116 preferred_supplier='IGI'
2026-08-17 16:04:29,682 - INFO - Request for order_from_supplier external, request: sku='4cc0770f-91bc-4c0d-a26f-7b872f02ca94' qty=117 preferred_supplier='IGI'
2026-08-17 16:04:29,885 - INFO - Request for order_from_supplier successfully processed, result: supplier_order_id='66f09671-349e-483a-a115-336185663e16' status='PLACED' eta_days=2, request: sku='4cc0770f-91bc-4c0d-a26f-7b872f02ca94' qty=117 preferred_supplier='IGI'
2026-08-17 16:04:29,891 - INFO - Request for order_from_supplier external, request: sku='4cc0770f-91bc-4c0d-a26f-7b872f02ca94' qty=118 preferred_supplier='IGI'
2026-08-17 16:04:30,092 - INFO - Request for order_from_supplier successfully processed, result: supplier_order_id='bf11ba0c-8134-4b54-9d9b-eb4944c112e7' status='PLACED' eta_days=2, request: sku='4cc0770f-91bc-4c0d-a26f-7b872f02ca94' qty=118 preferred_supplier='IGI'
2026-08-17 16:04:30,095 - INFO - Request for order_from_supplier external, request: sku='4cc0770f-91bc-4c0d-a26f-7b872f02ca94' qty=119 preferred_supplier='IGI'
2026-08-17 16:04:30,297 - INFO - Request for order_from_supplier successfully processed, result: supplier_order_id='3113a03c-83d4-463c-9320-054a91a215de' status='PLACED' eta_days=2, request: sku='4cc0770f-91bc-4c0d-a26f-7b872f02ca94' qty=119 preferred_supplier='IGI'
2026-08-17 16:04:30,302 - INFO - Request for order_from_supplier external, request: sku='4cc0770f-91bc-4c0d-a26f-7b872f02ca94' qty=120 preferred_supplier='IGI'
2026-08-17 16:04:30,504 - INFO - Request for order_from_supplier successfully processed, result: supplier_order_id='b55d2200-c7ff-499f-b8e4-8c0d27322524' status='PLACED' eta_days=2, request: sku='4cc0770f-91bc-4c0d-a26f-7b872f02ca94' qty=120 preferred_supplier='IGI'
2026-08-17 16:04:30,509 - INFO - Request for order_from_supplier external, request: sku='4cc0770f-91bc-4c0d-a26f-7b872f02ca94' qty=121 preferred_supplier='IGI'
2026-08-17 16:04:30,710 - INFO - Request for order_from_supplier successfully processed, result: supplier_order_id='7f73115b-42cb-46f3-b7cc-15f1bca06a50' status='PLACED' eta_days=2, request: sku='4cc0770f-91bc-4c0d-a26f-7b872f02ca94' qty=121 preferred_supplier='IGI'
2026-08-17 16:04:30,716 - INFO - Request for order_from_supplier external, request: sku='4cc0770f-91bc-4c0d-a26f-7b872f02ca94' qty=122 preferred_supplier='IGI'
2026-08-17 16:04:30,918 - INFO - Request for order_from_supplier successfully processed, result: supplier_order_id='660c9dcc-f477-4fb3-b287-9341d0a2717d' status='PLACED' eta_days=2, request: sku='4cc0770f-91bc-4c0d-a26f-7b872f02ca94' qty=122 preferred_supplier='IGI'
2026-08-17 16:04:30,922 - INFO - Request for order_from_supplier external, request: sku='4cc0770f-91bc-4c0d-a26f-7b872f02ca94' qty=123 preferred_supplier='IGI'
2026-08-17 16:04:31,124 - INFO - Request for order_from_supplier successfully processed, result: supplier_order_id='71d92a55-f130-4000-b222-284c510aa056' status='PLACED' eta_days=2, request: sku='4cc0770f-91bc-4c0d-a26f-7b872f02ca94' qty=123 preferred_supplier='IGI'
2026-08-17 16:04:31,128 - INFO - Request for order_from_supplier external, request: sku='4cc0770f-91bc-4c0d-a26f-7b872f02ca94' qty=124 preferred_supplier='IGI'
2026-08-17 16:04:31,331 - INFO - Request for order_from_supplier successfully processed, result: supplier_order_id='a9b76e5e-6a0b-4629-aea2-b2c61daa93be' status='PLACED' eta_days=2, request: sku='4cc0770f-91bc-4c0d-a26f-7b872f02ca94' qty=124 preferred_supplier='IGI'
2026-08-17 16:04:31,343 - INFO - Request for order_from_supplier external, request: sku='4cc0770f-91bc-4c0d-a26f-7b872f02ca94' qty=125 preferred_supplier='IGI'
2026-08-17 16:04:31,546 - INFO - Request for order_from_supplier successfully processed, result: supplier_order_id='01c19d66-96fd-4533-81fa-0e8e494e8d5d' status='PLACED' eta_days=2, request: sku='4cc0770f-91bc-4c0d-a26f-7b872f02ca94' qty=125 preferred_supplier='IGI'
2026-08-17 16:04:31,560 - INFO - Request for order_from_supplier external, request: sku='4cc0770f-91bc-4c0d-a26f-7b872f02ca94' qty=126 preferred_supplier='IGI'
2026-08-17 16:04:31,762 - INFO - Request for order_from_supplier successfully processed, result: supplier_order_id='1cf09cc4-2709-452e-8cd9-8b432260fffd' status='PLACED' eta_days=2, request: sku='4cc0770f-91bc-4c0d-a26f-7b872f02ca94' qty=126 preferred_supplier='IGI'
2026-08-17 16:04:31,776 - INFO - Request for order_from_supplier external, request: sku='4cc0770f-91bc-4c0d-a26f-7b872f02ca94' qty=127 preferred_supplier='IGI'
2026-08-17 16:04:31,978 - INFO - Request for order_from_supplier successfully processed, result: supplier_order_id='f5e669b2-ed34-48ee-8c86-a832f7467d3e' status='PLACED' eta_days=2, request: sku='4cc0770f-91bc-4c0d-a26f-7b872f02ca94' qty=127 preferred_supplier='IGI'
2026-08-17 16:04:31,987 - INFO - Request for order_from_supplier external, request: sku='4cc0770f-91bc-4c0d-a26f-7b872f02ca94' qty=128 preferred_supplier='IGI'
2026-08-17 16:04:32,190 - INFO - Request for order_from_supplier successfully processed, result: supplier_order_id='b6e7b28a-8e83-438a-83b6-39de6a4348d5' status='PLACED' eta_days=2, request: sku='4cc0770f-91bc-4c0d-a26f-7b872f02ca94' qty=128 preferred_supplier='IGI'
2026-08-17 16:04:32,199 - INFO - Request for order_from_supplier external, request: sku='4cc0770f-91bc-4c0d-a26f-7b872f02ca94' qty=129 preferred_supplier='IGI'
2026-08-17 16:04:32,402 - INFO - Request for order_from_supplier successfully processed, result: supplier_order_id='0e691fc7-2831-40cb-9b4a-ff4216c87510' status='PLACED' eta_days=2, request: sku='4cc0770f-91bc-4c0d-a26f-7b872f02ca94' qty=129 preferred_supplier='IGI'
2026-08-17 16:04:32,412 - INFO - Request for order_from_supplier external, request: sku='4cc0770f-91bc-4c0d-a26f-7b872f02ca94' qty=130 preferred_supplier='IGI'
2026-08-17 16:04:32,615 - INFO - Request for order_from_supplier successfully processed, result: supplier_order_id='11d95640-b2ca-4f09-85e0-5dc9be74ed60' status='PLACED' eta_days=2, request: sku='4cc0770f-91bc-4c0d-a26f-7b872f02ca94' qty=130 preferred_supplier='IGI'
2026-08-17 16:04:32,625 - INFO - Request for order_from_supplier external, request: sku='4cc0770f-91bc-4c0d-a26f-7b872f02ca94' qty=131 preferred_supplier='IGI'
2026-08-17 16:04:32,827 - INFO - Request for order_from_supplier successfully processed, result: supplier_order_id='03581200-05d9-4f4d-8530-e3d42d360da6' status='PLACED' eta_days=2, request: sku='4cc0770f-91bc-4c0d-a26f-7b872f02ca94' qty=131 preferred_supplier='IGI'
2026-08-17 16:04:32,830 - INFO - Request for order_from_supplier external, request: sku='4cc0770f-91bc-4c0d-a26f-7b872f02ca94' qty=132 preferred_supplier='IGI'
2026-08-17 16:04:33,033 - INFO - Request for order_from_supplier successfully processed, result: supplier_order_id='189af5e8-f17e-4fbf-b267-fff64ce369bb' status='PLACED' eta_days=2, request: sku='4cc0770f-91bc-4c0d-a26f-7b872f02ca94' qty=132 preferred_supplier='IGI'
2026-08-17 16:04:33,040 - INFO - Request for order_from_supplier external, request: sku='4cc0770f-91bc-4c0d-a26f-7b872f02ca94' qty=133 preferred_supplier='IGI'
2026-08-17 16:04:33,243 - INFO - Request for order_from_supplier successfully processed, result: supplier_order_id='c8aa0298-53a9-4107-abc0-da6cdb9fedef' status='PLACED' eta_days=2, request: sku='4cc0770f-91bc-4c0d-a26f-7b872f02ca94' qty=133 preferred_supplier='IGI'
2026-08-17 16:04:33,248 - INFO - Request for order_from_supplier external, request: sku='4cc0770f-91bc-4c0d-a26f-7b872f02ca94' qty=134 preferred_supplier='IGI'
2026-08-17 16:04:33,451 - INFO - Request for order_from_supplier successfully processed, result: supplier_order_id='cddab4f9-cd2b-4162-a6bb-08046950f43e' status='PLACED' eta_days=2, request: sku='4cc0770f-91bc-4c0d-a26f-7b872f02ca94' qty=134 preferred_supplier='IGI'
2026-08-17 16:04:33,457 - INFO - Request for order_from_supplier external, request: sku='4cc0770f-91bc-4c0d-a26f-7b872f02ca94' qty=135 preferred_supplier='IGI'
2026-08-17 16:04:33,659 - INFO - Request for order_from_supplier successfully processed, result: supplier_order_id='c32a87e0-23eb-4770-b48c-b4fed6786691' status='PLACED' eta_days=2, request: sku='4cc0770f-91bc-4c0d-a26f-7b872f02ca94' qty=135 preferred_supplier='IGI'
2026-08-17 16:04:33,665 - INFO - Request for order_from_supplier external, request: sku='4cc0770f-91bc-4c0d-a26f-7b872f02ca94' qty=136 preferred_supplier='IGI'
2026-08-17 16:04:33,867 - INFO - Request for order_from_supplier successfully processed, result: supplier_order_id='b95aae27-baf2-4c0a-8416-a726e3e1cfe8' status='PLACED' eta_days=2, request: sku='4cc0770f-91bc-4c0d-a26f-7b872f02ca94' qty=136 preferred_supplier='IGI'
2026-08-17 16:04:33,873 - INFO - Request for order_from_supplier external, request: sku='4cc0770f-91bc-4c0d-a26f-7b872f02ca94' qty=137 preferred_supplier='IGI'
2026-08-17 16:04:34,076 - INFO - Request for order_from_supplier successfully processed, result: supplier_order_id='5464714b-4381-4e0f-b1ab-e778b70f561f' status='PLACED' eta_days=2, request: sku='4cc0770f-91bc-4c0d-a26f-7b872f02ca94' qty=137 preferred_supplier='IGI'
2026-08-17 16:04:34,081 - INFO - Request for order_from_supplier external, request: sku='4cc0770f-91bc-4c0d-a26f-7b872f02ca94' qty=138 preferred_supplier='IGI'
2026-08-17 16:04:34,284 - INFO - Request for order_from_supplier successfully processed, result: supplier_order_id='95638934-4239-4bcd-a252-cc93e9473792' status='PLACED' eta_days=2, request: sku='4cc0770f-91bc-4c0d-a26f-7b872f02ca94' qty=138 preferred_supplier='IGI'
2026-08-17 16:04:34,290 - INFO - Request for order_from_supplier external, request: sku='4cc0770f-91bc-4c0d-a26f-7b872f02ca94' qty=139 preferred_supplier='IGI'
2026-08-17 16:04:34,493 - INFO - Request for order_from_supplier successfully processed, result: supplier_order_id='2c9376ad-3ceb-4dba-a255-430459b67a50' status='PLACED' eta_days=2, request: sku='4cc0770f-91bc-4c0d-a26f-7b872f02ca94' qty=139 preferred_supplier='IGI'
2026-08-17 16:04:34,501 - INFO - Request for order_from_supplier external, request: sku='4cc0770f-91bc-4c0d-a26f-7b872f02ca94' qty=140 preferred_supplier='IGI'
2026-08-17 16:04:34,703 - INFO - Request for order_from_supplier successfully processed, result: supplier_order_id='1754046b-3c95-471c-b57e-3fbe260a1dcb' status='PLACED' eta_days=2, request: sku='4cc0770f-91bc-4c0d-a26f-7b872f02ca94' qty=140 preferred_supplier='IGI'
2026-08-17 16:04:34,711 - INFO - Request for order_from_supplier external, request: sku='4cc0770f-91bc-4c0d-a26f-7b872f02ca94' qty=141 preferred_supplier='IGI'
2026-08-17 16:04:34,913 - INFO - Request for order_from_supplier successfully processed, result: supplier_order_id='2bbad344-9853-4067-ae58-c152cd3feb31' status='PLACED' eta_days=2, request: sku='4cc0770f-91bc-4c0d-a26f-7b872f02ca94' qty=141 preferred_supplier='IGI'
2026-08-17 16:04:34,919 - INFO - Request for order_from_supplier external, request: sku='4cc0770f-91bc-4c0d-a26f-7b872f02ca94' qty=142 preferred_supplier='IGI'
2026-08-17 16:04:35,121 - INFO - Request for order_from_supplier successfully processed, result: supplier_order_id='bdcf9ffd-5abe-4a54-9cf0-75b624f79ad3' status='PLACED' eta_days=2, request: sku='4cc0770f-91bc-4c0d-a26f-7b872f02ca94' qty=142 preferred_supplier='IGI'
2026-08-17 16:04:35,125 - INFO - Request for order_from_supplier external, request: sku='4cc0770f-91bc-4c0d-a26f-7b872f02ca94' qty=143 preferred_supplier='IGI'
2026-08-17 16:04:35,327 - INFO - Request for order_from_supplier successfully processed, result: supplier_order_id='71d472db-fe12-44a4-a8a7-3fa83352e002' status='PLACED' eta_days=2, request: sku='4cc0770f-91bc-4c0d-a26f-7b872f02ca94' qty=143 preferred_supplier='IGI'
2026-08-17 16:04:35,336 - INFO - Request for order_from_supplier external, request: sku='4cc0770f-91bc-4c0d-a26f-7b872f02ca94' qty=144 preferred_supplier='IGI'
2026-08-17 16:04:35,540 - INFO - Request for order_from_supplier successfully processed, result: supplier_order_id='c5e00196-827a-4284-884c-aed8fa6221c8' status='PLACED' eta_days=2, request: sku='4cc0770f-91bc-4c0d-a26f-7b872f02ca94' qty=144 preferred_supplier='IGI'
2026-08-17 16:04:35,549 - INFO - Request for order_from_supplier external, request: sku='4cc0770f-91bc-4c0d-a26f-7b872f02ca94' qty=145 preferred_supplier='IGI'
2026-08-17 16:04:35,750 - INFO - Request for order_from_supplier successfully processed, result: supplier_order_id='6ede5629-7a15-46b4-b75e-62f12f3a1dc7' status='PLACED' eta_days=2, request: sku='4cc0770f-91bc-4c0d-a26f-7b872f02ca94' qty=145 preferred_supplier='IGI'
2026-08-17 16:04:35,754 - INFO - Request for order_from_supplier external, request: sku='4cc0770f-91bc-4c0d-a26f-7b872f02ca94' qty=146 preferred_supplier='IGI'
2026-08-17 16:04:35,956 - INFO - Request for order_from_supplier successfully processed, result: supplier_order_id='665eb543-3dce-49a1-88c8-4db002ee286b' status='PLACED' eta_days=2, request: sku='4cc0770f-91bc-4c0d-a26f-7b872f02ca94' qty=146 preferred_supplier='IGI'
2026-08-17 16:04:35,962 - INFO - Request for order_from_supplier external, request: sku='4cc0770f-91bc-4c0d-a26f-7b872f02ca94' qty=147 preferred_supplier='IGI'
2026-08-17 16:04:36,164 - INFO - Request for order_from_supplier successfully processed, result: supplier_order_id='3a7af336-c781-4068-abc7-faf4d9908ec7' status='PLACED' eta_days=2, request: sku='4cc0770f-91bc-4c0d-a26f-7b872f02ca94' qty=147 preferred_supplier='IGI'
2026-08-17 16:04:36,171 - INFO - Request for order_from_supplier external, request: sku='4cc0770f-91bc-4c0d-a26f-7b872f02ca94' qty=148 preferred_supplier='IGI'
2026-08-17 16:04:36,373 - INFO - Request for order_from_supplier successfully processed, result: supplier_order_id='75e79bc3-6121-4282-aab1-f226f4555427' status='PLACED' eta_days=2, request: sku='4cc0770f-91bc-4c0d-a26f-7b872f02ca94' qty=148 preferred_supplier='IGI'
2026-08-17 16:04:36,376 - INFO - Request for order_from_supplier external, request: sku='4cc0770f-91bc-4c0d-a26f-7b872f02ca94' qty=149 preferred_supplier='IGI'
2026-08-17 16:04:36,579 - INFO - Request for order_from_supplier successfully processed, result: supplier_order_id='4754d466-19f5-436a-8137-4a13e70812dc' status='PLACED' eta_days=2, request: sku='4cc0770f-91bc-4c0d-a26f-7b872f02ca94' qty=149 preferred_supplier='IGI'
2026-08-17 16:04:36,586 - INFO - Request for order_from_supplier external, request: sku='4cc0770f-91bc-4c0d-a26f-7b872f02ca94' qty=150 preferred_supplier='IGI'
2026-08-17 16:04:36,789 - INFO - Request for order_from_supplier successfully processed, result: supplier_order_id='429b09f8-1041-4716-9cdf-8d75608c055f' status='PLACED' eta_days=2, request: sku='4cc0770f-91bc-4c0d-a26f-7b872f02ca94' qty=150 preferred_supplier='IGI'
2026-08-17 16:04:36,797 - INFO - Request for order_from_supplier external, request: sku='4cc0770f-91bc-4c0d-a26f-7b872f02ca94' qty=151 preferred_supplier='IGI'
2026-08-17 16:04:37,002 - INFO - Request for order_from_supplier successfully processed, result: supplier_order_id='54c3991f-402e-4bd6-9916-b3252ead7e30' status='PLACED' eta_days=2, request: sku='4cc0770f-91bc-4c0d-a26f-7b872f02ca94' qty=151 preferred_supplier='IGI'
2026-08-17 16:04:37,013 - INFO - Request for order_from_supplier external, request: sku='4cc0770f-91bc-4c0d-a26f-7b872f02ca94' qty=152 preferred_supplier='IGI'
2026-08-17 16:04:37,216 - INFO - Request for order_from_supplier successfully processed, result: supplier_order_id='338820bc-1651-4c1c-8b5a-0bd906a5d99a' status='PLACED' eta_days=2, request: sku='4cc0770f-91bc-4c0d-a26f-7b872f02ca94' qty=152 preferred_supplier='IGI'
2026-08-17 16:04:37,223 - INFO - Request for order_from_supplier external, request: sku='4cc0770f-91bc-4c0d-a26f-7b872f02ca94' qty=153 preferred_supplier='IGI'
2026-08-17 16:04:37,425 - INFO - Request for order_from_supplier successfully processed, result: supplier_order_id='7fd68d5d-10bc-42a6-b576-09b82f7841cb' status='PLACED' eta_days=2, request: sku='4cc0770f-91bc-4c0d-a26f-7b872f02ca94' qty=153 preferred_supplier='IGI'
2026-08-17 16:04:37,432 - INFO - Request for order_from_supplier external, request: sku='4cc0770f-91bc-4c0d-a26f-7b872f02ca94' qty=154 preferred_supplier='IGI'
2026-08-17 16:04:37,635 - INFO - Request for order_from_supplier successfully processed, result: supplier_order_id='523192e3-cfef-4d6c-8344-7a87f1d42221' status='PLACED' eta_days=2, request: sku='4cc0770f-91bc-4c0d-a26f-7b872f02ca94' qty=154 preferred_supplier='IGI'
2026-08-17 16:04:37,642 - INFO - Request for order_from_supplier external, request: sku='4cc0770f-91bc-4c0d-a26f-7b872f02ca94' qty=155 preferred_supplier='IGI'
2026-08-17 16:04:37,845 - INFO - Request for order_from_supplier successfully processed, result: supplier_order_id='d4071b90-373a-45e2-883b-cfec17f32022' status='PLACED' eta_days=2, request: sku='4cc0770f-91bc-4c0d-a26f-7b872f02ca94' qty=155 preferred_supplier='IGI'
2026-08-17 16:04:37,855 - INFO - Request for order_from_supplier external, request: sku='4cc0770f-91bc-4c0d-a26f-7b872f02ca94' qty=156 preferred_supplier='IGI'
2026-08-17 16:04:38,059 - INFO - Request for order_from_supplier successfully processed, result: supplier_order_id='e675634e-49a7-4360-a4d4-640e2dc0a007' status='PLACED' eta_days=2, request: sku='4cc0770f-91bc-4c0d-a26f-7b872f02ca94' qty=156 preferred_supplier='IGI'
2026-08-17 16:04:38,067 - INFO - Request for order_from_supplier external, request: sku='4cc0770f-91bc-4c0d-a26f-7b872f02ca94' qty=157 preferred_supplier='IGI'
2026-08-17 16:04:38,269 - INFO - Request for order_from_supplier successfully processed, result: supplier_order_id='4f7764ec-9d0c-4b41-ab91-5bf542e89fa0' status='PLACED' eta_days=2, request: sku='4cc0770f-91bc-4c0d-a26f-7b872f02ca94' qty=157 preferred_supplier='IGI'
2026-08-17 16:04:38,275 - INFO - Request for order_from_supplier external, request: sku='4cc0770f-91bc-4c0d-a26f-7b872f02ca94' qty=158 preferred_supplier='IGI'
2026-08-17 16:04:38,477 - INFO - Request for order_from_supplier successfully processed, result: supplier_order_id='d7aeb9ff-cd47-439a-b963-a3d38db1349f' status='PLACED' eta_days=2, request: sku='4cc0770f-91bc-4c0d-a26f-7b872f02ca94' qty=158 preferred_supplier='IGI'
2026-08-17 16:04:38,483 - INFO - Request for order_from_supplier external, request: sku='4cc0770f-91bc-4c0d-a26f-7b872f02ca94' qty=159 preferred_supplier='IGI'
2026-08-17 16:04:38,686 - INFO - Request for order_from_supplier successfully processed, result: supplier_order_id='974fe128-4810-426c-a0dd-6b0f190f70d3' status='PLACED' eta_days=2, request: sku='4cc0770f-91bc-4c0d-a26f-7b872f02ca94' qty=159 preferred_supplier='IGI'
2026-08-17 16:04:38,693 - INFO - Request for order_from_supplier external, request: sku='4cc0770f-91bc-4c0d-a26f-7b872f02ca94' qty=160 preferred_supplier='IGI'
2026-08-17 16:04:38,895 - INFO - Request for order_from_supplier successfully processed, result: supplier_order_id='b5721302-f2e5-45db-8eb0-1cace2306155' status='PLACED' eta_days=2, request: sku='4cc0770f-91bc-4c0d-a26f-7b872f02ca94' qty=160 preferred_supplier='IGI'
2026-08-17 16:04:38,899 - INFO - Request for order_from_supplier external, request: sku='4cc0770f-91bc-4c0d-a26f-7b872f02ca94' qty=161 preferred_supplier='IGI'
2026-08-17 16:04:39,101 - INFO - Request for order_from_supplier successfully processed, result: supplier_order_id='eddd4af3-8bb6-4d4e-90fe-87e684964220' status='PLACED' eta_days=2, request: sku='4cc0770f-91bc-4c0d-a26f-7b872f02ca94' qty=161 preferred_supplier='IGI'
2026-08-17 16:04:39,108 - INFO - Request for order_from_supplier external, request: sku='4cc0770f-91bc-4c0d-a26f-7b872f02ca94' qty=162 preferred_supplier='IGI'
2026-08-17 16:04:39,311 - INFO - Request for order_from_supplier successfully processed, result: supplier_order_id='23db617a-4ae2-4e3e-b57e-c1d52ffc8941' status='PLACED' eta_days=2, request: sku='4cc0770f-91bc-4c0d-a26f-7b872f02ca94' qty=162 preferred_supplier='IGI'
2026-08-17 16:04:39,319 - INFO - Request for order_from_supplier external, request: sku='4cc0770f-91bc-4c0d-a26f-7b872f02ca94' qty=163 preferred_supplier='IGI'
2026-08-17 16:04:39,522 - INFO - Request for order_from_supplier successfully processed, result: supplier_order_id='5212912b-7645-4843-9369-4e93d44d6e32' status='PLACED' eta_days=2, request: sku='4cc0770f-91bc-4c0d-a26f-7b872f02ca94' qty=163 preferred_supplier='IGI'
2026-08-17 16:04:39,529 - INFO - Request for order_from_supplier external, request: sku='4cc0770f-91bc-4c0d-a26f-7b872f02ca94' qty=164 preferred_supplier='IGI'
2026-08-17 16:04:39,731 - INFO - Request for order_from_supplier successfully processed, result: supplier_order_id='9daf104e-365e-477a-bfd7-02bada8a3052' status='PLACED' eta_days=2, request: sku='4cc0770f-91bc-4c0d-a26f-7b872f02ca94' qty=164 preferred_supplier='IGI'
2026-08-17 16:04:39,739 - INFO - Request for order_from_supplier external, request: sku='4cc0770f-91bc-4c0d-a26f-7b872f02ca94' qty=165 preferred_supplier='IGI'
2026-08-17 16:04:39,941 - INFO - Request for order_from_supplier successfully processed, result: supplier_order_id='faf2c884-7723-4d60-ba7e-35a8f30c9b3d' status='PLACED' eta_days=2, request: sku='4cc0770f-91bc-4c0d-a26f-7b872f02ca94' qty=165 preferred_supplier='IGI'
2026-08-17 16:04:39,945 - INFO - Request for order_from_supplier external, request: sku='4cc0770f-91bc-4c0d-a26f-7b872f02ca94' qty=166 preferred_supplier='IGI'
2026-08-17 16:04:40,147 - INFO - Request for order_from_supplier successfully processed, result: supplier_order_id='14513ecd-8726-470e-bb36-58029196a1b1' status='PLACED' eta_days=2, request: sku='4cc0770f-91bc-4c0d-a26f-7b872f02ca94' qty=166 preferred_supplier='IGI'
2026-08-17 16:04:40,153 - INFO - Request for order_from_supplier external, request: sku='4cc0770f-91bc-4c0d-a26f-7b872f02ca94' qty=167 preferred_supplier='IGI'
2026-08-17 16:04:40,355 - INFO - Request for order_from_supplier successfully processed, result: supplier_order_id='43ea519f-e38f-40dd-9992-e3e6162044ca' status='PLACED' eta_days=2, request: sku='4cc0770f-91bc-4c0d-a26f-7b872f02ca94' qty=167 preferred_supplier='IGI'
2026-08-17 16:04:40,360 - INFO - Request for order_from_supplier external, request: sku='4cc0770f-91bc-4c0d-a26f-7b872f02ca94' qty=168 preferred_supplier='IGI'
2026-08-17 16:04:40,562 - INFO - Request for order_from_supplier successfully processed, result: supplier_order_id='240d3515-261e-40c4-bb10-cc75e24420f0' status='PLACED' eta_days=2, request: sku='4cc0770f-91bc-4c0d-a26f-7b872f02ca94' qty=168 preferred_supplier='IGI'
2026-08-17 16:04:40,568 - INFO - Request for order_from_supplier external, request: sku='4cc0770f-91bc-4c0d-a26f-7b872f02ca94' qty=169 preferred_supplier='IGI'
2026-08-17 16:04:40,770 - INFO - Request for order_from_supplier successfully processed, result: supplier_order_id='27e3afa2-aa0d-4e33-aebb-0c410ff06efa' status='PLACED' eta_days=2, request: sku='4cc0770f-91bc-4c0d-a26f-7b872f02ca94' qty=169 preferred_supplier='IGI'
2026-08-17 16:04:40,776 - INFO - Request for order_from_supplier external, request: sku='4cc0770f-91bc-4c0d-a26f-7b872f02ca94' qty=170 preferred_supplier='IGI'
2026-08-17 16:04:40,978 - INFO - Request for order_from_supplier successfully processed, result: supplier_order_id='fb18b1d9-91ff-4e64-b155-ee456c91abe2' status='PLACED' eta_days=2, request: sku='4cc0770f-91bc-4c0d-a26f-7b872f02ca94' qty=170 preferred_supplier='IGI'
2026-08-17 16:04:40,984 - INFO - Request for order_from_supplier external, request: sku='4cc0770f-91bc-4c0d-a26f-7b872f02ca94' qty=171 preferred_supplier='IGI'
2026-08-17 16:04:41,186 - INFO - Request for order_from_supplier successfully processed, result: supplier_order_id='2fed711a-9452-488f-a9da-1266d719e5c7' status='PLACED' eta_days=2, request: sku='4cc0770f-91bc-4c0d-a26f-7b872f02ca94' qty=171 preferred_supplier='IGI'
2026-08-17 16:04:41,192 - INFO - Request for order_from_supplier external, request: sku='4cc0770f-91bc-4c0d-a26f-7b872f02ca94' qty=172 preferred_supplier='IGI'
2026-08-17 16:04:41,394 - INFO - Request for order_from_supplier successfully processed, result: supplier_order_id='b4acc629-63de-4c71-9256-58d08f7c6ec8' status='PLACED' eta_days=2, request: sku='4cc0770f-91bc-4c0d-a26f-7b872f02ca94' qty=172 preferred_supplier='IGI'
2026-08-17 16:04:41,400 - INFO - Request for order_from_supplier external, request: sku='4cc0770f-91bc-4c0d-a26f-7b872f02ca94' qty=173 preferred_supplier='IGI'
2026-08-17 16:04:41,602 - INFO - Request for order_from_supplier successfully processed, result: supplier_order_id='4e1b6c3d-80a5-4cfa-83ba-5608b24decf3' status='PLACED' eta_days=2, request: sku='4cc0770f-91bc-4c0d-a26f-7b872f02ca94' qty=173 preferred_supplier='IGI'
2026-08-17 16:04:41,609 - INFO - Request for order_from_supplier external, request: sku='4cc0770f-91bc-4c0d-a26f-7b872f02ca94' qty=174 preferred_supplier='IGI'
2026-08-17 16:04:41,814 - INFO - Request for order_from_supplier successfully processed, result: supplier_order_id='f162226b-ccd3-4d0d-9712-484287c7a15d' status='PLACED' eta_days=2, request: sku='4cc0770f-91bc-4c0d-a26f-7b872f02ca94' qty=174 preferred_supplier='IGI'
2026-08-17 16:04:41,828 - INFO - Request for order_from_supplier external, request: sku='4cc0770f-91bc-4c0d-a26f-7b872f02ca94' qty=175 preferred_supplier='IGI'
2026-08-17 16:04:42,029 - INFO - Request for order_from_supplier successfully processed, result: supplier_order_id='f91f02d2-bcda-4a92-bee2-06bcd03577f1' status='PLACED' eta_days=2, request: sku='4cc0770f-91bc-4c0d-a26f-7b872f02ca94' qty=175 preferred_supplier='IGI'
2026-08-17 16:04:42,038 - INFO - Request for order_from_supplier external, request: sku='4cc0770f-91bc-4c0d-a26f-7b872f02ca94' qty=176 preferred_supplier='IGI'
2026-08-17 16:04:42,241 - INFO - Request for order_from_supplier successfully processed, result: supplier_order_id='143965f1-beb3-4017-961e-a0df445d8e7e' status='PLACED' eta_days=2, request: sku='4cc0770f-91bc-4c0d-a26f-7b872f02ca94' qty=176 preferred_supplier='IGI'
2026-08-17 16:04:42,251 - INFO - Request for order_from_supplier external, request: sku='4cc0770f-91bc-4c0d-a26f-7b872f02ca94' qty=177 preferred_supplier='IGI'
2026-08-17 16:04:42,455 - INFO - Request for order_from_supplier successfully processed, result: supplier_order_id='a1c48ed1-9c57-42b2-bbdc-be990daf415a' status='PLACED' eta_days=2, request: sku='4cc0770f-91bc-4c0d-a26f-7b872f02ca94' qty=177 preferred_supplier='IGI'
2026-08-17 16:04:42,462 - INFO - Request for order_from_supplier external, request: sku='4cc0770f-91bc-4c0d-a26f-7b872f02ca94' qty=178 preferred_supplier='IGI'
2026-08-17 16:04:42,666 - INFO - Request for order_from_supplier successfully processed, result: supplier_order_id='d51e85d7-50e5-4ed5-a15a-2ef13e4d9f32' status='PLACED' eta_days=2, request: sku='4cc0770f-91bc-4c0d-a26f-7b872f02ca94' qty=178 preferred_supplier='IGI'
2026-08-17 16:04:42,676 - INFO - Request for order_from_supplier external, request: sku='4cc0770f-91bc-4c0d-a26f-7b872f02ca94' qty=179 preferred_supplier='IGI'
2026-08-17 16:04:42,878 - INFO - Request for order_from_supplier successfully processed, result: supplier_order_id='33d75d87-5cbc-4459-9aa4-bce850bb34cc' status='PLACED' eta_days=2, request: sku='4cc0770f-91bc-4c0d-a26f-7b872f02ca94' qty=179 preferred_supplier='IGI'
2026-08-17 16:04:42,886 - INFO - Request for order_from_supplier external, request: sku='4cc0770f-91bc-4c0d-a26f-7b872f02ca94' qty=180 preferred_supplier='IGI'
2026-08-17 16:04:43,089 - INFO - Request for order_from_supplier successfully processed, result: supplier_order_id='2875561d-a47d-4e12-83d3-b1b9d64ea387' status='PLACED' eta_days=2, request: sku='4cc0770f-91bc-4c0d-a26f-7b872f02ca94' qty=180 preferred_supplier='IGI'
2026-08-17 16:04:43,097 - INFO - Request for order_from_supplier external, request: sku='4cc0770f-91bc-4c0d-a26f-7b872f02ca94' qty=181 preferred_supplier='IGI'
2026-08-17 16:04:43,299 - INFO - Request for order_from_supplier successfully processed, result: supplier_order_id='e9e466ab-519d-4313-a622-9e4e9737d1a0' status='PLACED' eta_days=2, request: sku='4cc0770f-91bc-4c0d-a26f-7b872f02ca94' qty=181 preferred_supplier='IGI'
2026-08-17 16:04:43,305 - INFO - Request for order_from_supplier external, request: sku='4cc0770f-91bc-4c0d-a26f-7b872f02ca94' qty=182 preferred_supplier='IGI'
2026-08-17 16:04:43,507 - INFO - Request for order_from_supplier successfully processed, result: supplier_order_id='7d6dc89c-5d04-462a-bd2a-ae9b908c7e6b' status='PLACED' eta_days=2, request: sku='4cc0770f-91bc-4c0d-a26f-7b872f02ca94' qty=182 preferred_supplier='IGI'
2026-08-17 16:04:43,514 - INFO - Request for order_from_supplier external, request: sku='4cc0770f-91bc-4c0d-a26f-7b872f02ca94' qty=183 preferred_supplier='IGI'
2026-08-17 16:04:43,717 - INFO - Request for order_from_supplier successfully processed, result: supplier_order_id='a2917170-4111-401e-93e0-4a816a25a03f' status='PLACED' eta_days=2, request: sku='4cc0770f-91bc-4c0d-a26f-7b872f02ca94' qty=183 preferred_supplier='IGI'
2026-08-17 16:04:43,722 - INFO - Request for order_from_supplier external, request: sku='4cc0770f-91bc-4c0d-a26f-7b872f02ca94' qty=184 preferred_supplier='IGI'
2026-08-17 16:04:43,924 - INFO - Request for order_from_supplier successfully processed, result: supplier_order_id='a3056d84-4e56-4648-8d56-379a33f065c1' status='PLACED' eta_days=2, request: sku='4cc0770f-91bc-4c0d-a26f-7b872f02ca94' qty=184 preferred_supplier='IGI'
2026-08-17 16:04:43,929 - INFO - Request for order_from_supplier external, request: sku='4cc0770f-91bc-4c0d-a26f-7b872f02ca94' qty=185 preferred_supplier='IGI'
2026-08-17 16:04:44,132 - INFO - Request for order_from_supplier successfully processed, result: supplier_order_id='0f99dfa0-2549-4875-b304-4390b25f76f5' status='PLACED' eta_days=2, request: sku='4cc0770f-91bc-4c0d-a26f-7b872f02ca94' qty=185 preferred_supplier='IGI'
2026-08-17 16:04:44,140 - INFO - Request for order_from_supplier external, request: sku='4cc0770f-91bc-4c0d-a26f-7b872f02ca94' qty=186 preferred_supplier='IGI'
2026-08-17 16:04:44,342 - INFO - Request for order_from_supplier successfully processed, result: supplier_order_id='88f3be6e-5012-4770-b62a-835d59cd5372' status='PLACED' eta_days=2, request: sku='4cc0770f-91bc-4c0d-a26f-7b872f02ca94' qty=186 preferred_supplier='IGI'
2026-08-17 16:04:44,348 - INFO - Request for order_from_supplier external, request: sku='4cc0770f-91bc-4c0d-a26f-7b872f02ca94' qty=187 preferred_supplier='IGI'
2026-08-17 16:04:44,550 - INFO - Request for order_from_supplier successfully processed, result: supplier_order_id='05eecfcc-00e1-45a9-9e68-42fb47678636' status='PLACED' eta_days=2, request: sku='4cc0770f-91bc-4c0d-a26f-7b872f02ca94' qty=187 preferred_supplier='IGI'
2026-08-17 16:04:44,557 - INFO - Request for order_from_supplier external, request: sku='4cc0770f-91bc-4c0d-a26f-7b872f02ca94' qty=188 preferred_supplier='IGI'
2026-08-17 16:04:44,760 - INFO - Request for order_from_supplier successfully processed, result: supplier_order_id='28c1f31c-9f34-4a9a-bd9d-37b9ff927749' status='PLACED' eta_days=2, request: sku='4cc0770f-91bc-4c0d-a26f-7b872f02ca94' qty=188 preferred_supplier='IGI'
2026-08-17 16:04:44,770 - INFO - Request for order_from_supplier external, request: sku='4cc0770f-91bc-4c0d-a26f-7b872f02ca94' qty=189 preferred_supplier='IGI'
2026-08-17 16:04:44,972 - INFO - Request for order_from_supplier successfully processed, result: supplier_order_id='d482045c-3fe6-47b3-8cb5-8b02014da96d' status='PLACED' eta_days=2, request: sku='4cc0770f-91bc-4c0d-a26f-7b872f02ca94' qty=189 preferred_supplier='IGI'
2026-08-17 16:04:44,976 - INFO - Request for order_from_supplier external, request: sku='4cc0770f-91bc-4c0d-a26f-7b872f02ca94' qty=190 preferred_supplier='IGI'
2026-08-17 16:04:45,178 - INFO - Request for order_from_supplier successfully processed, result: supplier_order_id='e4ba8b4d-1c5c-4c43-9654-f9d1d0a23ca3' status='PLACED' eta_days=2, request: sku='4cc0770f-91bc-4c0d-a26f-7b872f02ca94' qty=190 preferred_supplier='IGI'
2026-08-17 16:04:45,186 - INFO - Request for order_from_supplier external, request: sku='4cc0770f-91bc-4c0d-a26f-7b872f02ca94' qty=191 preferred_supplier='IGI'
2026-08-17 16:04:45,388 - INFO - Request for order_from_supplier successfully processed, result: supplier_order_id='76f745ce-b8d5-4aab-89db-132ea4591781' status='PLACED' eta_days=2, request: sku='4cc0770f-91bc-4c0d-a26f-7b872f02ca94' qty=191 preferred_supplier='IGI'
2026-08-17 16:04:45,391 - INFO - Request for order_from_supplier external, request: sku='4cc0770f-91bc-4c0d-a26f-7b872f02ca94' qty=192 preferred_supplier='IGI'
2026-08-17 16:04:45,594 - INFO - Request for order_from_supplier successfully processed, result: supplier_order_id='93ed7faf-461c-4b18-ad68-a9ee44d9d317' status='PLACED' eta_days=2, request: sku='4cc0770f-91bc-4c0d-a26f-7b872f02ca94' qty=192 preferred_supplier='IGI'
2026-08-17 16:04:45,601 - INFO - Request for order_from_supplier external, request: sku='4cc0770f-91bc-4c0d-a26f-7b872f02ca94' qty=193 preferred_supplier='IGI'
2026-08-17 16:04:45,804 - INFO - Request for order_from_supplier successfully processed, result: supplier_order_id='c861926f-2cbd-46ef-bd6b-40655d938668' status='PLACED' eta_days=2, request: sku='4cc0770f-91bc-4c0d-a26f-7b872f02ca94' qty=193 preferred_supplier='IGI'
2026-08-17 16:04:45,811 - INFO - Request for order_from_supplier external, request: sku='4cc0770f-91bc-4c0d-a26f-7b872f02ca94' qty=194 preferred_supplier='IGI'
2026-08-17 16:04:46,013 - INFO - Request for order_from_supplier successfully processed, result: supplier_order_id='35c154b3-da69-4c58-b234-859222aa5dfd' status='PLACED' eta_days=2, request: sku='4cc0770f-91bc-4c0d-a26f-7b872f02ca94' qty=194 preferred_supplier='IGI'
2026-08-17 16:04:46,021 - INFO - Request for order_from_supplier external, request: sku='4cc0770f-91bc-4c0d-a26f-7b872f02ca94' qty=195 preferred_supplier='IGI'
2026-08-17 16:04:46,223 - INFO - Request for order_from_supplier successfully processed, result: supplier_order_id='adccc83f-cc81-478f-b2f3-89ff90875bb7' status='PLACED' eta_days=2, request: sku='4cc0770f-91bc-4c0d-a26f-7b872f02ca94' qty=195 preferred_supplier='IGI'
2026-08-17 16:04:46,229 - INFO - Request for order_from_supplier external, request: sku='4cc0770f-91bc-4c0d-a26f-7b872f02ca94' qty=196 preferred_supplier='IGI'
2026-08-17 16:04:46,431 - INFO - Request for order_from_supplier successfully processed, result: supplier_order_id='dca9dfe4-173e-4020-b5cb-5b43b5359a8d' status='PLACED' eta_days=2, request: sku='4cc0770f-91bc-4c0d-a26f-7b872f02ca94' qty=196 preferred_supplier='IGI'
2026-08-17 16:04:46,438 - INFO - Request for order_from_supplier external, request: sku='4cc0770f-91bc-4c0d-a26f-7b872f02ca94' qty=197 preferred_supplier='IGI'
2026-08-17 16:04:46,640 - INFO - Request for order_from_supplier successfully processed, result: supplier_order_id='1639969c-7fa2-4b88-9bdc-4287af29b1cd' status='PLACED' eta_days=2, request: sku='4cc0770f-91bc-4c0d-a26f-7b872f02ca94' qty=197 preferred_supplier='IGI'
2026-08-17 16:04:46,647 - INFO - Request for order_from_supplier external, request: sku='4cc0770f-91bc-4c0d-a26f-7b872f02ca94' qty=198 preferred_supplier='IGI'
2026-08-17 16:04:46,849 - INFO - Request for order_from_supplier successfully processed, result: supplier_order_id='584656e0-2d8e-4140-ae89-0ac927994119' status='PLACED' eta_days=2, request: sku='4cc0770f-91bc-4c0d-a26f-7b872f02ca94' qty=198 preferred_supplier='IGI'
2026-08-17 16:04:46,857 - INFO - Request for order_from_supplier external, request: sku='4cc0770f-91bc-4c0d-a26f-7b872f02ca94' qty=199 preferred_supplier='IGI'
2026-08-17 16:04:47,060 - INFO - Request for order_from_supplier successfully processed, result: supplier_order_id='0b90e9f5-5dda-415b-a247-fa58fa222ec0' status='PLACED' eta_days=2, request: sku='4cc0770f-91bc-4c0d-a26f-7b872f02ca94' qty=199 preferred_supplier='IGI'
2026-08-17 16:04:47,067 - INFO - Request for order_from_supplier external, request: sku='4cc0770f-91bc-4c0d-a26f-7b872f02ca94' qty=200 preferred_supplier='IGI'
2026-08-17 16:04:47,269 - INFO - Request for order_from_supplier successfully processed, result: supplier_order_id='14820b43-154e-4b05-8f87-e3e1bb8a4516' status='PLACED' eta_days=2, request: sku='4cc0770f-91bc-4c0d-a26f-7b872f02ca94' qty=200 preferred_supplier='IGI'
2026-08-17 16:09:53,031 - INFO - Procurement connected to mongo
2026-08-17 16:12:34,190 - INFO - Procurement connected to mongo
