2026-05-09 12:04:42,644 - WARNING - Duplicate subscription attempt for user '1' and promo code 'SUMMER20'
2026-05-09 12:04:57,987 - INFO - Fetched 0 active subscriptions for user '2'
2026-05-09 12:04:57,987 - INFO - Sorted active subscriptions for user '2' by discount percent
2026-05-09 12:04:57,987 - INFO - Active subscriptions for user '2': []
2026-05-09 12:05:01,023 - INFO - Fetched 1 active subscriptions for user '1'
2026-05-09 12:05:01,024 - INFO - Sorted active subscriptions for user '1' by discount percent
2026-05-09 12:05:01,024 - INFO - Active subscriptions for user '1': [('SUMMER20', 20.0)]
2026-05-09 12:14:38,640 - INFO - Subscription created for user '1' with promo code 'SUMMER20'
2026-05-09 12:14:50,013 - INFO - Fetched and sorted 1 active subscriptions for user '1'
2026-05-09 12:15:16,390 - WARNING - Subscription attempt with invalid promo code: '1'
2026-05-09 12:15:32,648 - INFO - Duplicate subscription attempt: user '1' already subscribed to 'SUMMER20'
2026-05-09 12:15:42,858 - INFO - Fetched and sorted 0 active subscriptions for user '1'
2026-05-09 12:15:43,887 - INFO - Fetched and sorted 0 active subscriptions for user '1'
2026-05-09 12:15:46,651 - INFO - Subscription created for user '1' with promo code 'SUMMER20'
2026-05-09 12:15:53,123 - INFO - Fetched and sorted 1 active subscriptions for user '1'
2026-05-09 12:15:55,655 - INFO - Fetched and sorted 1 active subscriptions for user '1'
2026-05-09 12:17:42,413 - INFO - Fetched and sorted 0 active subscriptions for user '2'
2026-05-09 12:17:45,380 - INFO - Fetched and sorted 1 active subscriptions for user '1'
2026-05-17 17:28:49,770 - INFO - Fetched and sorted 1 active subscriptions for user '1'
2026-05-17 17:29:07,942 - INFO - Fetched and sorted 1 active subscriptions for user '1'
2026-05-17 17:29:14,525 - INFO - Fetched and sorted 1 active subscriptions for user '1'
2026-05-17 17:29:20,582 - INFO - Fetched and sorted 1 active subscriptions for user '1'
2026-05-17 17:29:26,691 - INFO - Fetched and sorted 1 active subscriptions for user '1'
2026-05-17 17:29:50,519 - INFO - Fetched and sorted 1 active subscriptions for user '1'
2026-05-17 17:29:51,236 - INFO - Fetched and sorted 1 active subscriptions for user '1'
2026-05-17 17:29:51,784 - INFO - Fetched and sorted 1 active subscriptions for user '1'
2026-05-17 17:29:52,399 - INFO - Fetched and sorted 1 active subscriptions for user '1'
2026-05-17 17:29:53,008 - INFO - Fetched and sorted 1 active subscriptions for user '1'
2026-05-17 17:29:53,580 - INFO - Fetched and sorted 1 active subscriptions for user '1'
2026-05-17 17:29:53,605 - INFO - Fetched and sorted 1 active subscriptions for user '1'
2026-05-17 17:29:53,634 - INFO - Fetched and sorted 1 active subscriptions for user '1'
2026-05-17 17:29:53,661 - INFO - Fetched and sorted 1 active subscriptions for user '1'
2026-05-17 17:29:53,699 - INFO - Fetched and sorted 1 active subscriptions for user '1'
2026-05-17 17:29:53,750 - INFO - Fetched and sorted 1 active subscriptions for user '1'
2026-05-17 17:29:53,804 - INFO - Fetched and sorted 1 active subscriptions for user '1'
2026-05-17 17:29:53,834 - INFO - Fetched and sorted 1 active subscriptions for user '1'
2026-05-17 17:29:53,863 - INFO - Fetched and sorted 1 active subscriptions for user '1'
2026-05-17 17:30:33,658 - INFO - Fetched and sorted 1 active subscriptions for user '1'
2026-05-17 17:30:34,199 - INFO - Fetched and sorted 1 active subscriptions for user '1'
2026-05-17 17:30:34,812 - INFO - Fetched and sorted 1 active subscriptions for user '1'
2026-05-17 17:30:35,442 - INFO - Fetched and sorted 1 active subscriptions for user '1'
2026-05-17 17:30:36,060 - INFO - Fetched and sorted 1 active subscriptions for user '1'
2026-05-17 17:30:36,691 - INFO - Fetched and sorted 1 active subscriptions for user '1'
2026-05-17 17:34:53,432 - INFO - Fetched and sorted 1 active subscriptions for user '1'
2026-05-17 17:34:53,973 - INFO - Fetched and sorted 1 active subscriptions for user '1'
2026-05-17 17:34:54,579 - INFO - Fetched and sorted 1 active subscriptions for user '1'
2026-05-17 17:34:55,186 - INFO - Fetched and sorted 1 active subscriptions for user '1'
2026-05-17 17:34:55,768 - INFO - Fetched and sorted 1 active subscriptions for user '1'
2026-05-17 17:34:56,363 - INFO - Fetched and sorted 1 active subscriptions for user '1'
2026-05-17 17:34:56,417 - INFO - Fetched and sorted 1 active subscriptions for user '1'
2026-05-17 17:34:56,456 - INFO - Fetched and sorted 1 active subscriptions for user '1'
2026-05-17 17:34:56,493 - INFO - Fetched and sorted 1 active subscriptions for user '1'
2026-05-17 17:34:56,530 - INFO - Fetched and sorted 1 active subscriptions for user '1'
2026-05-17 17:34:56,567 - INFO - Fetched and sorted 1 active subscriptions for user '1'
2026-05-17 17:34:56,606 - INFO - Fetched and sorted 1 active subscriptions for user '1'
2026-05-17 17:34:56,645 - INFO - Fetched and sorted 1 active subscriptions for user '1'
2026-05-17 17:34:56,695 - INFO - Fetched and sorted 1 active subscriptions for user '1'
2026-05-17 17:34:56,736 - INFO - Fetched and sorted 1 active subscriptions for user '1'
2026-05-17 17:34:56,790 - INFO - Fetched and sorted 1 active subscriptions for user '1'
2026-05-17 17:34:56,846 - INFO - Fetched and sorted 1 active subscriptions for user '1'
2026-05-17 17:34:56,888 - INFO - Fetched and sorted 1 active subscriptions for user '1'
2026-05-17 17:34:56,922 - INFO - Fetched and sorted 1 active subscriptions for user '1'
2026-05-17 17:34:56,953 - INFO - Fetched and sorted 1 active subscriptions for user '1'
2026-05-17 17:35:15,682 - INFO - Fetched and sorted 1 active subscriptions for user '1'
2026-05-17 17:35:16,370 - INFO - Fetched and sorted 1 active subscriptions for user '1'
2026-05-17 17:35:16,983 - INFO - Fetched and sorted 1 active subscriptions for user '1'
2026-05-17 17:35:17,548 - INFO - Fetched and sorted 1 active subscriptions for user '1'
2026-05-17 17:35:18,123 - INFO - Fetched and sorted 1 active subscriptions for user '1'
2026-05-17 17:35:18,695 - INFO - Fetched and sorted 1 active subscriptions for user '1'
2026-05-17 17:35:18,730 - INFO - Fetched and sorted 1 active subscriptions for user '1'
2026-05-17 17:35:18,773 - INFO - Fetched and sorted 1 active subscriptions for user '1'
2026-05-17 17:35:18,811 - INFO - Fetched and sorted 1 active subscriptions for user '1'
2026-05-17 17:35:18,845 - INFO - Fetched and sorted 1 active subscriptions for user '1'
2026-05-17 17:35:18,875 - INFO - Fetched and sorted 1 active subscriptions for user '1'
2026-05-17 17:35:18,910 - INFO - Fetched and sorted 1 active subscriptions for user '1'
2026-05-17 17:35:18,949 - INFO - Fetched and sorted 1 active subscriptions for user '1'
2026-05-17 17:35:19,005 - INFO - Fetched and sorted 1 active subscriptions for user '1'
2026-05-17 17:35:19,031 - INFO - Fetched and sorted 1 active subscriptions for user '1'
2026-05-17 17:35:19,049 - INFO - Fetched and sorted 1 active subscriptions for user '1'
2026-05-17 17:35:19,068 - INFO - Fetched and sorted 1 active subscriptions for user '1'
2026-05-17 17:35:19,088 - INFO - Fetched and sorted 1 active subscriptions for user '1'
2026-05-17 17:35:19,118 - INFO - Fetched and sorted 1 active subscriptions for user '1'
2026-05-17 17:35:19,146 - INFO - Fetched and sorted 1 active subscriptions for user '1'
2026-08-17 17:29:11,754 - WARNING - Subscription attempt with invalid promo code: 'INVALID_CODE'
2026-08-17 17:29:11,773 - INFO - Subscription attempt with expired promo code: 'FLASH50'
2026-08-17 17:29:11,787 - INFO - Subscription created for user 'test_user_dup' with promo code 'SUMMER20'
2026-08-17 17:29:11,795 - INFO - Duplicate subscription attempt: user 'test_user_dup' already subscribed to 'SUMMER20'
2026-08-17 17:29:11,806 - INFO - Subscription created for user 'user_sub_1' with promo code 'SUMMER20'
2026-08-17 17:29:11,813 - INFO - Fetched and sorted 1 active subscriptions for user 'user_sub_1'
2026-08-17 17:29:11,830 - INFO - Subscription created for user 'user_sub_2' with promo code 'SUMMER20'
2026-08-17 17:29:11,842 - INFO - Fetched and sorted 1 active subscriptions for user 'user_sub_2'
2026-08-17 17:29:11,863 - INFO - Subscription created for user 'user_sub_3' with promo code 'SUMMER20'
2026-08-17 17:29:11,869 - INFO - Fetched and sorted 1 active subscriptions for user 'user_sub_3'
2026-08-17 17:29:11,880 - INFO - Subscription created for user 'user_sub_4' with promo code 'SUMMER20'
2026-08-17 17:29:11,885 - INFO - Fetched and sorted 1 active subscriptions for user 'user_sub_4'
2026-08-17 17:29:11,894 - INFO - Subscription created for user 'user_sub_5' with promo code 'SUMMER20'
2026-08-17 17:29:11,898 - INFO - Fetched and sorted 1 active subscriptions for user 'user_sub_5'
2026-08-17 17:29:11,907 - INFO - Subscription created for user 'user_sub_6' with promo code 'SUMMER20'
2026-08-17 17:29:11,911 - INFO - Fetched and sorted 1 active subscriptions for user 'user_sub_6'
2026-08-17 17:29:11,920 - INFO - Subscription created for user 'user_sub_7' with promo code 'SUMMER20'
2026-08-17 17:29:11,924 - INFO - Fetched and sorted 1 active subscriptions for user 'user_sub_7'
2026-08-17 17:29:11,932 - INFO - Subscription created for user 'user_sub_8' with promo code 'SUMMER20'
2026-08-17 17:29:11,936 - INFO - Fetched and sorted 1 active subscriptions for user 'user_sub_8'
2026-08-17 17:29:11,944 - INFO - Subscription created for user 'user_sub_9' with promo code 'SUMMER20'
2026-08-17 17:29:11,949 - INFO - Fetched and sorted 1 active subscriptions for user 'user_sub_9'
2026-08-17 17:29:11,957 - INFO - Subscription created for user 'user_sub_10' with promo code 'SUMMER20'
2026-08-17 17:29:11,960 - INFO - Fetched and sorted 1 active subscriptions for user 'user_sub_10'
2026-08-17 17:29:11,969 - INFO - Subscription created for user 'user_sub_11' with promo code 'SUMMER20'
2026-08-17 17:29:11,973 - INFO - Fetched and sorted 1 active subscriptions for user 'user_sub_11'
2026-08-17 17:29:11,981 - INFO - Subscription created for user 'user_sub_12' with promo code 'SUMMER20'
2026-08-17 17:29:11,985 - INFO - Fetched and sorted 1 active subscriptions for user 'user_sub_12'
2026-08-17 17:29:11,993 - INFO - Subscription created for user 'user_sub_13' with promo code 'SUMMER20'
2026-08-17 17:29:11,997 - INFO - Fetched and sorted 1 active subscriptions for user 'user_sub_13'
2026-08-17 17:29:12,008 - INFO - Subscription created for user 'user_sub_14' with promo code 'SUMMER20'
2026-08-17 17:29:12,013 - INFO - Fetched and sorted 1 active subscriptions for user 'user_sub_14'
2026-08-17 17:29:12,022 - INFO - Subscription created for user 'user_sub_15' with promo code 'SUMMER20'
2026-08-17 17:29:12,026 - INFO - Fetched and sorted 1 active subscriptions for user 'user_sub_15'
2026-08-17 17:29:12,034 - INFO - Subscription created for user 'user_sub_16' with promo code 'SUMMER20'
2026-08-17 17:29:12,038 - INFO - Fetched and sorted 1 active subscriptions for user 'user_sub_16'
2026-08-17 17:29:12,046 - INFO - Subscription created for user 'user_sub_17' with promo code 'SUMMER20'
2026-08-17 17:29:12,050 - INFO - Fetched and sorted 1 active subscriptions for user 'user_sub_17'
2026-08-17 17:29:12,058 - INFO - Subscription created for user 'user_sub_18' with promo code 'SUMMER20'
2026-08-17 17:29:12,062 - INFO - Fetched and sorted 1 active subscriptions for user 'user_sub_18'
2026-08-17 17:29:12,070 - INFO - Subscription created for user 'user_sub_19' with promo code 'SUMMER20'
2026-08-17 17:29:12,075 - INFO - Fetched and sorted 1 active subscriptions for user 'user_sub_19'
2026-08-17 17:29:12,087 - INFO - Subscription created for user 'user_sub_20' with promo code 'SUMMER20'
2026-08-17 17:29:12,091 - INFO - Fetched and sorted 1 active subscriptions for user 'user_sub_20'
2026-08-17 17:29:12,102 - INFO - Subscription created for user 'user_sub_21' with promo code 'SUMMER20'
2026-08-17 17:29:12,107 - INFO - Fetched and sorted 1 active subscriptions for user 'user_sub_21'
2026-08-17 17:29:12,122 - INFO - Subscription created for user 'user_sub_22' with promo code 'SUMMER20'
2026-08-17 17:29:12,126 - INFO - Fetched and sorted 1 active subscriptions for user 'user_sub_22'
2026-08-17 17:29:12,138 - INFO - Subscription created for user 'user_sub_23' with promo code 'SUMMER20'
2026-08-17 17:29:12,142 - INFO - Fetched and sorted 1 active subscriptions for user 'user_sub_23'
2026-08-17 17:29:12,154 - INFO - Subscription created for user 'user_sub_24' with promo code 'SUMMER20'
2026-08-17 17:29:12,158 - INFO - Fetched and sorted 1 active subscriptions for user 'user_sub_24'
2026-08-17 17:29:12,169 - INFO - Subscription created for user 'user_sub_25' with promo code 'SUMMER20'
2026-08-17 17:29:12,173 - INFO - Fetched and sorted 1 active subscriptions for user 'user_sub_25'
2026-08-17 17:29:12,185 - INFO - Subscription created for user 'user_sub_26' with promo code 'SUMMER20'
2026-08-17 17:29:12,189 - INFO - Fetched and sorted 1 active subscriptions for user 'user_sub_26'
2026-08-17 17:29:12,198 - INFO - Subscription created for user 'user_sub_27' with promo code 'SUMMER20'
2026-08-17 17:29:12,202 - INFO - Fetched and sorted 1 active subscriptions for user 'user_sub_27'
2026-08-17 17:29:12,211 - INFO - Subscription created for user 'user_sub_28' with promo code 'SUMMER20'
2026-08-17 17:29:12,217 - INFO - Fetched and sorted 1 active subscriptions for user 'user_sub_28'
2026-08-17 17:29:12,225 - INFO - Subscription created for user 'user_sub_29' with promo code 'SUMMER20'
2026-08-17 17:29:12,229 - INFO - Fetched and sorted 1 active subscriptions for user 'user_sub_29'
2026-08-17 17:29:12,238 - INFO - Subscription created for user 'user_sub_30' with promo code 'SUMMER20'
2026-08-17 17:29:12,242 - INFO - Fetched and sorted 1 active subscriptions for user 'user_sub_30'
2026-08-17 17:29:12,252 - INFO - Subscription created for user 'user_sub_31' with promo code 'SUMMER20'
2026-08-17 17:29:12,256 - INFO - Fetched and sorted 1 active subscriptions for user 'user_sub_31'
2026-08-17 17:29:12,266 - INFO - Subscription created for user 'user_sub_32' with promo code 'SUMMER20'
2026-08-17 17:29:12,270 - INFO - Fetched and sorted 1 active subscriptions for user 'user_sub_32'
2026-08-17 17:29:12,281 - INFO - Subscription created for user 'user_sub_33' with promo code 'SUMMER20'
2026-08-17 17:29:12,287 - INFO - Fetched and sorted 1 active subscriptions for user 'user_sub_33'
2026-08-17 17:29:12,297 - INFO - Subscription created for user 'user_sub_34' with promo code 'SUMMER20'
2026-08-17 17:29:12,302 - INFO - Fetched and sorted 1 active subscriptions for user 'user_sub_34'
2026-08-17 17:29:12,312 - INFO - Subscription created for user 'user_sub_35' with promo code 'SUMMER20'
2026-08-17 17:29:12,316 - INFO - Fetched and sorted 1 active subscriptions for user 'user_sub_35'
2026-08-17 17:29:12,324 - INFO - Subscription created for user 'user_sub_36' with promo code 'SUMMER20'
2026-08-17 17:29:12,328 - INFO - Fetched and sorted 1 active subscriptions for user 'user_sub_36'
2026-08-17 17:29:12,338 - INFO - Subscription created for user 'user_sub_37' with promo code 'SUMMER20'
2026-08-17 17:29:12,342 - INFO - Fetched and sorted 1 active subscriptions for user 'user_sub_37'
2026-08-17 17:29:12,351 - INFO - Subscription created for user 'user_sub_38' with promo code 'SUMMER20'
2026-08-17 17:29:12,355 - INFO - Fetched and sorted 1 active subscriptions for user 'user_sub_38'
2026-08-17 17:29:12,363 - INFO - Subscription created for user 'user_sub_39' with promo code 'SUMMER20'
2026-08-17 17:29:12,367 - INFO - Fetched and sorted 1 active subscriptions for user 'user_sub_39'
2026-08-17 17:29:12,375 - INFO - Subscription created for user 'user_sub_40' with promo code 'SUMMER20'
2026-08-17 17:29:12,381 - INFO - Fetched and sorted 1 active subscriptions for user 'user_sub_40'
2026-08-17 17:29:12,389 - INFO - Subscription created for user 'user_sub_41' with promo code 'SUMMER20'
2026-08-17 17:29:12,393 - INFO - Fetched and sorted 1 active subscriptions for user 'user_sub_41'
2026-08-17 17:29:12,402 - INFO - Subscription created for user 'user_sub_42' with promo code 'SUMMER20'
2026-08-17 17:29:12,406 - INFO - Fetched and sorted 1 active subscriptions for user 'user_sub_42'
2026-08-17 17:29:12,416 - INFO - Subscription created for user 'user_sub_43' with promo code 'SUMMER20'
2026-08-17 17:29:12,420 - INFO - Fetched and sorted 1 active subscriptions for user 'user_sub_43'
2026-08-17 17:29:12,428 - INFO - Subscription created for user 'user_sub_44' with promo code 'SUMMER20'
2026-08-17 17:29:12,433 - INFO - Fetched and sorted 1 active subscriptions for user 'user_sub_44'
2026-08-17 17:29:12,441 - INFO - Subscription created for user 'user_sub_45' with promo code 'SUMMER20'
2026-08-17 17:29:12,445 - INFO - Fetched and sorted 1 active subscriptions for user 'user_sub_45'
2026-08-17 17:29:12,453 - INFO - Subscription created for user 'user_sub_46' with promo code 'SUMMER20'
2026-08-17 17:29:12,457 - INFO - Fetched and sorted 1 active subscriptions for user 'user_sub_46'
2026-08-17 17:29:12,466 - INFO - Subscription created for user 'user_sub_47' with promo code 'SUMMER20'
2026-08-17 17:29:12,470 - INFO - Fetched and sorted 1 active subscriptions for user 'user_sub_47'
2026-08-17 17:29:12,478 - INFO - Subscription created for user 'user_sub_48' with promo code 'SUMMER20'
2026-08-17 17:29:12,482 - INFO - Fetched and sorted 1 active subscriptions for user 'user_sub_48'
2026-08-17 17:29:12,490 - INFO - Subscription created for user 'user_sub_49' with promo code 'SUMMER20'
2026-08-17 17:29:12,494 - INFO - Fetched and sorted 1 active subscriptions for user 'user_sub_49'
2026-08-17 17:29:12,502 - INFO - Subscription created for user 'user_sub_50' with promo code 'SUMMER20'
2026-08-17 17:29:12,505 - INFO - Fetched and sorted 1 active subscriptions for user 'user_sub_50'
2026-08-17 17:29:12,514 - INFO - Subscription created for user 'user_sub_51' with promo code 'SUMMER20'
2026-08-17 17:29:12,519 - INFO - Fetched and sorted 1 active subscriptions for user 'user_sub_51'
2026-08-17 17:29:12,527 - INFO - Subscription created for user 'user_sub_52' with promo code 'SUMMER20'
2026-08-17 17:29:12,531 - INFO - Fetched and sorted 1 active subscriptions for user 'user_sub_52'
2026-08-17 17:29:12,539 - INFO - Subscription created for user 'user_sub_53' with promo code 'SUMMER20'
2026-08-17 17:29:12,543 - INFO - Fetched and sorted 1 active subscriptions for user 'user_sub_53'
2026-08-17 17:29:12,552 - INFO - Subscription created for user 'user_sub_54' with promo code 'SUMMER20'
2026-08-17 17:29:12,556 - INFO - Fetched and sorted 1 active subscriptions for user 'user_sub_54'
2026-08-17 17:29:12,564 - INFO - Subscription created for user 'user_sub_55' with promo code 'SUMMER20'
2026-08-17 17:29:12,568 - INFO - Fetched and sorted 1 active subscriptions for user 'user_sub_55'
2026-08-17 17:29:12,575 - INFO - Subscription created for user 'user_sub_56' with promo code 'SUMMER20'
2026-08-17 17:29:12,579 - INFO - Fetched and sorted 1 active subscriptions for user 'user_sub_56'
2026-08-17 17:29:12,588 - INFO - Subscription created for user 'user_sub_57' with promo code 'SUMMER20'
2026-08-17 17:29:12,592 - INFO - Fetched and sorted 1 active subscriptions for user 'user_sub_57'
2026-08-17 17:29:12,601 - INFO - Subscription created for user 'user_sub_58' with promo code 'SUMMER20'
2026-08-17 17:29:12,604 - INFO - Fetched and sorted 1 active subscriptions for user 'user_sub_58'
2026-08-17 17:29:12,614 - INFO - Subscription created for user 'user_sub_59' with promo code 'SUMMER20'
2026-08-17 17:29:12,618 - INFO - Fetched and sorted 1 active subscriptions for user 'user_sub_59'
2026-08-17 17:29:12,626 - INFO - Subscription created for user 'user_sub_60' with promo code 'SUMMER20'
2026-08-17 17:29:12,630 - INFO - Fetched and sorted 1 active subscriptions for user 'user_sub_60'
2026-08-17 17:29:12,638 - INFO - Subscription created for user 'user_sub_61' with promo code 'SUMMER20'
2026-08-17 17:29:12,642 - INFO - Fetched and sorted 1 active subscriptions for user 'user_sub_61'
2026-08-17 17:29:12,650 - INFO - Subscription created for user 'user_sub_62' with promo code 'SUMMER20'
2026-08-17 17:29:12,654 - INFO - Fetched and sorted 1 active subscriptions for user 'user_sub_62'
2026-08-17 17:29:12,662 - INFO - Subscription created for user 'user_sub_63' with promo code 'SUMMER20'
2026-08-17 17:29:12,666 - INFO - Fetched and sorted 1 active subscriptions for user 'user_sub_63'
2026-08-17 17:29:12,675 - INFO - Subscription created for user 'user_sub_64' with promo code 'SUMMER20'
2026-08-17 17:29:12,678 - INFO - Fetched and sorted 1 active subscriptions for user 'user_sub_64'
2026-08-17 17:29:12,687 - INFO - Subscription created for user 'user_sub_65' with promo code 'SUMMER20'
2026-08-17 17:29:12,691 - INFO - Fetched and sorted 1 active subscriptions for user 'user_sub_65'
2026-08-17 17:29:12,700 - INFO - Subscription created for user 'user_sub_66' with promo code 'SUMMER20'
2026-08-17 17:29:12,703 - INFO - Fetched and sorted 1 active subscriptions for user 'user_sub_66'
2026-08-17 17:29:12,713 - INFO - Subscription created for user 'user_sub_67' with promo code 'SUMMER20'
2026-08-17 17:29:12,718 - INFO - Fetched and sorted 1 active subscriptions for user 'user_sub_67'
2026-08-17 17:29:12,726 - INFO - Subscription created for user 'user_sub_68' with promo code 'SUMMER20'
2026-08-17 17:29:12,730 - INFO - Fetched and sorted 1 active subscriptions for user 'user_sub_68'
2026-08-17 17:29:12,738 - INFO - Subscription created for user 'user_sub_69' with promo code 'SUMMER20'
2026-08-17 17:29:12,742 - INFO - Fetched and sorted 1 active subscriptions for user 'user_sub_69'
2026-08-17 17:29:12,751 - INFO - Subscription created for user 'user_sub_70' with promo code 'SUMMER20'
2026-08-17 17:29:12,754 - INFO - Fetched and sorted 1 active subscriptions for user 'user_sub_70'
2026-08-17 17:29:12,762 - INFO - Subscription created for user 'user_sub_71' with promo code 'SUMMER20'
2026-08-17 17:29:12,767 - INFO - Fetched and sorted 1 active subscriptions for user 'user_sub_71'
2026-08-17 17:29:12,775 - INFO - Subscription created for user 'user_sub_72' with promo code 'SUMMER20'
2026-08-17 17:29:12,778 - INFO - Fetched and sorted 1 active subscriptions for user 'user_sub_72'
2026-08-17 17:29:12,787 - INFO - Subscription created for user 'user_sub_73' with promo code 'SUMMER20'
2026-08-17 17:29:12,790 - INFO - Fetched and sorted 1 active subscriptions for user 'user_sub_73'
2026-08-17 17:29:12,799 - INFO - Subscription created for user 'user_sub_74' with promo code 'SUMMER20'
2026-08-17 17:29:12,803 - INFO - Fetched and sorted 1 active subscriptions for user 'user_sub_74'
2026-08-17 17:29:12,811 - INFO - Subscription created for user 'user_sub_75' with promo code 'SUMMER20'
2026-08-17 17:29:12,815 - INFO - Fetched and sorted 1 active subscriptions for user 'user_sub_75'
2026-08-17 17:29:12,824 - INFO - Subscription created for user 'user_sub_76' with promo code 'SUMMER20'
2026-08-17 17:29:12,828 - INFO - Fetched and sorted 1 active subscriptions for user 'user_sub_76'
2026-08-17 17:29:12,837 - INFO - Subscription created for user 'user_sub_77' with promo code 'SUMMER20'
2026-08-17 17:29:12,842 - INFO - Fetched and sorted 1 active subscriptions for user 'user_sub_77'
2026-08-17 17:29:12,854 - INFO - Subscription created for user 'user_sub_78' with promo code 'SUMMER20'
2026-08-17 17:29:12,858 - INFO - Fetched and sorted 1 active subscriptions for user 'user_sub_78'
2026-08-17 17:29:12,867 - INFO - Subscription created for user 'user_sub_79' with promo code 'SUMMER20'
2026-08-17 17:29:12,871 - INFO - Fetched and sorted 1 active subscriptions for user 'user_sub_79'
2026-08-17 17:29:12,879 - INFO - Subscription created for user 'user_sub_80' with promo code 'SUMMER20'
2026-08-17 17:29:12,883 - INFO - Fetched and sorted 1 active subscriptions for user 'user_sub_80'
2026-08-17 17:29:12,891 - INFO - Subscription created for user 'user_sub_81' with promo code 'SUMMER20'
2026-08-17 17:29:12,895 - INFO - Fetched and sorted 1 active subscriptions for user 'user_sub_81'
2026-08-17 17:29:12,903 - INFO - Subscription created for user 'user_sub_82' with promo code 'SUMMER20'
2026-08-17 17:29:12,907 - INFO - Fetched and sorted 1 active subscriptions for user 'user_sub_82'
2026-08-17 17:29:12,919 - INFO - Subscription created for user 'user_sub_83' with promo code 'SUMMER20'
2026-08-17 17:29:12,923 - INFO - Fetched and sorted 1 active subscriptions for user 'user_sub_83'
2026-08-17 17:29:12,932 - INFO - Subscription created for user 'user_sub_84' with promo code 'SUMMER20'
2026-08-17 17:29:12,936 - INFO - Fetched and sorted 1 active subscriptions for user 'user_sub_84'
2026-08-17 17:29:12,944 - INFO - Subscription created for user 'user_sub_85' with promo code 'SUMMER20'
2026-08-17 17:29:12,948 - INFO - Fetched and sorted 1 active subscriptions for user 'user_sub_85'
2026-08-17 17:29:12,956 - INFO - Subscription created for user 'user_sub_86' with promo code 'SUMMER20'
2026-08-17 17:29:12,960 - INFO - Fetched and sorted 1 active subscriptions for user 'user_sub_86'
2026-08-17 17:29:12,969 - INFO - Subscription created for user 'user_sub_87' with promo code 'SUMMER20'
2026-08-17 17:29:12,973 - INFO - Fetched and sorted 1 active subscriptions for user 'user_sub_87'
2026-08-17 17:29:12,981 - INFO - Subscription created for user 'user_sub_88' with promo code 'SUMMER20'
2026-08-17 17:29:12,984 - INFO - Fetched and sorted 1 active subscriptions for user 'user_sub_88'
2026-08-17 17:29:12,992 - INFO - Subscription created for user 'user_sub_89' with promo code 'SUMMER20'
2026-08-17 17:29:12,996 - INFO - Fetched and sorted 1 active subscriptions for user 'user_sub_89'
2026-08-17 17:29:13,005 - INFO - Subscription created for user 'user_sub_90' with promo code 'SUMMER20'
2026-08-17 17:29:13,009 - INFO - Fetched and sorted 1 active subscriptions for user 'user_sub_90'
2026-08-17 17:29:13,019 - INFO - Subscription created for user 'user_sub_91' with promo code 'SUMMER20'
2026-08-17 17:29:13,023 - INFO - Fetched and sorted 1 active subscriptions for user 'user_sub_91'
2026-08-17 17:29:13,031 - INFO - Subscription created for user 'user_sub_92' with promo code 'SUMMER20'
2026-08-17 17:29:13,035 - INFO - Fetched and sorted 1 active subscriptions for user 'user_sub_92'
2026-08-17 17:29:13,043 - INFO - Subscription created for user 'user_sub_93' with promo code 'SUMMER20'
2026-08-17 17:29:13,047 - INFO - Fetched and sorted 1 active subscriptions for user 'user_sub_93'
2026-08-17 17:29:13,055 - INFO - Subscription created for user 'user_sub_94' with promo code 'SUMMER20'
2026-08-17 17:29:13,059 - INFO - Fetched and sorted 1 active subscriptions for user 'user_sub_94'
2026-08-17 17:29:13,068 - INFO - Subscription created for user 'user_sub_95' with promo code 'SUMMER20'
2026-08-17 17:29:13,071 - INFO - Fetched and sorted 1 active subscriptions for user 'user_sub_95'
2026-08-17 17:29:13,079 - INFO - Subscription created for user 'user_sub_96' with promo code 'SUMMER20'
2026-08-17 17:29:13,083 - INFO - Fetched and sorted 1 active subscriptions for user 'user_sub_96'
2026-08-17 17:29:13,091 - INFO - Subscription created for user 'user_sub_97' with promo code 'SUMMER20'
2026-08-17 17:29:13,095 - INFO - Fetched and sorted 1 active subscriptions for user 'user_sub_97'
2026-08-17 17:29:13,105 - INFO - Subscription created for user 'user_sub_98' with promo code 'SUMMER20'
2026-08-17 17:29:13,108 - INFO - Fetched and sorted 1 active subscriptions for user 'user_sub_98'
2026-08-17 17:29:13,118 - INFO - Subscription created for user 'user_sub_99' with promo code 'SUMMER20'
2026-08-17 17:29:13,123 - INFO - Fetched and sorted 1 active subscriptions for user 'user_sub_99'
2026-08-17 17:29:13,132 - INFO - Subscription created for user 'user_sub_100' with promo code 'SUMMER20'
2026-08-17 17:29:13,136 - INFO - Fetched and sorted 1 active subscriptions for user 'user_sub_100'
2026-08-17 17:29:21,333 - WARNING - Subscription attempt with invalid promo code: 'INVALID_CODE'
2026-08-17 17:29:21,337 - INFO - Subscription attempt with expired promo code: 'FLASH50'
2026-08-17 17:29:21,343 - INFO - Subscription created for user 'test_user_dup' with promo code 'SUMMER20'
2026-08-17 17:29:21,349 - INFO - Duplicate subscription attempt: user 'test_user_dup' already subscribed to 'SUMMER20'
2026-08-17 17:29:21,358 - INFO - Subscription created for user 'user_sub_1' with promo code 'SUMMER20'
2026-08-17 17:29:21,367 - INFO - Fetched and sorted 1 active subscriptions for user 'user_sub_1'
2026-08-17 17:29:21,381 - INFO - Subscription created for user 'user_sub_2' with promo code 'SUMMER20'
2026-08-17 17:29:21,388 - INFO - Fetched and sorted 1 active subscriptions for user 'user_sub_2'
2026-08-17 17:29:21,402 - INFO - Subscription created for user 'user_sub_3' with promo code 'SUMMER20'
2026-08-17 17:29:21,406 - INFO - Fetched and sorted 1 active subscriptions for user 'user_sub_3'
2026-08-17 17:29:21,419 - INFO - Subscription created for user 'user_sub_4' with promo code 'SUMMER20'
2026-08-17 17:29:21,423 - INFO - Fetched and sorted 1 active subscriptions for user 'user_sub_4'
2026-08-17 17:29:21,433 - INFO - Subscription created for user 'user_sub_5' with promo code 'SUMMER20'
2026-08-17 17:29:21,437 - INFO - Fetched and sorted 1 active subscriptions for user 'user_sub_5'
2026-08-17 17:29:21,446 - INFO - Subscription created for user 'user_sub_6' with promo code 'SUMMER20'
2026-08-17 17:29:21,450 - INFO - Fetched and sorted 1 active subscriptions for user 'user_sub_6'
2026-08-17 17:29:21,458 - INFO - Subscription created for user 'user_sub_7' with promo code 'SUMMER20'
2026-08-17 17:29:21,463 - INFO - Fetched and sorted 1 active subscriptions for user 'user_sub_7'
2026-08-17 17:29:21,473 - INFO - Subscription created for user 'user_sub_8' with promo code 'SUMMER20'
2026-08-17 17:29:21,478 - INFO - Fetched and sorted 1 active subscriptions for user 'user_sub_8'
2026-08-17 17:29:21,487 - INFO - Subscription created for user 'user_sub_9' with promo code 'SUMMER20'
2026-08-17 17:29:21,491 - INFO - Fetched and sorted 1 active subscriptions for user 'user_sub_9'
2026-08-17 17:29:21,499 - INFO - Subscription created for user 'user_sub_10' with promo code 'SUMMER20'
2026-08-17 17:29:21,503 - INFO - Fetched and sorted 1 active subscriptions for user 'user_sub_10'
2026-08-17 17:29:21,512 - INFO - Subscription created for user 'user_sub_11' with promo code 'SUMMER20'
2026-08-17 17:29:21,516 - INFO - Fetched and sorted 1 active subscriptions for user 'user_sub_11'
2026-08-17 17:29:21,524 - INFO - Subscription created for user 'user_sub_12' with promo code 'SUMMER20'
2026-08-17 17:29:21,528 - INFO - Fetched and sorted 1 active subscriptions for user 'user_sub_12'
2026-08-17 17:29:21,537 - INFO - Subscription created for user 'user_sub_13' with promo code 'SUMMER20'
2026-08-17 17:29:21,541 - INFO - Fetched and sorted 1 active subscriptions for user 'user_sub_13'
2026-08-17 17:29:21,549 - INFO - Subscription created for user 'user_sub_14' with promo code 'SUMMER20'
2026-08-17 17:29:21,553 - INFO - Fetched and sorted 1 active subscriptions for user 'user_sub_14'
2026-08-17 17:29:21,561 - INFO - Subscription created for user 'user_sub_15' with promo code 'SUMMER20'
2026-08-17 17:29:21,565 - INFO - Fetched and sorted 1 active subscriptions for user 'user_sub_15'
2026-08-17 17:29:21,573 - INFO - Subscription created for user 'user_sub_16' with promo code 'SUMMER20'
2026-08-17 17:29:21,577 - INFO - Fetched and sorted 1 active subscriptions for user 'user_sub_16'
2026-08-17 17:29:21,586 - INFO - Subscription created for user 'user_sub_17' with promo code 'SUMMER20'
2026-08-17 17:29:21,590 - INFO - Fetched and sorted 1 active subscriptions for user 'user_sub_17'
2026-08-17 17:29:21,599 - INFO - Subscription created for user 'user_sub_18' with promo code 'SUMMER20'
2026-08-17 17:29:21,602 - INFO - Fetched and sorted 1 active subscriptions for user 'user_sub_18'
2026-08-17 17:29:21,611 - INFO - Subscription created for user 'user_sub_19' with promo code 'SUMMER20'
2026-08-17 17:29:21,615 - INFO - Fetched and sorted 1 active subscriptions for user 'user_sub_19'
2026-08-17 17:29:21,623 - INFO - Subscription created for user 'user_sub_20' with promo code 'SUMMER20'
2026-08-17 17:29:21,627 - INFO - Fetched and sorted 1 active subscriptions for user 'user_sub_20'
2026-08-17 17:29:21,635 - INFO - Subscription created for user 'user_sub_21' with promo code 'SUMMER20'
2026-08-17 17:29:21,639 - INFO - Fetched and sorted 1 active subscriptions for user 'user_sub_21'
2026-08-17 17:29:21,648 - INFO - Subscription created for user 'user_sub_22' with promo code 'SUMMER20'
2026-08-17 17:29:21,652 - INFO - Fetched and sorted 1 active subscriptions for user 'user_sub_22'
2026-08-17 17:29:21,660 - INFO - Subscription created for user 'user_sub_23' with promo code 'SUMMER20'
2026-08-17 17:29:21,664 - INFO - Fetched and sorted 1 active subscriptions for user 'user_sub_23'
2026-08-17 17:29:21,674 - INFO - Subscription created for user 'user_sub_24' with promo code 'SUMMER20'
2026-08-17 17:29:21,680 - INFO - Fetched and sorted 1 active subscriptions for user 'user_sub_24'
2026-08-17 17:29:21,690 - INFO - Subscription created for user 'user_sub_25' with promo code 'SUMMER20'
2026-08-17 17:29:21,695 - INFO - Fetched and sorted 1 active subscriptions for user 'user_sub_25'
2026-08-17 17:29:21,705 - INFO - Subscription created for user 'user_sub_26' with promo code 'SUMMER20'
2026-08-17 17:29:21,710 - INFO - Fetched and sorted 1 active subscriptions for user 'user_sub_26'
2026-08-17 17:29:21,722 - INFO - Subscription created for user 'user_sub_27' with promo code 'SUMMER20'
2026-08-17 17:29:21,725 - INFO - Fetched and sorted 1 active subscriptions for user 'user_sub_27'
2026-08-17 17:29:21,734 - INFO - Subscription created for user 'user_sub_28' with promo code 'SUMMER20'
2026-08-17 17:29:21,738 - INFO - Fetched and sorted 1 active subscriptions for user 'user_sub_28'
2026-08-17 17:29:21,747 - INFO - Subscription created for user 'user_sub_29' with promo code 'SUMMER20'
2026-08-17 17:29:21,751 - INFO - Fetched and sorted 1 active subscriptions for user 'user_sub_29'
2026-08-17 17:29:21,758 - INFO - Subscription created for user 'user_sub_30' with promo code 'SUMMER20'
2026-08-17 17:29:21,763 - INFO - Fetched and sorted 1 active subscriptions for user 'user_sub_30'
2026-08-17 17:29:21,773 - INFO - Subscription created for user 'user_sub_31' with promo code 'SUMMER20'
2026-08-17 17:29:21,778 - INFO - Fetched and sorted 1 active subscriptions for user 'user_sub_31'
2026-08-17 17:29:21,797 - INFO - Subscription created for user 'user_sub_32' with promo code 'SUMMER20'
2026-08-17 17:29:21,805 - INFO - Fetched and sorted 1 active subscriptions for user 'user_sub_32'
2026-08-17 17:29:21,827 - INFO - Subscription created for user 'user_sub_33' with promo code 'SUMMER20'
2026-08-17 17:29:21,839 - INFO - Fetched and sorted 1 active subscriptions for user 'user_sub_33'
2026-08-17 17:29:21,862 - INFO - Subscription created for user 'user_sub_34' with promo code 'SUMMER20'
2026-08-17 17:29:21,873 - INFO - Fetched and sorted 1 active subscriptions for user 'user_sub_34'
2026-08-17 17:29:21,901 - INFO - Subscription created for user 'user_sub_35' with promo code 'SUMMER20'
2026-08-17 17:29:21,915 - INFO - Fetched and sorted 1 active subscriptions for user 'user_sub_35'
2026-08-17 17:29:21,945 - INFO - Subscription created for user 'user_sub_36' with promo code 'SUMMER20'
2026-08-17 17:29:21,952 - INFO - Fetched and sorted 1 active subscriptions for user 'user_sub_36'
2026-08-17 17:29:21,967 - INFO - Subscription created for user 'user_sub_37' with promo code 'SUMMER20'
2026-08-17 17:29:21,980 - INFO - Fetched and sorted 1 active subscriptions for user 'user_sub_37'
2026-08-17 17:29:21,993 - INFO - Subscription created for user 'user_sub_38' with promo code 'SUMMER20'
2026-08-17 17:29:22,003 - INFO - Fetched and sorted 1 active subscriptions for user 'user_sub_38'
2026-08-17 17:29:22,015 - INFO - Subscription created for user 'user_sub_39' with promo code 'SUMMER20'
2026-08-17 17:29:22,019 - INFO - Fetched and sorted 1 active subscriptions for user 'user_sub_39'
2026-08-17 17:29:22,027 - INFO - Subscription created for user 'user_sub_40' with promo code 'SUMMER20'
2026-08-17 17:29:22,031 - INFO - Fetched and sorted 1 active subscriptions for user 'user_sub_40'
2026-08-17 17:29:22,039 - INFO - Subscription created for user 'user_sub_41' with promo code 'SUMMER20'
2026-08-17 17:29:22,043 - INFO - Fetched and sorted 1 active subscriptions for user 'user_sub_41'
2026-08-17 17:29:22,051 - INFO - Subscription created for user 'user_sub_42' with promo code 'SUMMER20'
2026-08-17 17:29:22,055 - INFO - Fetched and sorted 1 active subscriptions for user 'user_sub_42'
2026-08-17 17:29:22,064 - INFO - Subscription created for user 'user_sub_43' with promo code 'SUMMER20'
2026-08-17 17:29:22,067 - INFO - Fetched and sorted 1 active subscriptions for user 'user_sub_43'
2026-08-17 17:29:22,076 - INFO - Subscription created for user 'user_sub_44' with promo code 'SUMMER20'
2026-08-17 17:29:22,082 - INFO - Fetched and sorted 1 active subscriptions for user 'user_sub_44'
2026-08-17 17:29:22,090 - INFO - Subscription created for user 'user_sub_45' with promo code 'SUMMER20'
2026-08-17 17:29:22,094 - INFO - Fetched and sorted 1 active subscriptions for user 'user_sub_45'
2026-08-17 17:29:22,103 - INFO - Subscription created for user 'user_sub_46' with promo code 'SUMMER20'
2026-08-17 17:29:22,107 - INFO - Fetched and sorted 1 active subscriptions for user 'user_sub_46'
2026-08-17 17:29:22,116 - INFO - Subscription created for user 'user_sub_47' with promo code 'SUMMER20'
2026-08-17 17:29:22,119 - INFO - Fetched and sorted 1 active subscriptions for user 'user_sub_47'
2026-08-17 17:29:22,127 - INFO - Subscription created for user 'user_sub_48' with promo code 'SUMMER20'
2026-08-17 17:29:22,132 - INFO - Fetched and sorted 1 active subscriptions for user 'user_sub_48'
2026-08-17 17:29:22,139 - INFO - Subscription created for user 'user_sub_49' with promo code 'SUMMER20'
2026-08-17 17:29:22,143 - INFO - Fetched and sorted 1 active subscriptions for user 'user_sub_49'
2026-08-17 17:29:22,152 - INFO - Subscription created for user 'user_sub_50' with promo code 'SUMMER20'
2026-08-17 17:29:22,155 - INFO - Fetched and sorted 1 active subscriptions for user 'user_sub_50'
2026-08-17 17:29:22,164 - INFO - Subscription created for user 'user_sub_51' with promo code 'SUMMER20'
2026-08-17 17:29:22,167 - INFO - Fetched and sorted 1 active subscriptions for user 'user_sub_51'
2026-08-17 17:29:22,178 - INFO - Subscription created for user 'user_sub_52' with promo code 'SUMMER20'
2026-08-17 17:29:22,182 - INFO - Fetched and sorted 1 active subscriptions for user 'user_sub_52'
2026-08-17 17:29:22,191 - INFO - Subscription created for user 'user_sub_53' with promo code 'SUMMER20'
2026-08-17 17:29:22,195 - INFO - Fetched and sorted 1 active subscriptions for user 'user_sub_53'
2026-08-17 17:29:22,204 - INFO - Subscription created for user 'user_sub_54' with promo code 'SUMMER20'
2026-08-17 17:29:22,207 - INFO - Fetched and sorted 1 active subscriptions for user 'user_sub_54'
2026-08-17 17:29:22,216 - INFO - Subscription created for user 'user_sub_55' with promo code 'SUMMER20'
2026-08-17 17:29:22,220 - INFO - Fetched and sorted 1 active subscriptions for user 'user_sub_55'
2026-08-17 17:29:22,228 - INFO - Subscription created for user 'user_sub_56' with promo code 'SUMMER20'
2026-08-17 17:29:22,233 - INFO - Fetched and sorted 1 active subscriptions for user 'user_sub_56'
2026-08-17 17:29:22,240 - INFO - Subscription created for user 'user_sub_57' with promo code 'SUMMER20'
2026-08-17 17:29:22,244 - INFO - Fetched and sorted 1 active subscriptions for user 'user_sub_57'
2026-08-17 17:29:22,253 - INFO - Subscription created for user 'user_sub_58' with promo code 'SUMMER20'
2026-08-17 17:29:22,256 - INFO - Fetched and sorted 1 active subscriptions for user 'user_sub_58'
2026-08-17 17:29:22,266 - INFO - Subscription created for user 'user_sub_59' with promo code 'SUMMER20'
2026-08-17 17:29:22,270 - INFO - Fetched and sorted 1 active subscriptions for user 'user_sub_59'
2026-08-17 17:29:22,281 - INFO - Subscription created for user 'user_sub_60' with promo code 'SUMMER20'
2026-08-17 17:29:22,285 - INFO - Fetched and sorted 1 active subscriptions for user 'user_sub_60'
2026-08-17 17:29:22,293 - INFO - Subscription created for user 'user_sub_61' with promo code 'SUMMER20'
2026-08-17 17:29:22,297 - INFO - Fetched and sorted 1 active subscriptions for user 'user_sub_61'
2026-08-17 17:29:22,305 - INFO - Subscription created for user 'user_sub_62' with promo code 'SUMMER20'
2026-08-17 17:29:22,309 - INFO - Fetched and sorted 1 active subscriptions for user 'user_sub_62'
2026-08-17 17:29:22,318 - INFO - Subscription created for user 'user_sub_63' with promo code 'SUMMER20'
2026-08-17 17:29:22,322 - INFO - Fetched and sorted 1 active subscriptions for user 'user_sub_63'
2026-08-17 17:29:22,331 - INFO - Subscription created for user 'user_sub_64' with promo code 'SUMMER20'
2026-08-17 17:29:22,335 - INFO - Fetched and sorted 1 active subscriptions for user 'user_sub_64'
2026-08-17 17:29:22,343 - INFO - Subscription created for user 'user_sub_65' with promo code 'SUMMER20'
2026-08-17 17:29:22,347 - INFO - Fetched and sorted 1 active subscriptions for user 'user_sub_65'
2026-08-17 17:29:22,355 - INFO - Subscription created for user 'user_sub_66' with promo code 'SUMMER20'
2026-08-17 17:29:22,359 - INFO - Fetched and sorted 1 active subscriptions for user 'user_sub_66'
2026-08-17 17:29:22,367 - INFO - Subscription created for user 'user_sub_67' with promo code 'SUMMER20'
2026-08-17 17:29:22,371 - INFO - Fetched and sorted 1 active subscriptions for user 'user_sub_67'
2026-08-17 17:29:22,380 - INFO - Subscription created for user 'user_sub_68' with promo code 'SUMMER20'
2026-08-17 17:29:22,384 - INFO - Fetched and sorted 1 active subscriptions for user 'user_sub_68'
2026-08-17 17:29:22,393 - INFO - Subscription created for user 'user_sub_69' with promo code 'SUMMER20'
2026-08-17 17:29:22,397 - INFO - Fetched and sorted 1 active subscriptions for user 'user_sub_69'
2026-08-17 17:29:22,405 - INFO - Subscription created for user 'user_sub_70' with promo code 'SUMMER20'
2026-08-17 17:29:22,409 - INFO - Fetched and sorted 1 active subscriptions for user 'user_sub_70'
2026-08-17 17:29:22,421 - INFO - Subscription created for user 'user_sub_71' with promo code 'SUMMER20'
2026-08-17 17:29:22,426 - INFO - Fetched and sorted 1 active subscriptions for user 'user_sub_71'
2026-08-17 17:29:22,437 - INFO - Subscription created for user 'user_sub_72' with promo code 'SUMMER20'
2026-08-17 17:29:22,440 - INFO - Fetched and sorted 1 active subscriptions for user 'user_sub_72'
2026-08-17 17:29:22,449 - INFO - Subscription created for user 'user_sub_73' with promo code 'SUMMER20'
2026-08-17 17:29:22,452 - INFO - Fetched and sorted 1 active subscriptions for user 'user_sub_73'
2026-08-17 17:29:22,461 - INFO - Subscription created for user 'user_sub_74' with promo code 'SUMMER20'
2026-08-17 17:29:22,465 - INFO - Fetched and sorted 1 active subscriptions for user 'user_sub_74'
2026-08-17 17:29:22,472 - INFO - Subscription created for user 'user_sub_75' with promo code 'SUMMER20'
2026-08-17 17:29:22,476 - INFO - Fetched and sorted 1 active subscriptions for user 'user_sub_75'
2026-08-17 17:29:22,486 - INFO - Subscription created for user 'user_sub_76' with promo code 'SUMMER20'
2026-08-17 17:29:22,490 - INFO - Fetched and sorted 1 active subscriptions for user 'user_sub_76'
2026-08-17 17:29:22,499 - INFO - Subscription created for user 'user_sub_77' with promo code 'SUMMER20'
2026-08-17 17:29:22,503 - INFO - Fetched and sorted 1 active subscriptions for user 'user_sub_77'
2026-08-17 17:29:22,511 - INFO - Subscription created for user 'user_sub_78' with promo code 'SUMMER20'
2026-08-17 17:29:22,515 - INFO - Fetched and sorted 1 active subscriptions for user 'user_sub_78'
2026-08-17 17:29:22,523 - INFO - Subscription created for user 'user_sub_79' with promo code 'SUMMER20'
2026-08-17 17:29:22,526 - INFO - Fetched and sorted 1 active subscriptions for user 'user_sub_79'
2026-08-17 17:29:22,534 - INFO - Subscription created for user 'user_sub_80' with promo code 'SUMMER20'
2026-08-17 17:29:22,538 - INFO - Fetched and sorted 1 active subscriptions for user 'user_sub_80'
2026-08-17 17:29:22,546 - INFO - Subscription created for user 'user_sub_81' with promo code 'SUMMER20'
2026-08-17 17:29:22,550 - INFO - Fetched and sorted 1 active subscriptions for user 'user_sub_81'
2026-08-17 17:29:22,558 - INFO - Subscription created for user 'user_sub_82' with promo code 'SUMMER20'
2026-08-17 17:29:22,562 - INFO - Fetched and sorted 1 active subscriptions for user 'user_sub_82'
2026-08-17 17:29:22,570 - INFO - Subscription created for user 'user_sub_83' with promo code 'SUMMER20'
2026-08-17 17:29:22,574 - INFO - Fetched and sorted 1 active subscriptions for user 'user_sub_83'
2026-08-17 17:29:22,585 - INFO - Subscription created for user 'user_sub_84' with promo code 'SUMMER20'
2026-08-17 17:29:22,589 - INFO - Fetched and sorted 1 active subscriptions for user 'user_sub_84'
2026-08-17 17:29:22,598 - INFO - Subscription created for user 'user_sub_85' with promo code 'SUMMER20'
2026-08-17 17:29:22,601 - INFO - Fetched and sorted 1 active subscriptions for user 'user_sub_85'
2026-08-17 17:29:22,610 - INFO - Subscription created for user 'user_sub_86' with promo code 'SUMMER20'
2026-08-17 17:29:22,614 - INFO - Fetched and sorted 1 active subscriptions for user 'user_sub_86'
2026-08-17 17:29:22,623 - INFO - Subscription created for user 'user_sub_87' with promo code 'SUMMER20'
2026-08-17 17:29:22,627 - INFO - Fetched and sorted 1 active subscriptions for user 'user_sub_87'
2026-08-17 17:29:22,635 - INFO - Subscription created for user 'user_sub_88' with promo code 'SUMMER20'
2026-08-17 17:29:22,639 - INFO - Fetched and sorted 1 active subscriptions for user 'user_sub_88'
2026-08-17 17:29:22,648 - INFO - Subscription created for user 'user_sub_89' with promo code 'SUMMER20'
2026-08-17 17:29:22,652 - INFO - Fetched and sorted 1 active subscriptions for user 'user_sub_89'
2026-08-17 17:29:22,660 - INFO - Subscription created for user 'user_sub_90' with promo code 'SUMMER20'
2026-08-17 17:29:22,665 - INFO - Fetched and sorted 1 active subscriptions for user 'user_sub_90'
2026-08-17 17:29:22,673 - INFO - Subscription created for user 'user_sub_91' with promo code 'SUMMER20'
2026-08-17 17:29:22,677 - INFO - Fetched and sorted 1 active subscriptions for user 'user_sub_91'
2026-08-17 17:29:22,687 - INFO - Subscription created for user 'user_sub_92' with promo code 'SUMMER20'
2026-08-17 17:29:22,691 - INFO - Fetched and sorted 1 active subscriptions for user 'user_sub_92'
2026-08-17 17:29:22,699 - INFO - Subscription created for user 'user_sub_93' with promo code 'SUMMER20'
2026-08-17 17:29:22,703 - INFO - Fetched and sorted 1 active subscriptions for user 'user_sub_93'
2026-08-17 17:29:22,711 - INFO - Subscription created for user 'user_sub_94' with promo code 'SUMMER20'
2026-08-17 17:29:22,715 - INFO - Fetched and sorted 1 active subscriptions for user 'user_sub_94'
2026-08-17 17:29:22,723 - INFO - Subscription created for user 'user_sub_95' with promo code 'SUMMER20'
2026-08-17 17:29:22,727 - INFO - Fetched and sorted 1 active subscriptions for user 'user_sub_95'
2026-08-17 17:29:22,736 - INFO - Subscription created for user 'user_sub_96' with promo code 'SUMMER20'
2026-08-17 17:29:22,739 - INFO - Fetched and sorted 1 active subscriptions for user 'user_sub_96'
2026-08-17 17:29:22,748 - INFO - Subscription created for user 'user_sub_97' with promo code 'SUMMER20'
2026-08-17 17:29:22,752 - INFO - Fetched and sorted 1 active subscriptions for user 'user_sub_97'
2026-08-17 17:29:22,760 - INFO - Subscription created for user 'user_sub_98' with promo code 'SUMMER20'
2026-08-17 17:29:22,765 - INFO - Fetched and sorted 1 active subscriptions for user 'user_sub_98'
2026-08-17 17:29:22,773 - INFO - Subscription created for user 'user_sub_99' with promo code 'SUMMER20'
2026-08-17 17:29:22,777 - INFO - Fetched and sorted 1 active subscriptions for user 'user_sub_99'
2026-08-17 17:29:22,787 - INFO - Subscription created for user 'user_sub_100' with promo code 'SUMMER20'
2026-08-17 17:29:22,791 - INFO - Fetched and sorted 1 active subscriptions for user 'user_sub_100'
2026-08-17 17:32:53,511 - WARNING - Subscription attempt with invalid promo code: 'INVALID_CODE'
2026-08-17 17:32:53,516 - INFO - Subscription attempt with expired promo code: 'FLASH50'
2026-08-17 17:32:53,522 - INFO - Subscription created for user 'test_user_dup' with promo code 'SUMMER20'
2026-08-17 17:32:53,528 - INFO - Duplicate subscription attempt: user 'test_user_dup' already subscribed to 'SUMMER20'
2026-08-17 17:32:53,536 - INFO - Subscription created for user 'user_sub_1' with promo code 'SUMMER20'
2026-08-17 17:32:53,542 - INFO - Fetched and sorted 1 active subscriptions for user 'user_sub_1'
2026-08-17 17:32:53,552 - INFO - Subscription created for user 'user_sub_2' with promo code 'SUMMER20'
2026-08-17 17:32:53,557 - INFO - Fetched and sorted 1 active subscriptions for user 'user_sub_2'
2026-08-17 17:32:53,565 - INFO - Subscription created for user 'user_sub_3' with promo code 'SUMMER20'
2026-08-17 17:32:53,569 - INFO - Fetched and sorted 1 active subscriptions for user 'user_sub_3'
2026-08-17 17:32:53,577 - INFO - Subscription created for user 'user_sub_4' with promo code 'SUMMER20'
2026-08-17 17:32:53,581 - INFO - Fetched and sorted 1 active subscriptions for user 'user_sub_4'
2026-08-17 17:32:53,591 - INFO - Subscription created for user 'user_sub_5' with promo code 'SUMMER20'
2026-08-17 17:32:53,594 - INFO - Fetched and sorted 1 active subscriptions for user 'user_sub_5'
2026-08-17 17:32:53,602 - INFO - Subscription created for user 'user_sub_6' with promo code 'SUMMER20'
2026-08-17 17:32:53,607 - INFO - Fetched and sorted 1 active subscriptions for user 'user_sub_6'
2026-08-17 17:32:53,615 - INFO - Subscription created for user 'user_sub_7' with promo code 'SUMMER20'
2026-08-17 17:32:53,619 - INFO - Fetched and sorted 1 active subscriptions for user 'user_sub_7'
2026-08-17 17:32:53,628 - INFO - Subscription created for user 'user_sub_8' with promo code 'SUMMER20'
2026-08-17 17:32:53,631 - INFO - Fetched and sorted 1 active subscriptions for user 'user_sub_8'
2026-08-17 17:32:53,640 - INFO - Subscription created for user 'user_sub_9' with promo code 'SUMMER20'
2026-08-17 17:32:53,644 - INFO - Fetched and sorted 1 active subscriptions for user 'user_sub_9'
2026-08-17 17:32:53,653 - INFO - Subscription created for user 'user_sub_10' with promo code 'SUMMER20'
2026-08-17 17:32:53,657 - INFO - Fetched and sorted 1 active subscriptions for user 'user_sub_10'
2026-08-17 17:32:53,668 - INFO - Subscription created for user 'user_sub_11' with promo code 'SUMMER20'
2026-08-17 17:32:53,673 - INFO - Fetched and sorted 1 active subscriptions for user 'user_sub_11'
2026-08-17 17:32:53,684 - INFO - Subscription created for user 'user_sub_12' with promo code 'SUMMER20'
2026-08-17 17:32:53,690 - INFO - Fetched and sorted 1 active subscriptions for user 'user_sub_12'
2026-08-17 17:32:53,700 - INFO - Subscription created for user 'user_sub_13' with promo code 'SUMMER20'
2026-08-17 17:32:53,705 - INFO - Fetched and sorted 1 active subscriptions for user 'user_sub_13'
2026-08-17 17:32:53,717 - INFO - Subscription created for user 'user_sub_14' with promo code 'SUMMER20'
2026-08-17 17:32:53,722 - INFO - Fetched and sorted 1 active subscriptions for user 'user_sub_14'
2026-08-17 17:32:53,731 - INFO - Subscription created for user 'user_sub_15' with promo code 'SUMMER20'
2026-08-17 17:32:53,735 - INFO - Fetched and sorted 1 active subscriptions for user 'user_sub_15'
2026-08-17 17:32:53,744 - INFO - Subscription created for user 'user_sub_16' with promo code 'SUMMER20'
2026-08-17 17:32:53,748 - INFO - Fetched and sorted 1 active subscriptions for user 'user_sub_16'
2026-08-17 17:32:53,757 - INFO - Subscription created for user 'user_sub_17' with promo code 'SUMMER20'
2026-08-17 17:32:53,760 - INFO - Fetched and sorted 1 active subscriptions for user 'user_sub_17'
2026-08-17 17:32:53,769 - INFO - Subscription created for user 'user_sub_18' with promo code 'SUMMER20'
2026-08-17 17:32:53,773 - INFO - Fetched and sorted 1 active subscriptions for user 'user_sub_18'
2026-08-17 17:32:53,781 - INFO - Subscription created for user 'user_sub_19' with promo code 'SUMMER20'
2026-08-17 17:32:53,785 - INFO - Fetched and sorted 1 active subscriptions for user 'user_sub_19'
2026-08-17 17:32:53,793 - INFO - Subscription created for user 'user_sub_20' with promo code 'SUMMER20'
2026-08-17 17:32:53,797 - INFO - Fetched and sorted 1 active subscriptions for user 'user_sub_20'
2026-08-17 17:32:53,805 - INFO - Subscription created for user 'user_sub_21' with promo code 'SUMMER20'
2026-08-17 17:32:53,808 - INFO - Fetched and sorted 1 active subscriptions for user 'user_sub_21'
2026-08-17 17:32:53,817 - INFO - Subscription created for user 'user_sub_22' with promo code 'SUMMER20'
2026-08-17 17:32:53,820 - INFO - Fetched and sorted 1 active subscriptions for user 'user_sub_22'
2026-08-17 17:32:53,828 - INFO - Subscription created for user 'user_sub_23' with promo code 'SUMMER20'
2026-08-17 17:32:53,832 - INFO - Fetched and sorted 1 active subscriptions for user 'user_sub_23'
2026-08-17 17:32:53,841 - INFO - Subscription created for user 'user_sub_24' with promo code 'SUMMER20'
2026-08-17 17:32:53,844 - INFO - Fetched and sorted 1 active subscriptions for user 'user_sub_24'
2026-08-17 17:32:53,854 - INFO - Subscription created for user 'user_sub_25' with promo code 'SUMMER20'
2026-08-17 17:32:53,858 - INFO - Fetched and sorted 1 active subscriptions for user 'user_sub_25'
2026-08-17 17:32:53,865 - INFO - Subscription created for user 'user_sub_26' with promo code 'SUMMER20'
2026-08-17 17:32:53,869 - INFO - Fetched and sorted 1 active subscriptions for user 'user_sub_26'
2026-08-17 17:32:53,878 - INFO - Subscription created for user 'user_sub_27' with promo code 'SUMMER20'
2026-08-17 17:32:53,881 - INFO - Fetched and sorted 1 active subscriptions for user 'user_sub_27'
2026-08-17 17:32:53,891 - INFO - Subscription created for user 'user_sub_28' with promo code 'SUMMER20'
2026-08-17 17:32:53,895 - INFO - Fetched and sorted 1 active subscriptions for user 'user_sub_28'
2026-08-17 17:32:53,903 - INFO - Subscription created for user 'user_sub_29' with promo code 'SUMMER20'
2026-08-17 17:32:53,907 - INFO - Fetched and sorted 1 active subscriptions for user 'user_sub_29'
2026-08-17 17:32:53,915 - INFO - Subscription created for user 'user_sub_30' with promo code 'SUMMER20'
2026-08-17 17:32:53,919 - INFO - Fetched and sorted 1 active subscriptions for user 'user_sub_30'
2026-08-17 17:32:53,927 - INFO - Subscription created for user 'user_sub_31' with promo code 'SUMMER20'
2026-08-17 17:32:53,931 - INFO - Fetched and sorted 1 active subscriptions for user 'user_sub_31'
2026-08-17 17:32:53,941 - INFO - Subscription created for user 'user_sub_32' with promo code 'SUMMER20'
2026-08-17 17:32:53,946 - INFO - Fetched and sorted 1 active subscriptions for user 'user_sub_32'
2026-08-17 17:32:53,958 - INFO - Subscription created for user 'user_sub_33' with promo code 'SUMMER20'
2026-08-17 17:32:53,962 - INFO - Fetched and sorted 1 active subscriptions for user 'user_sub_33'
2026-08-17 17:32:53,973 - INFO - Subscription created for user 'user_sub_34' with promo code 'SUMMER20'
2026-08-17 17:32:53,977 - INFO - Fetched and sorted 1 active subscriptions for user 'user_sub_34'
2026-08-17 17:32:53,995 - INFO - Subscription created for user 'user_sub_35' with promo code 'SUMMER20'
2026-08-17 17:32:54,002 - INFO - Fetched and sorted 1 active subscriptions for user 'user_sub_35'
2026-08-17 17:32:54,015 - INFO - Subscription created for user 'user_sub_36' with promo code 'SUMMER20'
2026-08-17 17:32:54,021 - INFO - Fetched and sorted 1 active subscriptions for user 'user_sub_36'
2026-08-17 17:32:54,030 - INFO - Subscription created for user 'user_sub_37' with promo code 'SUMMER20'
2026-08-17 17:32:54,034 - INFO - Fetched and sorted 1 active subscriptions for user 'user_sub_37'
2026-08-17 17:32:54,045 - INFO - Subscription created for user 'user_sub_38' with promo code 'SUMMER20'
2026-08-17 17:32:54,051 - INFO - Fetched and sorted 1 active subscriptions for user 'user_sub_38'
2026-08-17 17:32:54,061 - INFO - Subscription created for user 'user_sub_39' with promo code 'SUMMER20'
2026-08-17 17:32:54,065 - INFO - Fetched and sorted 1 active subscriptions for user 'user_sub_39'
2026-08-17 17:32:54,074 - INFO - Subscription created for user 'user_sub_40' with promo code 'SUMMER20'
2026-08-17 17:32:54,078 - INFO - Fetched and sorted 1 active subscriptions for user 'user_sub_40'
2026-08-17 17:32:54,086 - INFO - Subscription created for user 'user_sub_41' with promo code 'SUMMER20'
2026-08-17 17:32:54,090 - INFO - Fetched and sorted 1 active subscriptions for user 'user_sub_41'
2026-08-17 17:32:54,099 - INFO - Subscription created for user 'user_sub_42' with promo code 'SUMMER20'
2026-08-17 17:32:54,102 - INFO - Fetched and sorted 1 active subscriptions for user 'user_sub_42'
2026-08-17 17:32:54,111 - INFO - Subscription created for user 'user_sub_43' with promo code 'SUMMER20'
2026-08-17 17:32:54,114 - INFO - Fetched and sorted 1 active subscriptions for user 'user_sub_43'
2026-08-17 17:32:54,123 - INFO - Subscription created for user 'user_sub_44' with promo code 'SUMMER20'
2026-08-17 17:32:54,126 - INFO - Fetched and sorted 1 active subscriptions for user 'user_sub_44'
2026-08-17 17:32:54,134 - INFO - Subscription created for user 'user_sub_45' with promo code 'SUMMER20'
2026-08-17 17:32:54,138 - INFO - Fetched and sorted 1 active subscriptions for user 'user_sub_45'
2026-08-17 17:32:54,147 - INFO - Subscription created for user 'user_sub_46' with promo code 'SUMMER20'
2026-08-17 17:32:54,153 - INFO - Fetched and sorted 1 active subscriptions for user 'user_sub_46'
2026-08-17 17:32:54,161 - INFO - Subscription created for user 'user_sub_47' with promo code 'SUMMER20'
2026-08-17 17:32:54,165 - INFO - Fetched and sorted 1 active subscriptions for user 'user_sub_47'
2026-08-17 17:32:54,173 - INFO - Subscription created for user 'user_sub_48' with promo code 'SUMMER20'
2026-08-17 17:32:54,177 - INFO - Fetched and sorted 1 active subscriptions for user 'user_sub_48'
2026-08-17 17:32:54,185 - INFO - Subscription created for user 'user_sub_49' with promo code 'SUMMER20'
2026-08-17 17:32:54,189 - INFO - Fetched and sorted 1 active subscriptions for user 'user_sub_49'
2026-08-17 17:32:54,197 - INFO - Subscription created for user 'user_sub_50' with promo code 'SUMMER20'
2026-08-17 17:32:54,201 - INFO - Fetched and sorted 1 active subscriptions for user 'user_sub_50'
2026-08-17 17:32:54,210 - INFO - Subscription created for user 'user_sub_51' with promo code 'SUMMER20'
2026-08-17 17:32:54,213 - INFO - Fetched and sorted 1 active subscriptions for user 'user_sub_51'
2026-08-17 17:32:54,222 - INFO - Subscription created for user 'user_sub_52' with promo code 'SUMMER20'
2026-08-17 17:32:54,225 - INFO - Fetched and sorted 1 active subscriptions for user 'user_sub_52'
2026-08-17 17:32:54,234 - INFO - Subscription created for user 'user_sub_53' with promo code 'SUMMER20'
2026-08-17 17:32:54,238 - INFO - Fetched and sorted 1 active subscriptions for user 'user_sub_53'
2026-08-17 17:32:54,246 - INFO - Subscription created for user 'user_sub_54' with promo code 'SUMMER20'
2026-08-17 17:32:54,251 - INFO - Fetched and sorted 1 active subscriptions for user 'user_sub_54'
2026-08-17 17:32:54,259 - INFO - Subscription created for user 'user_sub_55' with promo code 'SUMMER20'
2026-08-17 17:32:54,263 - INFO - Fetched and sorted 1 active subscriptions for user 'user_sub_55'
2026-08-17 17:32:54,273 - INFO - Subscription created for user 'user_sub_56' with promo code 'SUMMER20'
2026-08-17 17:32:54,276 - INFO - Fetched and sorted 1 active subscriptions for user 'user_sub_56'
2026-08-17 17:32:54,284 - INFO - Subscription created for user 'user_sub_57' with promo code 'SUMMER20'
2026-08-17 17:32:54,288 - INFO - Fetched and sorted 1 active subscriptions for user 'user_sub_57'
2026-08-17 17:32:54,296 - INFO - Subscription created for user 'user_sub_58' with promo code 'SUMMER20'
2026-08-17 17:32:54,300 - INFO - Fetched and sorted 1 active subscriptions for user 'user_sub_58'
2026-08-17 17:32:54,308 - INFO - Subscription created for user 'user_sub_59' with promo code 'SUMMER20'
2026-08-17 17:32:54,312 - INFO - Fetched and sorted 1 active subscriptions for user 'user_sub_59'
2026-08-17 17:32:54,320 - INFO - Subscription created for user 'user_sub_60' with promo code 'SUMMER20'
2026-08-17 17:32:54,324 - INFO - Fetched and sorted 1 active subscriptions for user 'user_sub_60'
2026-08-17 17:32:54,332 - INFO - Subscription created for user 'user_sub_61' with promo code 'SUMMER20'
2026-08-17 17:32:54,336 - INFO - Fetched and sorted 1 active subscriptions for user 'user_sub_61'
2026-08-17 17:32:54,345 - INFO - Subscription created for user 'user_sub_62' with promo code 'SUMMER20'
2026-08-17 17:32:54,349 - INFO - Fetched and sorted 1 active subscriptions for user 'user_sub_62'
2026-08-17 17:32:54,358 - INFO - Subscription created for user 'user_sub_63' with promo code 'SUMMER20'
2026-08-17 17:32:54,362 - INFO - Fetched and sorted 1 active subscriptions for user 'user_sub_63'
2026-08-17 17:32:54,371 - INFO - Subscription created for user 'user_sub_64' with promo code 'SUMMER20'
2026-08-17 17:32:54,374 - INFO - Fetched and sorted 1 active subscriptions for user 'user_sub_64'
2026-08-17 17:32:54,382 - INFO - Subscription created for user 'user_sub_65' with promo code 'SUMMER20'
2026-08-17 17:32:54,386 - INFO - Fetched and sorted 1 active subscriptions for user 'user_sub_65'
2026-08-17 17:32:54,394 - INFO - Subscription created for user 'user_sub_66' with promo code 'SUMMER20'
2026-08-17 17:32:54,398 - INFO - Fetched and sorted 1 active subscriptions for user 'user_sub_66'
2026-08-17 17:32:54,406 - INFO - Subscription created for user 'user_sub_67' with promo code 'SUMMER20'
2026-08-17 17:32:54,410 - INFO - Fetched and sorted 1 active subscriptions for user 'user_sub_67'
2026-08-17 17:32:54,418 - INFO - Subscription created for user 'user_sub_68' with promo code 'SUMMER20'
2026-08-17 17:32:54,423 - INFO - Fetched and sorted 1 active subscriptions for user 'user_sub_68'
2026-08-17 17:32:54,431 - INFO - Subscription created for user 'user_sub_69' with promo code 'SUMMER20'
2026-08-17 17:32:54,436 - INFO - Fetched and sorted 1 active subscriptions for user 'user_sub_69'
2026-08-17 17:32:54,444 - INFO - Subscription created for user 'user_sub_70' with promo code 'SUMMER20'
2026-08-17 17:32:54,448 - INFO - Fetched and sorted 1 active subscriptions for user 'user_sub_70'
2026-08-17 17:32:54,458 - INFO - Subscription created for user 'user_sub_71' with promo code 'SUMMER20'
2026-08-17 17:32:54,461 - INFO - Fetched and sorted 1 active subscriptions for user 'user_sub_71'
2026-08-17 17:32:54,469 - INFO - Subscription created for user 'user_sub_72' with promo code 'SUMMER20'
2026-08-17 17:32:54,473 - INFO - Fetched and sorted 1 active subscriptions for user 'user_sub_72'
2026-08-17 17:32:54,481 - INFO - Subscription created for user 'user_sub_73' with promo code 'SUMMER20'
2026-08-17 17:32:54,485 - INFO - Fetched and sorted 1 active subscriptions for user 'user_sub_73'
2026-08-17 17:32:54,494 - INFO - Subscription created for user 'user_sub_74' with promo code 'SUMMER20'
2026-08-17 17:32:54,497 - INFO - Fetched and sorted 1 active subscriptions for user 'user_sub_74'
2026-08-17 17:32:54,506 - INFO - Subscription created for user 'user_sub_75' with promo code 'SUMMER20'
2026-08-17 17:32:54,510 - INFO - Fetched and sorted 1 active subscriptions for user 'user_sub_75'
2026-08-17 17:32:54,518 - INFO - Subscription created for user 'user_sub_76' with promo code 'SUMMER20'
2026-08-17 17:32:54,522 - INFO - Fetched and sorted 1 active subscriptions for user 'user_sub_76'
2026-08-17 17:32:54,530 - INFO - Subscription created for user 'user_sub_77' with promo code 'SUMMER20'
2026-08-17 17:32:54,534 - INFO - Fetched and sorted 1 active subscriptions for user 'user_sub_77'
2026-08-17 17:32:54,543 - INFO - Subscription created for user 'user_sub_78' with promo code 'SUMMER20'
2026-08-17 17:32:54,546 - INFO - Fetched and sorted 1 active subscriptions for user 'user_sub_78'
2026-08-17 17:32:54,557 - INFO - Subscription created for user 'user_sub_79' with promo code 'SUMMER20'
2026-08-17 17:32:54,560 - INFO - Fetched and sorted 1 active subscriptions for user 'user_sub_79'
2026-08-17 17:32:54,568 - INFO - Subscription created for user 'user_sub_80' with promo code 'SUMMER20'
2026-08-17 17:32:54,573 - INFO - Fetched and sorted 1 active subscriptions for user 'user_sub_80'
2026-08-17 17:32:54,580 - INFO - Subscription created for user 'user_sub_81' with promo code 'SUMMER20'
2026-08-17 17:32:54,584 - INFO - Fetched and sorted 1 active subscriptions for user 'user_sub_81'
2026-08-17 17:32:54,594 - INFO - Subscription created for user 'user_sub_82' with promo code 'SUMMER20'
2026-08-17 17:32:54,598 - INFO - Fetched and sorted 1 active subscriptions for user 'user_sub_82'
2026-08-17 17:32:54,610 - INFO - Subscription created for user 'user_sub_83' with promo code 'SUMMER20'
2026-08-17 17:32:54,615 - INFO - Fetched and sorted 1 active subscriptions for user 'user_sub_83'
2026-08-17 17:32:54,627 - INFO - Subscription created for user 'user_sub_84' with promo code 'SUMMER20'
2026-08-17 17:32:54,631 - INFO - Fetched and sorted 1 active subscriptions for user 'user_sub_84'
2026-08-17 17:32:54,640 - INFO - Subscription created for user 'user_sub_85' with promo code 'SUMMER20'
2026-08-17 17:32:54,644 - INFO - Fetched and sorted 1 active subscriptions for user 'user_sub_85'
2026-08-17 17:32:54,654 - INFO - Subscription created for user 'user_sub_86' with promo code 'SUMMER20'
2026-08-17 17:32:54,658 - INFO - Fetched and sorted 1 active subscriptions for user 'user_sub_86'
2026-08-17 17:32:54,666 - INFO - Subscription created for user 'user_sub_87' with promo code 'SUMMER20'
2026-08-17 17:32:54,670 - INFO - Fetched and sorted 1 active subscriptions for user 'user_sub_87'
2026-08-17 17:32:54,678 - INFO - Subscription created for user 'user_sub_88' with promo code 'SUMMER20'
2026-08-17 17:32:54,681 - INFO - Fetched and sorted 1 active subscriptions for user 'user_sub_88'
2026-08-17 17:32:54,690 - INFO - Subscription created for user 'user_sub_89' with promo code 'SUMMER20'
2026-08-17 17:32:54,693 - INFO - Fetched and sorted 1 active subscriptions for user 'user_sub_89'
2026-08-17 17:32:54,701 - INFO - Subscription created for user 'user_sub_90' with promo code 'SUMMER20'
2026-08-17 17:32:54,706 - INFO - Fetched and sorted 1 active subscriptions for user 'user_sub_90'
2026-08-17 17:32:54,713 - INFO - Subscription created for user 'user_sub_91' with promo code 'SUMMER20'
2026-08-17 17:32:54,717 - INFO - Fetched and sorted 1 active subscriptions for user 'user_sub_91'
2026-08-17 17:32:54,726 - INFO - Subscription created for user 'user_sub_92' with promo code 'SUMMER20'
2026-08-17 17:32:54,729 - INFO - Fetched and sorted 1 active subscriptions for user 'user_sub_92'
2026-08-17 17:32:54,738 - INFO - Subscription created for user 'user_sub_93' with promo code 'SUMMER20'
2026-08-17 17:32:54,742 - INFO - Fetched and sorted 1 active subscriptions for user 'user_sub_93'
2026-08-17 17:32:54,753 - INFO - Subscription created for user 'user_sub_94' with promo code 'SUMMER20'
2026-08-17 17:32:54,758 - INFO - Fetched and sorted 1 active subscriptions for user 'user_sub_94'
2026-08-17 17:32:54,766 - INFO - Subscription created for user 'user_sub_95' with promo code 'SUMMER20'
2026-08-17 17:32:54,770 - INFO - Fetched and sorted 1 active subscriptions for user 'user_sub_95'
2026-08-17 17:32:54,778 - INFO - Subscription created for user 'user_sub_96' with promo code 'SUMMER20'
2026-08-17 17:32:54,782 - INFO - Fetched and sorted 1 active subscriptions for user 'user_sub_96'
2026-08-17 17:32:54,791 - INFO - Subscription created for user 'user_sub_97' with promo code 'SUMMER20'
2026-08-17 17:32:54,795 - INFO - Fetched and sorted 1 active subscriptions for user 'user_sub_97'
2026-08-17 17:32:54,804 - INFO - Subscription created for user 'user_sub_98' with promo code 'SUMMER20'
2026-08-17 17:32:54,807 - INFO - Fetched and sorted 1 active subscriptions for user 'user_sub_98'
2026-08-17 17:32:54,815 - INFO - Subscription created for user 'user_sub_99' with promo code 'SUMMER20'
2026-08-17 17:32:54,820 - INFO - Fetched and sorted 1 active subscriptions for user 'user_sub_99'
2026-08-17 17:32:54,828 - INFO - Subscription created for user 'user_sub_100' with promo code 'SUMMER20'
2026-08-17 17:32:54,832 - INFO - Fetched and sorted 1 active subscriptions for user 'user_sub_100'
2026-08-17 17:33:19,161 - INFO - Subscription created for user 'order_user_1' with promo code 'SUMMER20'
2026-08-17 17:33:19,184 - INFO - Fetched and sorted 1 active subscriptions for user 'order_user_1'
2026-08-17 17:33:20,261 - INFO - Subscription created for user 'order_user_2' with promo code 'SUMMER20'
2026-08-17 17:33:20,284 - INFO - Fetched and sorted 1 active subscriptions for user 'order_user_2'
2026-08-17 17:33:21,381 - INFO - Subscription created for user 'order_user_3' with promo code 'SUMMER20'
2026-08-17 17:33:21,405 - INFO - Fetched and sorted 1 active subscriptions for user 'order_user_3'
2026-08-17 17:33:21,440 - INFO - Subscription created for user 'order_user_4' with promo code 'SUMMER20'
2026-08-17 17:33:21,459 - INFO - Fetched and sorted 1 active subscriptions for user 'order_user_4'
2026-08-17 17:33:21,495 - INFO - Subscription created for user 'order_user_5' with promo code 'SUMMER20'
2026-08-17 17:33:21,512 - INFO - Fetched and sorted 1 active subscriptions for user 'order_user_5'
2026-08-17 17:33:21,549 - INFO - Subscription created for user 'order_user_6' with promo code 'SUMMER20'
2026-08-17 17:33:21,569 - INFO - Fetched and sorted 1 active subscriptions for user 'order_user_6'
2026-08-17 17:33:21,606 - INFO - Subscription created for user 'order_user_7' with promo code 'SUMMER20'
2026-08-17 17:33:21,624 - INFO - Fetched and sorted 1 active subscriptions for user 'order_user_7'
2026-08-17 17:33:21,660 - INFO - Subscription created for user 'order_user_8' with promo code 'SUMMER20'
2026-08-17 17:33:21,678 - INFO - Fetched and sorted 1 active subscriptions for user 'order_user_8'
2026-08-17 17:33:21,714 - INFO - Subscription created for user 'order_user_9' with promo code 'SUMMER20'
2026-08-17 17:33:21,731 - INFO - Fetched and sorted 1 active subscriptions for user 'order_user_9'
2026-08-17 17:33:21,773 - INFO - Subscription created for user 'order_user_10' with promo code 'SUMMER20'
2026-08-17 17:33:21,793 - INFO - Fetched and sorted 1 active subscriptions for user 'order_user_10'
2026-08-17 17:33:38,167 - INFO - Duplicate subscription attempt: user 'order_user_1' already subscribed to 'SUMMER20'
2026-08-17 17:33:38,189 - INFO - Fetched and sorted 1 active subscriptions for user 'order_user_1'
2026-08-17 17:33:38,227 - INFO - Duplicate subscription attempt: user 'order_user_2' already subscribed to 'SUMMER20'
2026-08-17 17:33:38,244 - INFO - Fetched and sorted 1 active subscriptions for user 'order_user_2'
2026-08-17 17:33:38,281 - INFO - Duplicate subscription attempt: user 'order_user_3' already subscribed to 'SUMMER20'
2026-08-17 17:33:38,299 - INFO - Fetched and sorted 1 active subscriptions for user 'order_user_3'
2026-08-17 17:33:38,339 - INFO - Duplicate subscription attempt: user 'order_user_4' already subscribed to 'SUMMER20'
2026-08-17 17:33:38,361 - INFO - Fetched and sorted 1 active subscriptions for user 'order_user_4'
2026-08-17 17:33:38,406 - INFO - Duplicate subscription attempt: user 'order_user_5' already subscribed to 'SUMMER20'
2026-08-17 17:33:38,425 - INFO - Fetched and sorted 1 active subscriptions for user 'order_user_5'
2026-08-17 17:33:38,462 - INFO - Duplicate subscription attempt: user 'order_user_6' already subscribed to 'SUMMER20'
2026-08-17 17:33:38,489 - INFO - Fetched and sorted 1 active subscriptions for user 'order_user_6'
2026-08-17 17:33:38,529 - INFO - Duplicate subscription attempt: user 'order_user_7' already subscribed to 'SUMMER20'
2026-08-17 17:33:38,548 - INFO - Fetched and sorted 1 active subscriptions for user 'order_user_7'
2026-08-17 17:33:38,585 - INFO - Duplicate subscription attempt: user 'order_user_8' already subscribed to 'SUMMER20'
2026-08-17 17:33:38,603 - INFO - Fetched and sorted 1 active subscriptions for user 'order_user_8'
2026-08-17 17:33:38,637 - INFO - Duplicate subscription attempt: user 'order_user_9' already subscribed to 'SUMMER20'
2026-08-17 17:33:38,654 - INFO - Fetched and sorted 1 active subscriptions for user 'order_user_9'
2026-08-17 17:33:38,693 - INFO - Duplicate subscription attempt: user 'order_user_10' already subscribed to 'SUMMER20'
2026-08-17 17:33:38,712 - INFO - Fetched and sorted 1 active subscriptions for user 'order_user_10'
2026-08-17 17:33:38,751 - INFO - Subscription created for user 'order_user_11' with promo code 'SUMMER20'
2026-08-17 17:33:38,768 - INFO - Fetched and sorted 1 active subscriptions for user 'order_user_11'
2026-08-17 17:33:38,805 - INFO - Subscription created for user 'order_user_12' with promo code 'SUMMER20'
2026-08-17 17:33:38,823 - INFO - Fetched and sorted 1 active subscriptions for user 'order_user_12'
2026-08-17 17:33:38,859 - INFO - Subscription created for user 'order_user_13' with promo code 'SUMMER20'
2026-08-17 17:33:38,876 - INFO - Fetched and sorted 1 active subscriptions for user 'order_user_13'
2026-08-17 17:33:38,914 - INFO - Subscription created for user 'order_user_14' with promo code 'SUMMER20'
2026-08-17 17:33:38,932 - INFO - Fetched and sorted 1 active subscriptions for user 'order_user_14'
2026-08-17 17:33:38,972 - INFO - Subscription created for user 'order_user_15' with promo code 'SUMMER20'
2026-08-17 17:33:38,991 - INFO - Fetched and sorted 1 active subscriptions for user 'order_user_15'
2026-08-17 17:33:39,028 - INFO - Subscription created for user 'order_user_16' with promo code 'SUMMER20'
2026-08-17 17:33:39,045 - INFO - Fetched and sorted 1 active subscriptions for user 'order_user_16'
2026-08-17 17:33:39,082 - INFO - Subscription created for user 'order_user_17' with promo code 'SUMMER20'
2026-08-17 17:33:39,101 - INFO - Fetched and sorted 1 active subscriptions for user 'order_user_17'
2026-08-17 17:33:39,136 - INFO - Subscription created for user 'order_user_18' with promo code 'SUMMER20'
2026-08-17 17:33:39,154 - INFO - Fetched and sorted 1 active subscriptions for user 'order_user_18'
2026-08-17 17:33:39,191 - INFO - Subscription created for user 'order_user_19' with promo code 'SUMMER20'
2026-08-17 17:33:39,209 - INFO - Fetched and sorted 1 active subscriptions for user 'order_user_19'
2026-08-17 17:33:39,252 - INFO - Subscription created for user 'order_user_20' with promo code 'SUMMER20'
2026-08-17 17:33:39,270 - INFO - Fetched and sorted 1 active subscriptions for user 'order_user_20'
2026-08-17 17:33:39,307 - INFO - Subscription created for user 'order_user_21' with promo code 'SUMMER20'
2026-08-17 17:33:39,324 - INFO - Fetched and sorted 1 active subscriptions for user 'order_user_21'
2026-08-17 17:33:39,360 - INFO - Subscription created for user 'order_user_22' with promo code 'SUMMER20'
2026-08-17 17:33:39,377 - INFO - Fetched and sorted 1 active subscriptions for user 'order_user_22'
2026-08-17 17:33:39,416 - INFO - Subscription created for user 'order_user_23' with promo code 'SUMMER20'
2026-08-17 17:33:39,434 - INFO - Fetched and sorted 1 active subscriptions for user 'order_user_23'
2026-08-17 17:33:39,469 - INFO - Subscription created for user 'order_user_24' with promo code 'SUMMER20'
2026-08-17 17:33:39,490 - INFO - Fetched and sorted 1 active subscriptions for user 'order_user_24'
2026-08-17 17:33:39,528 - INFO - Subscription created for user 'order_user_25' with promo code 'SUMMER20'
2026-08-17 17:33:39,547 - INFO - Fetched and sorted 1 active subscriptions for user 'order_user_25'
2026-08-17 17:33:39,585 - INFO - Subscription created for user 'order_user_26' with promo code 'SUMMER20'
2026-08-17 17:33:39,605 - INFO - Fetched and sorted 1 active subscriptions for user 'order_user_26'
2026-08-17 17:33:39,650 - INFO - Subscription created for user 'order_user_27' with promo code 'SUMMER20'
2026-08-17 17:33:39,668 - INFO - Fetched and sorted 1 active subscriptions for user 'order_user_27'
2026-08-17 17:33:39,706 - INFO - Subscription created for user 'order_user_28' with promo code 'SUMMER20'
2026-08-17 17:33:39,725 - INFO - Fetched and sorted 1 active subscriptions for user 'order_user_28'
2026-08-17 17:33:39,767 - INFO - Subscription created for user 'order_user_29' with promo code 'SUMMER20'
2026-08-17 17:33:39,790 - INFO - Fetched and sorted 1 active subscriptions for user 'order_user_29'
2026-08-17 17:33:39,832 - INFO - Subscription created for user 'order_user_30' with promo code 'SUMMER20'
2026-08-17 17:33:39,852 - INFO - Fetched and sorted 1 active subscriptions for user 'order_user_30'
2026-08-17 17:33:39,894 - INFO - Subscription created for user 'order_user_31' with promo code 'SUMMER20'
2026-08-17 17:33:39,912 - INFO - Fetched and sorted 1 active subscriptions for user 'order_user_31'
2026-08-17 17:33:39,953 - INFO - Subscription created for user 'order_user_32' with promo code 'SUMMER20'
2026-08-17 17:33:39,972 - INFO - Fetched and sorted 1 active subscriptions for user 'order_user_32'
2026-08-17 17:33:40,021 - INFO - Subscription created for user 'order_user_33' with promo code 'SUMMER20'
2026-08-17 17:33:40,042 - INFO - Fetched and sorted 1 active subscriptions for user 'order_user_33'
2026-08-17 17:33:40,080 - INFO - Subscription created for user 'order_user_34' with promo code 'SUMMER20'
2026-08-17 17:33:40,100 - INFO - Fetched and sorted 1 active subscriptions for user 'order_user_34'
2026-08-17 17:33:40,139 - INFO - Subscription created for user 'order_user_35' with promo code 'SUMMER20'
2026-08-17 17:33:40,156 - INFO - Fetched and sorted 1 active subscriptions for user 'order_user_35'
2026-08-17 17:33:40,193 - INFO - Subscription created for user 'order_user_36' with promo code 'SUMMER20'
2026-08-17 17:33:40,212 - INFO - Fetched and sorted 1 active subscriptions for user 'order_user_36'
2026-08-17 17:33:40,256 - INFO - Subscription created for user 'order_user_37' with promo code 'SUMMER20'
2026-08-17 17:33:40,274 - INFO - Fetched and sorted 1 active subscriptions for user 'order_user_37'
2026-08-17 17:33:40,334 - INFO - Subscription created for user 'order_user_38' with promo code 'SUMMER20'
2026-08-17 17:33:40,359 - INFO - Fetched and sorted 1 active subscriptions for user 'order_user_38'
2026-08-17 17:33:40,404 - INFO - Subscription created for user 'order_user_39' with promo code 'SUMMER20'
2026-08-17 17:33:40,422 - INFO - Fetched and sorted 1 active subscriptions for user 'order_user_39'
2026-08-17 17:33:40,458 - INFO - Subscription created for user 'order_user_40' with promo code 'SUMMER20'
2026-08-17 17:33:40,476 - INFO - Fetched and sorted 1 active subscriptions for user 'order_user_40'
2026-08-17 17:33:40,515 - INFO - Subscription created for user 'order_user_41' with promo code 'SUMMER20'
2026-08-17 17:33:40,534 - INFO - Fetched and sorted 1 active subscriptions for user 'order_user_41'
2026-08-17 17:33:40,569 - INFO - Subscription created for user 'order_user_42' with promo code 'SUMMER20'
2026-08-17 17:33:40,586 - INFO - Fetched and sorted 1 active subscriptions for user 'order_user_42'
2026-08-17 17:33:40,625 - INFO - Subscription created for user 'order_user_43' with promo code 'SUMMER20'
2026-08-17 17:33:40,645 - INFO - Fetched and sorted 1 active subscriptions for user 'order_user_43'
2026-08-17 17:33:40,684 - INFO - Subscription created for user 'order_user_44' with promo code 'SUMMER20'
2026-08-17 17:33:40,703 - INFO - Fetched and sorted 1 active subscriptions for user 'order_user_44'
2026-08-17 17:33:40,740 - INFO - Subscription created for user 'order_user_45' with promo code 'SUMMER20'
2026-08-17 17:33:40,758 - INFO - Fetched and sorted 1 active subscriptions for user 'order_user_45'
2026-08-17 17:33:40,799 - INFO - Subscription created for user 'order_user_46' with promo code 'SUMMER20'
2026-08-17 17:33:40,816 - INFO - Fetched and sorted 1 active subscriptions for user 'order_user_46'
2026-08-17 17:33:40,851 - INFO - Subscription created for user 'order_user_47' with promo code 'SUMMER20'
2026-08-17 17:33:40,869 - INFO - Fetched and sorted 1 active subscriptions for user 'order_user_47'
2026-08-17 17:33:40,912 - INFO - Subscription created for user 'order_user_48' with promo code 'SUMMER20'
2026-08-17 17:33:40,929 - INFO - Fetched and sorted 1 active subscriptions for user 'order_user_48'
2026-08-17 17:33:40,965 - INFO - Subscription created for user 'order_user_49' with promo code 'SUMMER20'
2026-08-17 17:33:40,982 - INFO - Fetched and sorted 1 active subscriptions for user 'order_user_49'
2026-08-17 17:33:41,021 - INFO - Subscription created for user 'order_user_50' with promo code 'SUMMER20'
2026-08-17 17:33:41,039 - INFO - Fetched and sorted 1 active subscriptions for user 'order_user_50'
2026-08-17 17:33:41,074 - INFO - Subscription created for user 'order_user_51' with promo code 'SUMMER20'
2026-08-17 17:33:41,090 - INFO - Fetched and sorted 1 active subscriptions for user 'order_user_51'
2026-08-17 17:33:41,128 - INFO - Subscription created for user 'order_user_52' with promo code 'SUMMER20'
2026-08-17 17:33:41,146 - INFO - Fetched and sorted 1 active subscriptions for user 'order_user_52'
2026-08-17 17:33:41,181 - INFO - Subscription created for user 'order_user_53' with promo code 'SUMMER20'
2026-08-17 17:33:41,199 - INFO - Fetched and sorted 1 active subscriptions for user 'order_user_53'
2026-08-17 17:33:41,238 - INFO - Subscription created for user 'order_user_54' with promo code 'SUMMER20'
2026-08-17 17:33:41,256 - INFO - Fetched and sorted 1 active subscriptions for user 'order_user_54'
2026-08-17 17:33:41,292 - INFO - Subscription created for user 'order_user_55' with promo code 'SUMMER20'
2026-08-17 17:33:41,310 - INFO - Fetched and sorted 1 active subscriptions for user 'order_user_55'
2026-08-17 17:33:41,346 - INFO - Subscription created for user 'order_user_56' with promo code 'SUMMER20'
2026-08-17 17:33:41,364 - INFO - Fetched and sorted 1 active subscriptions for user 'order_user_56'
2026-08-17 17:33:41,400 - INFO - Subscription created for user 'order_user_57' with promo code 'SUMMER20'
2026-08-17 17:33:41,418 - INFO - Fetched and sorted 1 active subscriptions for user 'order_user_57'
2026-08-17 17:33:41,454 - INFO - Subscription created for user 'order_user_58' with promo code 'SUMMER20'
2026-08-17 17:33:41,473 - INFO - Fetched and sorted 1 active subscriptions for user 'order_user_58'
2026-08-17 17:33:41,510 - INFO - Subscription created for user 'order_user_59' with promo code 'SUMMER20'
2026-08-17 17:33:41,528 - INFO - Fetched and sorted 1 active subscriptions for user 'order_user_59'
2026-08-17 17:33:41,566 - INFO - Subscription created for user 'order_user_60' with promo code 'SUMMER20'
2026-08-17 17:33:41,583 - INFO - Fetched and sorted 1 active subscriptions for user 'order_user_60'
2026-08-17 17:33:41,622 - INFO - Subscription created for user 'order_user_61' with promo code 'SUMMER20'
2026-08-17 17:33:41,640 - INFO - Fetched and sorted 1 active subscriptions for user 'order_user_61'
2026-08-17 17:33:41,675 - INFO - Subscription created for user 'order_user_62' with promo code 'SUMMER20'
2026-08-17 17:33:41,691 - INFO - Fetched and sorted 1 active subscriptions for user 'order_user_62'
2026-08-17 17:33:41,734 - INFO - Subscription created for user 'order_user_63' with promo code 'SUMMER20'
2026-08-17 17:33:41,754 - INFO - Fetched and sorted 1 active subscriptions for user 'order_user_63'
2026-08-17 17:33:41,789 - INFO - Subscription created for user 'order_user_64' with promo code 'SUMMER20'
2026-08-17 17:33:41,808 - INFO - Fetched and sorted 1 active subscriptions for user 'order_user_64'
2026-08-17 17:33:41,843 - INFO - Subscription created for user 'order_user_65' with promo code 'SUMMER20'
2026-08-17 17:33:41,861 - INFO - Fetched and sorted 1 active subscriptions for user 'order_user_65'
2026-08-17 17:33:41,899 - INFO - Subscription created for user 'order_user_66' with promo code 'SUMMER20'
2026-08-17 17:33:41,917 - INFO - Fetched and sorted 1 active subscriptions for user 'order_user_66'
2026-08-17 17:33:41,954 - INFO - Subscription created for user 'order_user_67' with promo code 'SUMMER20'
2026-08-17 17:33:41,970 - INFO - Fetched and sorted 1 active subscriptions for user 'order_user_67'
2026-08-17 17:33:42,010 - INFO - Subscription created for user 'order_user_68' with promo code 'SUMMER20'
2026-08-17 17:33:42,028 - INFO - Fetched and sorted 1 active subscriptions for user 'order_user_68'
2026-08-17 17:33:42,064 - INFO - Subscription created for user 'order_user_69' with promo code 'SUMMER20'
2026-08-17 17:33:42,081 - INFO - Fetched and sorted 1 active subscriptions for user 'order_user_69'
2026-08-17 17:33:42,119 - INFO - Subscription created for user 'order_user_70' with promo code 'SUMMER20'
2026-08-17 17:33:42,136 - INFO - Fetched and sorted 1 active subscriptions for user 'order_user_70'
2026-08-17 17:33:42,172 - INFO - Subscription created for user 'order_user_71' with promo code 'SUMMER20'
2026-08-17 17:33:42,188 - INFO - Fetched and sorted 1 active subscriptions for user 'order_user_71'
2026-08-17 17:33:42,227 - INFO - Subscription created for user 'order_user_72' with promo code 'SUMMER20'
2026-08-17 17:33:42,244 - INFO - Fetched and sorted 1 active subscriptions for user 'order_user_72'
2026-08-17 17:33:42,279 - INFO - Subscription created for user 'order_user_73' with promo code 'SUMMER20'
2026-08-17 17:33:42,297 - INFO - Fetched and sorted 1 active subscriptions for user 'order_user_73'
2026-08-17 17:33:42,334 - INFO - Subscription created for user 'order_user_74' with promo code 'SUMMER20'
2026-08-17 17:33:42,352 - INFO - Fetched and sorted 1 active subscriptions for user 'order_user_74'
2026-08-17 17:33:42,387 - INFO - Subscription created for user 'order_user_75' with promo code 'SUMMER20'
2026-08-17 17:33:42,406 - INFO - Fetched and sorted 1 active subscriptions for user 'order_user_75'
2026-08-17 17:33:42,443 - INFO - Subscription created for user 'order_user_76' with promo code 'SUMMER20'
2026-08-17 17:33:42,460 - INFO - Fetched and sorted 1 active subscriptions for user 'order_user_76'
2026-08-17 17:33:42,497 - INFO - Subscription created for user 'order_user_77' with promo code 'SUMMER20'
2026-08-17 17:33:42,517 - INFO - Fetched and sorted 1 active subscriptions for user 'order_user_77'
2026-08-17 17:33:42,553 - INFO - Subscription created for user 'order_user_78' with promo code 'SUMMER20'
2026-08-17 17:33:42,570 - INFO - Fetched and sorted 1 active subscriptions for user 'order_user_78'
2026-08-17 17:33:42,605 - INFO - Subscription created for user 'order_user_79' with promo code 'SUMMER20'
2026-08-17 17:33:42,623 - INFO - Fetched and sorted 1 active subscriptions for user 'order_user_79'
2026-08-17 17:33:42,659 - INFO - Subscription created for user 'order_user_80' with promo code 'SUMMER20'
2026-08-17 17:33:42,677 - INFO - Fetched and sorted 1 active subscriptions for user 'order_user_80'
2026-08-17 17:33:42,713 - INFO - Subscription created for user 'order_user_81' with promo code 'SUMMER20'
2026-08-17 17:33:42,731 - INFO - Fetched and sorted 1 active subscriptions for user 'order_user_81'
2026-08-17 17:33:42,771 - INFO - Subscription created for user 'order_user_82' with promo code 'SUMMER20'
2026-08-17 17:33:42,788 - INFO - Fetched and sorted 1 active subscriptions for user 'order_user_82'
2026-08-17 17:33:42,825 - INFO - Subscription created for user 'order_user_83' with promo code 'SUMMER20'
2026-08-17 17:33:42,842 - INFO - Fetched and sorted 1 active subscriptions for user 'order_user_83'
2026-08-17 17:33:42,877 - INFO - Subscription created for user 'order_user_84' with promo code 'SUMMER20'
2026-08-17 17:33:42,894 - INFO - Fetched and sorted 1 active subscriptions for user 'order_user_84'
2026-08-17 17:33:42,932 - INFO - Subscription created for user 'order_user_85' with promo code 'SUMMER20'
2026-08-17 17:33:42,949 - INFO - Fetched and sorted 1 active subscriptions for user 'order_user_85'
2026-08-17 17:33:42,986 - INFO - Subscription created for user 'order_user_86' with promo code 'SUMMER20'
2026-08-17 17:33:43,013 - INFO - Fetched and sorted 1 active subscriptions for user 'order_user_86'
2026-08-17 17:33:43,056 - INFO - Subscription created for user 'order_user_87' with promo code 'SUMMER20'
2026-08-17 17:33:43,073 - INFO - Fetched and sorted 1 active subscriptions for user 'order_user_87'
2026-08-17 17:33:43,111 - INFO - Subscription created for user 'order_user_88' with promo code 'SUMMER20'
2026-08-17 17:33:43,131 - INFO - Fetched and sorted 1 active subscriptions for user 'order_user_88'
2026-08-17 17:33:43,183 - INFO - Subscription created for user 'order_user_89' with promo code 'SUMMER20'
2026-08-17 17:33:43,210 - INFO - Fetched and sorted 1 active subscriptions for user 'order_user_89'
2026-08-17 17:33:43,279 - INFO - Subscription created for user 'order_user_90' with promo code 'SUMMER20'
2026-08-17 17:33:43,305 - INFO - Fetched and sorted 1 active subscriptions for user 'order_user_90'
2026-08-17 17:33:43,358 - INFO - Subscription created for user 'order_user_91' with promo code 'SUMMER20'
2026-08-17 17:33:43,385 - INFO - Fetched and sorted 1 active subscriptions for user 'order_user_91'
2026-08-17 17:33:43,436 - INFO - Subscription created for user 'order_user_92' with promo code 'SUMMER20'
2026-08-17 17:33:43,458 - INFO - Fetched and sorted 1 active subscriptions for user 'order_user_92'
2026-08-17 17:33:43,507 - INFO - Subscription created for user 'order_user_93' with promo code 'SUMMER20'
2026-08-17 17:33:43,535 - INFO - Fetched and sorted 1 active subscriptions for user 'order_user_93'
2026-08-17 17:33:43,582 - INFO - Subscription created for user 'order_user_94' with promo code 'SUMMER20'
2026-08-17 17:33:43,605 - INFO - Fetched and sorted 1 active subscriptions for user 'order_user_94'
2026-08-17 17:33:43,654 - INFO - Subscription created for user 'order_user_95' with promo code 'SUMMER20'
2026-08-17 17:33:43,677 - INFO - Fetched and sorted 1 active subscriptions for user 'order_user_95'
2026-08-17 17:33:43,736 - INFO - Subscription created for user 'order_user_96' with promo code 'SUMMER20'
2026-08-17 17:33:43,761 - INFO - Fetched and sorted 1 active subscriptions for user 'order_user_96'
2026-08-17 17:33:43,823 - INFO - Subscription created for user 'order_user_97' with promo code 'SUMMER20'
2026-08-17 17:33:43,848 - INFO - Fetched and sorted 1 active subscriptions for user 'order_user_97'
2026-08-17 17:33:43,901 - INFO - Subscription created for user 'order_user_98' with promo code 'SUMMER20'
2026-08-17 17:33:43,927 - INFO - Fetched and sorted 1 active subscriptions for user 'order_user_98'
2026-08-17 17:33:43,975 - INFO - Subscription created for user 'order_user_99' with promo code 'SUMMER20'
2026-08-17 17:33:44,002 - INFO - Fetched and sorted 1 active subscriptions for user 'order_user_99'
2026-08-17 17:33:44,043 - INFO - Subscription created for user 'order_user_100' with promo code 'SUMMER20'
2026-08-17 17:33:44,060 - INFO - Fetched and sorted 1 active subscriptions for user 'order_user_100'
